学习笔记

## 使用 GCLogAnalysis.java 自己演练一遍串行 / 并行 /CMS/G1 的案例。

### -Xmx512m -Xms512m
##### 串行GC
java -XX:+UseSerialGC   -Xmx512m -Xms512m  -XX:+PrintGCDetails -XX:+PrintGCDateStamps GCLogAnalysis

`
正在执行
2020-10-28T20:25:52.985-0800: [GC (Allocation Failure) 2020-10-28T20:25:52.985-0800: [DefNew: 139776K->17472K(157248K), 0.0203333 secs] 139776K->43124K(506816K), 0.0203710 secs] [Times: user=0.01 sys=0.01, real=0.02 secs] 
2020-10-28T20:25:53.025-0800: [GC (Allocation Failure) 2020-10-28T20:25:53.025-0800: [DefNew: 157248K->17471K(157248K), 0.0309184 secs] 182900K->92133K(506816K), 0.0309515 secs] [Times: user=0.02 sys=0.01, real=0.03 secs] 
2020-10-28T20:25:53.076-0800: [GC (Allocation Failure) 2020-10-28T20:25:53.076-0800: [DefNew: 157247K->17468K(157248K), 0.0243559 secs] 231909K->139172K(506816K), 0.0243951 secs] [Times: user=0.01 sys=0.01, real=0.03 secs] 
2020-10-28T20:25:53.119-0800: [GC (Allocation Failure) 2020-10-28T20:25:53.119-0800: [DefNew: 157244K->17470K(157248K), 0.0216657 secs] 278948K->180457K(506816K), 0.0216985 secs] [Times: user=0.02 sys=0.01, real=0.03 secs] 
2020-10-28T20:25:53.157-0800: [GC (Allocation Failure) 2020-10-28T20:25:53.157-0800: [DefNew: 157230K->17471K(157248K), 0.0247296 secs] 320217K->229303K(506816K), 0.0247630 secs] [Times: user=0.02 sys=0.01, real=0.03 secs] 
2020-10-28T20:25:53.200-0800: [GC (Allocation Failure) 2020-10-28T20:25:53.200-0800: [DefNew: 157247K->17471K(157248K), 0.0224140 secs] 369079K->273300K(506816K), 0.0224480 secs] [Times: user=0.01 sys=0.00, real=0.02 secs] 
2020-10-28T20:25:53.237-0800: [GC (Allocation Failure) 2020-10-28T20:25:53.237-0800: [DefNew: 157247K->17471K(157248K), 0.0235543 secs] 413076K->318825K(506816K), 0.0235854 secs] [Times: user=0.01 sys=0.01, real=0.03 secs] 
2020-10-28T20:25:53.276-0800: [GC (Allocation Failure) 2020-10-28T20:25:53.276-0800: [DefNew: 157247K->157247K(157248K), 0.0000146 secs]2020-10-28T20:25:53.276-0800: [Tenured: 301353K->267544K(349568K), 0.0321602 secs] 458601K->267544K(506816K), [Metaspace: 2719K->2719K(1056768K)], 0.0322190 secs] [Times: user=0.03 sys=0.00, real=0.03 secs] 
2020-10-28T20:25:53.324-0800: [GC (Allocation Failure) 2020-10-28T20:25:53.324-0800: [DefNew: 139776K->17471K(157248K), 0.0066642 secs] 407320K->315352K(506816K), 0.0066968 secs] [Times: user=0.00 sys=0.00, real=0.01 secs] 
2020-10-28T20:25:53.347-0800: [GC (Allocation Failure) 2020-10-28T20:25:53.347-0800: [DefNew: 157247K->17471K(157248K), 0.0232017 secs] 455128K->362141K(506816K), 0.0232350 secs] [Times: user=0.01 sys=0.01, real=0.03 secs] 
2020-10-28T20:25:53.385-0800: [GC (Allocation Failure) 2020-10-28T20:25:53.385-0800: [DefNew: 157247K->157247K(157248K), 0.0000153 secs]2020-10-28T20:25:53.385-0800: [Tenured: 344670K->307418K(349568K), 0.0376668 secs] 501917K->307418K(506816K), [Metaspace: 2719K->2719K(1056768K)], 0.0377298 secs] [Times: user=0.04 sys=0.00, real=0.04 secs] 
2020-10-28T20:25:53.437-0800: [GC (Allocation Failure) 2020-10-28T20:25:53.437-0800: [DefNew: 139655K->139655K(157248K), 0.0000145 secs]2020-10-28T20:25:53.437-0800: [Tenured: 307418K->316241K(349568K), 0.0377709 secs] 447073K->316241K(506816K), [Metaspace: 2720K->2720K(1056768K)], 0.0378281 secs] [Times: user=0.04 sys=0.00, real=0.04 secs] 
2020-10-28T20:25:53.489-0800: [GC (Allocation Failure) 2020-10-28T20:25:53.489-0800: [DefNew: 139776K->139776K(157248K), 0.0000147 secs]2020-10-28T20:25:53.489-0800: [Tenured: 316241K->315162K(349568K), 0.0487862 secs] 456017K->315162K(506816K), [Metaspace: 2720K->2720K(1056768K)], 0.0488452 secs] [Times: user=0.05 sys=0.00, real=0.05 secs] 
2020-10-28T20:25:53.556-0800: [GC (Allocation Failure) 2020-10-28T20:25:53.556-0800: [DefNew: 139776K->139776K(157248K), 0.0000173 secs]2020-10-28T20:25:53.556-0800: [Tenured: 315162K->344391K(349568K), 0.0375613 secs] 454938K->344391K(506816K), [Metaspace: 2720K->2720K(1056768K)], 0.0376268 secs] [Times: user=0.04 sys=0.00, real=0.04 secs] 
2020-10-28T20:25:53.612-0800: [GC (Allocation Failure) 2020-10-28T20:25:53.612-0800: [DefNew: 139776K->139776K(157248K), 0.0000180 secs]2020-10-28T20:25:53.613-0800: [Tenured: 344391K->349557K(349568K), 0.0486809 secs] 484167K->355395K(506816K), [Metaspace: 2720K->2720K(1056768K)], 0.0487454 secs] [Times: user=0.04 sys=0.01, real=0.05 secs] 
2020-10-28T20:25:53.682-0800: [Full GC (Allocation Failure) 2020-10-28T20:25:53.682-0800: [Tenured: 349557K->349452K(349568K), 0.0519993 secs] 506678K->361233K(506816K), [Metaspace: 2720K->2720K(1056768K)], 0.0520356 secs] [Times: user=0.06 sys=0.00, real=0.05 secs] 
2020-10-28T20:25:53.753-0800: [Full GC (Allocation Failure) 2020-10-28T20:25:53.753-0800: [Tenured: 349452K->349376K(349568K), 0.0582954 secs] 506622K->351570K(506816K), [Metaspace: 2720K->2720K(1056768K)], 0.0583398 secs] [Times: user=0.06 sys=0.00, real=0.06 secs] 
2020-10-28T20:25:53.833-0800: [Full GC (Allocation Failure) 2020-10-28T20:25:53.833-0800: [Tenured: 349376K->349420K(349568K), 0.0363102 secs] 506157K->371014K(506816K), [Metaspace: 2720K->2720K(1056768K)], 0.0363480 secs] [Times: user=0.04 sys=0.00, real=0.03 secs] 
2020-10-28T20:25:53.887-0800: [Full GC (Allocation Failure) 2020-10-28T20:25:53.887-0800: [Tenured: 349420K->349324K(349568K), 0.0497709 secs] 506405K->370132K(506816K), [Metaspace: 2720K->2720K(1056768K)], 0.0498076 secs] [Times: user=0.05 sys=0.00, real=0.05 secs] 
执行结束!共生成对象次数:10093
Heap
 def new generation   total 157248K, used 26656K [0x00000007a0000000, 0x00000007aaaa0000, 0x00000007aaaa0000)
  eden space 139776K,  19% used [0x00000007a0000000, 0x00000007a1a08008, 0x00000007a8880000)
  from space 17472K,   0% used [0x00000007a9990000, 0x00000007a9990000, 0x00000007aaaa0000)
  to   space 17472K,   0% used [0x00000007a8880000, 0x00000007a8880000, 0x00000007a9990000)
 tenured generation   total 349568K, used 349324K [0x00000007aaaa0000, 0x00000007c0000000, 0x00000007c0000000)
   the space 349568K,  99% used [0x00000007aaaa0000, 0x00000007bffc3370, 0x00000007bffc3400, 0x00000007c0000000)
 Metaspace       used 2726K, capacity 4486K, committed 4864K, reserved 1056768K
  class space    used 296K, capacity 386K, committed 512K, reserved 1048576K
`

##### 并行GC
java -XX:+UseParallelGC  -Xmx512m -Xms512m  -XX:+PrintGCDetails -XX:+PrintGCDateStamps GCLogAnalysis

`
正在执行
2020-10-28T20:27:00.261-0800: [GC (Allocation Failure) [PSYoungGen: 131584K->21495K(153088K)] 131584K->43788K(502784K), 0.0129354 secs] [Times: user=0.01 sys=0.03, real=0.01 secs] 
2020-10-28T20:27:00.291-0800: [GC (Allocation Failure) [PSYoungGen: 153079K->21496K(153088K)] 175372K->84918K(502784K), 0.0174809 secs] [Times: user=0.02 sys=0.05, real=0.01 secs] 
2020-10-28T20:27:00.324-0800: [GC (Allocation Failure) [PSYoungGen: 153080K->21488K(153088K)] 216502K->129210K(502784K), 0.0149924 secs] [Times: user=0.03 sys=0.03, real=0.01 secs] 
2020-10-28T20:27:00.356-0800: [GC (Allocation Failure) [PSYoungGen: 153072K->21500K(153088K)] 260794K->166917K(502784K), 0.0131037 secs] [Times: user=0.02 sys=0.03, real=0.01 secs] 
2020-10-28T20:27:00.384-0800: [GC (Allocation Failure) [PSYoungGen: 153084K->21502K(153088K)] 298501K->213428K(502784K), 0.0153984 secs] [Times: user=0.03 sys=0.03, real=0.02 secs] 
2020-10-28T20:27:00.418-0800: [GC (Allocation Failure) [PSYoungGen: 153086K->21488K(80384K)] 345012K->254554K(430080K), 0.0144180 secs] [Times: user=0.02 sys=0.03, real=0.02 secs] 
2020-10-28T20:27:00.440-0800: [GC (Allocation Failure) [PSYoungGen: 80368K->37832K(116736K)] 313434K->276659K(466432K), 0.0064153 secs] [Times: user=0.02 sys=0.00, real=0.00 secs] 
2020-10-28T20:27:00.454-0800: [GC (Allocation Failure) [PSYoungGen: 96577K->53087K(116736K)] 335404K->297740K(466432K), 0.0076302 secs] [Times: user=0.02 sys=0.01, real=0.01 secs] 
2020-10-28T20:27:00.469-0800: [GC (Allocation Failure) [PSYoungGen: 111967K->57833K(116736K)] 356620K->316560K(466432K), 0.0107016 secs] [Times: user=0.03 sys=0.01, real=0.02 secs] 
2020-10-28T20:27:00.487-0800: [GC (Allocation Failure) [PSYoungGen: 116570K->45040K(116736K)] 375296K->340106K(466432K), 0.0138853 secs] [Times: user=0.02 sys=0.02, real=0.02 secs] 
2020-10-28T20:27:00.501-0800: [Full GC (Ergonomics) [PSYoungGen: 45040K->0K(116736K)] [ParOldGen: 295066K->243426K(349696K)] 340106K->243426K(466432K), [Metaspace: 2719K->2719K(1056768K)], 0.0350953 secs] [Times: user=0.12 sys=0.00, real=0.03 secs] 
2020-10-28T20:27:00.543-0800: [GC (Allocation Failure) [PSYoungGen: 58776K->24365K(116736K)] 302203K->267792K(466432K), 0.0034870 secs] [Times: user=0.01 sys=0.01, real=0.00 secs] 
2020-10-28T20:27:00.552-0800: [GC (Allocation Failure) [PSYoungGen: 83236K->23553K(116736K)] 326663K->290044K(466432K), 0.0060213 secs] [Times: user=0.02 sys=0.00, real=0.00 secs] 
2020-10-28T20:27:00.565-0800: [GC (Allocation Failure) [PSYoungGen: 82093K->17106K(116736K)] 348584K->306381K(466432K), 0.0061790 secs] [Times: user=0.02 sys=0.00, real=0.01 secs] 
2020-10-28T20:27:00.579-0800: [GC (Allocation Failure) [PSYoungGen: 75940K->20509K(116736K)] 365215K->325432K(466432K), 0.0059022 secs] [Times: user=0.01 sys=0.00, real=0.01 secs] 
2020-10-28T20:27:00.584-0800: [Full GC (Ergonomics) [PSYoungGen: 20509K->0K(116736K)] [ParOldGen: 304922K->266870K(349696K)] 325432K->266870K(466432K), [Metaspace: 2720K->2720K(1056768K)], 0.0338521 secs] [Times: user=0.12 sys=0.00, real=0.03 secs] 
2020-10-28T20:27:00.626-0800: [GC (Allocation Failure) [PSYoungGen: 58661K->18519K(116736K)] 325532K->285390K(466432K), 0.0026932 secs] [Times: user=0.01 sys=0.00, real=0.00 secs] 
2020-10-28T20:27:00.636-0800: [GC (Allocation Failure) [PSYoungGen: 77399K->21308K(116736K)] 344270K->305467K(466432K), 0.0050739 secs] [Times: user=0.02 sys=0.00, real=0.01 secs] 
2020-10-28T20:27:00.648-0800: [GC (Allocation Failure) [PSYoungGen: 80188K->19630K(116736K)] 364347K->323884K(466432K), 0.0056108 secs] [Times: user=0.02 sys=0.00, real=0.01 secs] 
2020-10-28T20:27:00.654-0800: [Full GC (Ergonomics) [PSYoungGen: 19630K->0K(116736K)] [ParOldGen: 304253K->282429K(349696K)] 323884K->282429K(466432K), [Metaspace: 2720K->2720K(1056768K)], 0.0377008 secs] [Times: user=0.12 sys=0.01, real=0.04 secs] 
2020-10-28T20:27:00.699-0800: [GC (Allocation Failure) [PSYoungGen: 58661K->21413K(116736K)] 341090K->303843K(466432K), 0.0036484 secs] [Times: user=0.01 sys=0.00, real=0.01 secs] 
2020-10-28T20:27:00.709-0800: [GC (Allocation Failure) [PSYoungGen: 80104K->20717K(116736K)] 362534K->323012K(466432K), 0.0053085 secs] [Times: user=0.02 sys=0.00, real=0.01 secs] 
2020-10-28T20:27:00.722-0800: [GC (Allocation Failure) [PSYoungGen: 79597K->19574K(116736K)] 381892K->340357K(466432K), 0.0073996 secs] [Times: user=0.01 sys=0.01, real=0.00 secs] 
2020-10-28T20:27:00.729-0800: [Full GC (Ergonomics) [PSYoungGen: 19574K->0K(116736K)] [ParOldGen: 320782K->295246K(349696K)] 340357K->295246K(466432K), [Metaspace: 2720K->2720K(1056768K)], 0.0381608 secs] [Times: user=0.13 sys=0.00, real=0.04 secs] 
2020-10-28T20:27:00.775-0800: [GC (Allocation Failure) [PSYoungGen: 58880K->20464K(116736K)] 354126K->315710K(466432K), 0.0029239 secs] [Times: user=0.01 sys=0.00, real=0.00 secs] 
2020-10-28T20:27:00.785-0800: [GC (Allocation Failure) [PSYoungGen: 79316K->20346K(116736K)] 374563K->334657K(466432K), 0.0058826 secs] [Times: user=0.01 sys=0.00, real=0.01 secs] 
2020-10-28T20:27:00.791-0800: [Full GC (Ergonomics) [PSYoungGen: 20346K->0K(116736K)] [ParOldGen: 314311K->300978K(349696K)] 334657K->300978K(466432K), [Metaspace: 2720K->2720K(1056768K)], 0.0373965 secs] [Times: user=0.13 sys=0.00, real=0.03 secs] 
2020-10-28T20:27:00.836-0800: [GC (Allocation Failure) [PSYoungGen: 58880K->21261K(116736K)] 359858K->322239K(466432K), 0.0029934 secs] [Times: user=0.01 sys=0.00, real=0.00 secs] 
2020-10-28T20:27:00.846-0800: [GC (Allocation Failure) [PSYoungGen: 79620K->16834K(116736K)] 380598K->337106K(466432K), 0.0049576 secs] [Times: user=0.02 sys=0.00, real=0.01 secs] 
2020-10-28T20:27:00.851-0800: [Full GC (Ergonomics) [PSYoungGen: 16834K->0K(116736K)] [ParOldGen: 320272K->307111K(349696K)] 337106K->307111K(466432K), [Metaspace: 2720K->2720K(1056768K)], 0.0361940 secs] [Times: user=0.12 sys=0.00, real=0.03 secs] 
2020-10-28T20:27:00.895-0800: [GC (Allocation Failure) [PSYoungGen: 58880K->17025K(116736K)] 365991K->324136K(466432K), 0.0026308 secs] [Times: user=0.01 sys=0.00, real=0.00 secs] 
2020-10-28T20:27:00.905-0800: [GC (Allocation Failure) [PSYoungGen: 75905K->19153K(116736K)] 383016K->342059K(466432K), 0.0053449 secs] [Times: user=0.02 sys=0.00, real=0.01 secs] 
2020-10-28T20:27:00.910-0800: [Full GC (Ergonomics) [PSYoungGen: 19153K->0K(116736K)] [ParOldGen: 322906K->314455K(349696K)] 342059K->314455K(466432K), [Metaspace: 2720K->2720K(1056768K)], 0.0387541 secs] [Times: user=0.14 sys=0.00, real=0.03 secs] 
2020-10-28T20:27:00.958-0800: [GC (Allocation Failure) [PSYoungGen: 58874K->16534K(116736K)] 373329K->330989K(466432K), 0.0025457 secs] [Times: user=0.01 sys=0.00, real=0.01 secs] 
2020-10-28T20:27:00.967-0800: [GC (Allocation Failure) [PSYoungGen: 75353K->22687K(116736K)] 389808K->352125K(466432K), 0.0059701 secs] [Times: user=0.02 sys=0.01, real=0.01 secs] 
2020-10-28T20:27:00.973-0800: [Full GC (Ergonomics) [PSYoungGen: 22687K->0K(116736K)] [ParOldGen: 329438K->317479K(349696K)] 352125K->317479K(466432K), [Metaspace: 2720K->2720K(1056768K)], 0.0398098 secs] [Times: user=0.14 sys=0.00, real=0.04 secs] 
2020-10-28T20:27:01.021-0800: [GC (Allocation Failure) [PSYoungGen: 58848K->19403K(116736K)] 376328K->336882K(466432K), 0.0028221 secs] [Times: user=0.01 sys=0.00, real=0.00 secs] 
2020-10-28T20:27:01.030-0800: [GC (Allocation Failure) [PSYoungGen: 78281K->41745K(114688K)] 395761K->359225K(464384K), 0.0057376 secs] [Times: user=0.02 sys=0.00, real=0.00 secs] 
2020-10-28T20:27:01.043-0800: [GC (Allocation Failure) [PSYoungGen: 100625K->42255K(116736K)] 418105K->376614K(466432K), 0.0085552 secs] [Times: user=0.02 sys=0.00, real=0.01 secs] 
2020-10-28T20:27:01.052-0800: [Full GC (Ergonomics) [PSYoungGen: 42255K->0K(116736K)] [ParOldGen: 334358K->321983K(349696K)] 376614K->321983K(466432K), [Metaspace: 2720K->2720K(1056768K)], 0.0410112 secs] [Times: user=0.14 sys=0.00, real=0.04 secs] 
2020-10-28T20:27:01.100-0800: [GC (Allocation Failure) [PSYoungGen: 58733K->21285K(116736K)] 380717K->343269K(466432K), 0.0043501 secs] [Times: user=0.01 sys=0.00, real=0.00 secs] 
2020-10-28T20:27:01.112-0800: [GC (Allocation Failure) [PSYoungGen: 80149K->21179K(116736K)] 402133K->363296K(466432K), 0.0067657 secs] [Times: user=0.02 sys=0.01, real=0.00 secs] 
2020-10-28T20:27:01.119-0800: [Full GC (Ergonomics) [PSYoungGen: 21179K->0K(116736K)] [ParOldGen: 342116K->325055K(349696K)] 363296K->325055K(466432K), [Metaspace: 2720K->2720K(1056768K)], 0.0409415 secs] [Times: user=0.14 sys=0.00, real=0.05 secs] 
2020-10-28T20:27:01.168-0800: [Full GC (Ergonomics) [PSYoungGen: 58317K->0K(116736K)] [ParOldGen: 325055K->325622K(349696K)] 383373K->325622K(466432K), [Metaspace: 2720K->2720K(1056768K)], 0.0402591 secs] [Times: user=0.14 sys=0.00, real=0.04 secs] 
执行结束!共生成对象次数:9201
Heap
 PSYoungGen      total 116736K, used 3129K [0x00000007b5580000, 0x00000007c0000000, 0x00000007c0000000)
  eden space 58880K, 5% used [0x00000007b5580000,0x00000007b588e5e0,0x00000007b8f00000)
  from space 57856K, 0% used [0x00000007b8f00000,0x00000007b8f00000,0x00000007bc780000)
  to   space 57344K, 0% used [0x00000007bc800000,0x00000007bc800000,0x00000007c0000000)
 ParOldGen       total 349696K, used 325622K [0x00000007a0000000, 0x00000007b5580000, 0x00000007b5580000)
  object space 349696K, 93% used [0x00000007a0000000,0x00000007b3dfdbd0,0x00000007b5580000)
 Metaspace       used 2726K, capacity 4486K, committed 4864K, reserved 1056768K
  class space    used 296K, capacity 386K, committed 512K, reserved 1048576K
`

##### CMS GC
java -XX:+UseConcMarkSweepGC  -Xmx512m -Xms512m  -XX:+PrintGCDetails -XX:+PrintGCDateStamps GCLogAnalysis

`
正在执行
2020-10-28T20:27:25.929-0800: [GC (Allocation Failure) 2020-10-28T20:27:25.929-0800: [ParNew: 139738K->17471K(157248K), 0.0132363 secs] 139738K->48631K(506816K), 0.0133206 secs] [Times: user=0.02 sys=0.03, real=0.02 secs] 
2020-10-28T20:27:25.960-0800: [GC (Allocation Failure) 2020-10-28T20:27:25.960-0800: [ParNew: 157247K->17470K(157248K), 0.0159315 secs] 188407K->98024K(506816K), 0.0159654 secs] [Times: user=0.02 sys=0.04, real=0.01 secs] 
2020-10-28T20:27:25.992-0800: [GC (Allocation Failure) 2020-10-28T20:27:25.992-0800: [ParNew: 157246K->17472K(157248K), 0.0204864 secs] 237800K->140979K(506816K), 0.0205220 secs] [Times: user=0.07 sys=0.01, real=0.02 secs] 
2020-10-28T20:27:26.029-0800: [GC (Allocation Failure) 2020-10-28T20:27:26.029-0800: [ParNew: 157248K->17472K(157248K), 0.0218516 secs] 280755K->188602K(506816K), 0.0218861 secs] [Times: user=0.08 sys=0.01, real=0.03 secs] 
2020-10-28T20:27:26.068-0800: [GC (Allocation Failure) 2020-10-28T20:27:26.068-0800: [ParNew: 156833K->17472K(157248K), 0.0183944 secs] 327963K->226818K(506816K), 0.0184294 secs] [Times: user=0.06 sys=0.00, real=0.02 secs] 
2020-10-28T20:27:26.086-0800: [GC (CMS Initial Mark) [1 CMS-initial-mark: 209346K(349568K)] 227531K(506816K), 0.0001432 secs] [Times: user=0.00 sys=0.00, real=0.00 secs] 
2020-10-28T20:27:26.087-0800: [CMS-concurrent-mark-start]
2020-10-28T20:27:26.091-0800: [CMS-concurrent-mark: 0.004/0.004 secs] [Times: user=0.00 sys=0.01, real=0.01 secs] 
2020-10-28T20:27:26.091-0800: [CMS-concurrent-preclean-start]
2020-10-28T20:27:26.091-0800: [CMS-concurrent-preclean: 0.001/0.001 secs] [Times: user=0.00 sys=0.00, real=0.00 secs] 
2020-10-28T20:27:26.091-0800: [CMS-concurrent-abortable-preclean-start]
2020-10-28T20:27:26.103-0800: [GC (Allocation Failure) 2020-10-28T20:27:26.103-0800: [ParNew: 157248K->17472K(157248K), 0.0211361 secs] 366594K->271552K(506816K), 0.0211703 secs] [Times: user=0.07 sys=0.01, real=0.02 secs] 
2020-10-28T20:27:26.141-0800: [GC (Allocation Failure) 2020-10-28T20:27:26.141-0800: [ParNew: 157248K->17471K(157248K), 0.0192863 secs] 411328K->311602K(506816K), 0.0193204 secs] [Times: user=0.05 sys=0.01, real=0.02 secs] 
2020-10-28T20:27:26.177-0800: [GC (Allocation Failure) 2020-10-28T20:27:26.177-0800: [ParNew: 157200K->17470K(157248K), 0.0237720 secs] 451330K->358176K(506816K), 0.0238047 secs] [Times: user=0.06 sys=0.01, real=0.03 secs] 
2020-10-28T20:27:26.201-0800: [CMS-concurrent-abortable-preclean: 0.003/0.110 secs] [Times: user=0.24 sys=0.03, real=0.11 secs] 
2020-10-28T20:27:26.201-0800: [GC (CMS Final Remark) [YG occupancy: 18156 K (157248 K)]2020-10-28T20:27:26.201-0800: [Rescan (parallel) , 0.0003080 secs]2020-10-28T20:27:26.201-0800: [weak refs processing, 0.0000135 secs]2020-10-28T20:27:26.201-0800: [class unloading, 0.0002541 secs]2020-10-28T20:27:26.201-0800: [scrub symbol table, 0.0003191 secs]2020-10-28T20:27:26.202-0800: [scrub string table, 0.0001868 secs][1 CMS-remark: 340705K(349568K)] 358861K(506816K), 0.0011330 secs] [Times: user=0.00 sys=0.00, real=0.00 secs] 
2020-10-28T20:27:26.202-0800: [CMS-concurrent-sweep-start]
2020-10-28T20:27:26.203-0800: [CMS-concurrent-sweep: 0.001/0.001 secs] [Times: user=0.00 sys=0.00, real=0.00 secs] 
2020-10-28T20:27:26.203-0800: [CMS-concurrent-reset-start]
2020-10-28T20:27:26.203-0800: [CMS-concurrent-reset: 0.000/0.000 secs] [Times: user=0.00 sys=0.00, real=0.00 secs] 
2020-10-28T20:27:26.220-0800: [GC (Allocation Failure) 2020-10-28T20:27:26.220-0800: [ParNew: 157148K->17468K(157248K), 0.0091688 secs] 453870K->356722K(506816K), 0.0092007 secs] [Times: user=0.03 sys=0.00, real=0.00 secs] 
2020-10-28T20:27:26.229-0800: [GC (CMS Initial Mark) [1 CMS-initial-mark: 339254K(349568K)] 356981K(506816K), 0.0001453 secs] [Times: user=0.00 sys=0.00, real=0.00 secs] 
2020-10-28T20:27:26.229-0800: [CMS-concurrent-mark-start]
2020-10-28T20:27:26.231-0800: [CMS-concurrent-mark: 0.002/0.002 secs] [Times: user=0.00 sys=0.00, real=0.01 secs] 
2020-10-28T20:27:26.231-0800: [CMS-concurrent-preclean-start]
2020-10-28T20:27:26.232-0800: [CMS-concurrent-preclean: 0.001/0.001 secs] [Times: user=0.00 sys=0.00, real=0.00 secs] 
2020-10-28T20:27:26.232-0800: [CMS-concurrent-abortable-preclean-start]
2020-10-28T20:27:26.232-0800: [CMS-concurrent-abortable-preclean: 0.000/0.000 secs] [Times: user=0.00 sys=0.00, real=0.00 secs] 
2020-10-28T20:27:26.232-0800: [GC (CMS Final Remark) [YG occupancy: 43176 K (157248 K)]2020-10-28T20:27:26.232-0800: [Rescan (parallel) , 0.0005114 secs]2020-10-28T20:27:26.233-0800: [weak refs processing, 0.0000083 secs]2020-10-28T20:27:26.233-0800: [class unloading, 0.0001802 secs]2020-10-28T20:27:26.233-0800: [scrub symbol table, 0.0002436 secs]2020-10-28T20:27:26.233-0800: [scrub string table, 0.0001506 secs][1 CMS-remark: 339254K(349568K)] 382430K(506816K), 0.0011323 secs] [Times: user=0.01 sys=0.00, real=0.00 secs] 
2020-10-28T20:27:26.233-0800: [CMS-concurrent-sweep-start]
2020-10-28T20:27:26.234-0800: [CMS-concurrent-sweep: 0.001/0.001 secs] [Times: user=0.00 sys=0.00, real=0.00 secs] 
2020-10-28T20:27:26.234-0800: [CMS-concurrent-reset-start]
2020-10-28T20:27:26.234-0800: [CMS-concurrent-reset: 0.000/0.000 secs] [Times: user=0.00 sys=0.00, real=0.00 secs] 
2020-10-28T20:27:26.246-0800: [GC (Allocation Failure) 2020-10-28T20:27:26.246-0800: [ParNew: 157244K->17471K(157248K), 0.0082749 secs] 397349K->297259K(506816K), 0.0083087 secs] [Times: user=0.03 sys=0.00, real=0.01 secs] 
2020-10-28T20:27:26.255-0800: [GC (CMS Initial Mark) [1 CMS-initial-mark: 279788K(349568K)] 297960K(506816K), 0.0001142 secs] [Times: user=0.00 sys=0.00, real=0.00 secs] 
2020-10-28T20:27:26.255-0800: [CMS-concurrent-mark-start]
2020-10-28T20:27:26.257-0800: [CMS-concurrent-mark: 0.002/0.002 secs] [Times: user=0.00 sys=0.00, real=0.00 secs] 
2020-10-28T20:27:26.257-0800: [CMS-concurrent-preclean-start]
2020-10-28T20:27:26.257-0800: [CMS-concurrent-preclean: 0.001/0.001 secs] [Times: user=0.01 sys=0.00, real=0.00 secs] 
2020-10-28T20:27:26.257-0800: [CMS-concurrent-abortable-preclean-start]
2020-10-28T20:27:26.270-0800: [GC (Allocation Failure) 2020-10-28T20:27:26.270-0800: [ParNew: 157247K->17470K(157248K), 0.0085164 secs] 437035K->339217K(506816K), 0.0085527 secs] [Times: user=0.03 sys=0.00, real=0.00 secs] 
2020-10-28T20:27:26.296-0800: [GC (Allocation Failure) 2020-10-28T20:27:26.296-0800: [ParNew: 157246K->157246K(157248K), 0.0000175 secs]2020-10-28T20:27:26.296-0800: [CMS2020-10-28T20:27:26.296-0800: [CMS-concurrent-abortable-preclean: 0.002/0.039 secs] [Times: user=0.06 sys=0.00, real=0.04 secs] 
 (concurrent mode failure): 321747K->290332K(349568K), 0.0376902 secs] 478993K->290332K(506816K), [Metaspace: 2720K->2720K(1056768K)], 0.0377554 secs] [Times: user=0.04 sys=0.00, real=0.04 secs] 
2020-10-28T20:27:26.348-0800: [GC (Allocation Failure) 2020-10-28T20:27:26.348-0800: [ParNew: 139776K->17471K(157248K), 0.0058957 secs] 430108K->333217K(506816K), 0.0059310 secs] [Times: user=0.02 sys=0.00, real=0.01 secs] 
2020-10-28T20:27:26.354-0800: [GC (CMS Initial Mark) [1 CMS-initial-mark: 315745K(349568K)] 333457K(506816K), 0.0001556 secs] [Times: user=0.00 sys=0.00, real=0.00 secs] 
2020-10-28T20:27:26.355-0800: [CMS-concurrent-mark-start]
2020-10-28T20:27:26.357-0800: [CMS-concurrent-mark: 0.002/0.002 secs] [Times: user=0.01 sys=0.00, real=0.00 secs] 
2020-10-28T20:27:26.357-0800: [CMS-concurrent-preclean-start]
2020-10-28T20:27:26.357-0800: [CMS-concurrent-preclean: 0.001/0.001 secs] [Times: user=0.00 sys=0.00, real=0.00 secs] 
2020-10-28T20:27:26.357-0800: [CMS-concurrent-abortable-preclean-start]
2020-10-28T20:27:26.370-0800: [GC (Allocation Failure) 2020-10-28T20:27:26.370-0800: [ParNew (promotion failed): 157247K->157247K(157248K), 0.0098313 secs]2020-10-28T20:27:26.380-0800: [CMS2020-10-28T20:27:26.380-0800: [CMS-concurrent-abortable-preclean: 0.001/0.022 secs] [Times: user=0.05 sys=0.00, real=0.03 secs] 
 (concurrent mode failure): 349334K->315749K(349568K), 0.0411667 secs] 472993K->315749K(506816K), [Metaspace: 2720K->2720K(1056768K)], 0.0510423 secs] [Times: user=0.08 sys=0.00, real=0.05 secs] 
2020-10-28T20:27:26.436-0800: [GC (Allocation Failure) 2020-10-28T20:27:26.436-0800: [ParNew: 139776K->139776K(157248K), 0.0000172 secs]2020-10-28T20:27:26.436-0800: [CMS: 315749K->330175K(349568K), 0.0412492 secs] 455525K->330175K(506816K), [Metaspace: 2720K->2720K(1056768K)], 0.0413155 secs] [Times: user=0.04 sys=0.00, real=0.04 secs] 
2020-10-28T20:27:26.478-0800: [GC (CMS Initial Mark) [1 CMS-initial-mark: 330175K(349568K)] 330677K(506816K), 0.0001463 secs] [Times: user=0.00 sys=0.00, real=0.00 secs] 
2020-10-28T20:27:26.478-0800: [CMS-concurrent-mark-start]
2020-10-28T20:27:26.480-0800: [CMS-concurrent-mark: 0.002/0.002 secs] [Times: user=0.01 sys=0.00, real=0.01 secs] 
2020-10-28T20:27:26.480-0800: [CMS-concurrent-preclean-start]
2020-10-28T20:27:26.481-0800: [CMS-concurrent-preclean: 0.001/0.001 secs] [Times: user=0.00 sys=0.00, real=0.00 secs] 
2020-10-28T20:27:26.481-0800: [CMS-concurrent-abortable-preclean-start]
2020-10-28T20:27:26.481-0800: [CMS-concurrent-abortable-preclean: 0.000/0.000 secs] [Times: user=0.00 sys=0.00, real=0.00 secs] 
2020-10-28T20:27:26.481-0800: [GC (CMS Final Remark) [YG occupancy: 23731 K (157248 K)]2020-10-28T20:27:26.481-0800: [Rescan (parallel) , 0.0003131 secs]2020-10-28T20:27:26.481-0800: [weak refs processing, 0.0000108 secs]2020-10-28T20:27:26.481-0800: [class unloading, 0.0001798 secs]2020-10-28T20:27:26.481-0800: [scrub symbol table, 0.0002415 secs]2020-10-28T20:27:26.482-0800: [scrub string table, 0.0001509 secs][1 CMS-remark: 330175K(349568K)] 353907K(506816K), 0.0009361 secs] [Times: user=0.00 sys=0.00, real=0.00 secs] 
2020-10-28T20:27:26.482-0800: [CMS-concurrent-sweep-start]
2020-10-28T20:27:26.482-0800: [CMS-concurrent-sweep: 0.000/0.000 secs] [Times: user=0.00 sys=0.00, real=0.00 secs] 
2020-10-28T20:27:26.482-0800: [CMS-concurrent-reset-start]
2020-10-28T20:27:26.483-0800: [CMS-concurrent-reset: 0.000/0.000 secs] [Times: user=0.00 sys=0.00, real=0.00 secs] 
2020-10-28T20:27:26.494-0800: [GC (Allocation Failure) 2020-10-28T20:27:26.494-0800: [ParNew: 139776K->139776K(157248K), 0.0000175 secs]2020-10-28T20:27:26.494-0800: [CMS: 329815K->339190K(349568K), 0.0427854 secs] 469591K->339190K(506816K), [Metaspace: 2720K->2720K(1056768K)], 0.0428526 secs] [Times: user=0.05 sys=0.00, real=0.04 secs] 
2020-10-28T20:27:26.537-0800: [GC (CMS Initial Mark) [1 CMS-initial-mark: 339190K(349568K)] 339478K(506816K), 0.0001506 secs] [Times: user=0.00 sys=0.00, real=0.00 secs] 
2020-10-28T20:27:26.538-0800: [CMS-concurrent-mark-start]
2020-10-28T20:27:26.540-0800: [CMS-concurrent-mark: 0.002/0.002 secs] [Times: user=0.00 sys=0.00, real=0.01 secs] 
2020-10-28T20:27:26.540-0800: [CMS-concurrent-preclean-start]
2020-10-28T20:27:26.540-0800: [CMS-concurrent-preclean: 0.001/0.001 secs] [Times: user=0.00 sys=0.00, real=0.00 secs] 
2020-10-28T20:27:26.540-0800: [CMS-concurrent-abortable-preclean-start]
2020-10-28T20:27:26.540-0800: [CMS-concurrent-abortable-preclean: 0.000/0.000 secs] [Times: user=0.00 sys=0.00, real=0.00 secs] 
2020-10-28T20:27:26.540-0800: [GC (CMS Final Remark) [YG occupancy: 26516 K (157248 K)]2020-10-28T20:27:26.541-0800: [Rescan (parallel) , 0.0002738 secs]2020-10-28T20:27:26.541-0800: [weak refs processing, 0.0000106 secs]2020-10-28T20:27:26.541-0800: [class unloading, 0.0001857 secs]2020-10-28T20:27:26.541-0800: [scrub symbol table, 0.0002470 secs]2020-10-28T20:27:26.541-0800: [scrub string table, 0.0001499 secs][1 CMS-remark: 339190K(349568K)] 365707K(506816K), 0.0009127 secs] [Times: user=0.00 sys=0.00, real=0.00 secs] 
2020-10-28T20:27:26.541-0800: [CMS-concurrent-sweep-start]
2020-10-28T20:27:26.542-0800: [CMS-concurrent-sweep: 0.000/0.000 secs] [Times: user=0.00 sys=0.00, real=0.00 secs] 
2020-10-28T20:27:26.542-0800: [CMS-concurrent-reset-start]
2020-10-28T20:27:26.542-0800: [CMS-concurrent-reset: 0.000/0.000 secs] [Times: user=0.01 sys=0.00, real=0.00 secs] 
2020-10-28T20:27:26.555-0800: [GC (Allocation Failure) 2020-10-28T20:27:26.555-0800: [ParNew: 139776K->139776K(157248K), 0.0000174 secs]2020-10-28T20:27:26.555-0800: [CMS: 339046K->342418K(349568K), 0.0441859 secs] 478822K->342418K(506816K), [Metaspace: 2720K->2720K(1056768K)], 0.0442490 secs] [Times: user=0.04 sys=0.00, real=0.04 secs] 
2020-10-28T20:27:26.600-0800: [GC (CMS Initial Mark) [1 CMS-initial-mark: 342418K(349568K)] 342565K(506816K), 0.0001057 secs] [Times: user=0.00 sys=0.00, real=0.00 secs] 
2020-10-28T20:27:26.600-0800: [CMS-concurrent-mark-start]
2020-10-28T20:27:26.602-0800: [CMS-concurrent-mark: 0.002/0.002 secs] [Times: user=0.01 sys=0.00, real=0.00 secs] 
2020-10-28T20:27:26.602-0800: [CMS-concurrent-preclean-start]
2020-10-28T20:27:26.603-0800: [CMS-concurrent-preclean: 0.001/0.001 secs] [Times: user=0.00 sys=0.00, real=0.00 secs] 
2020-10-28T20:27:26.603-0800: [CMS-concurrent-abortable-preclean-start]
2020-10-28T20:27:26.603-0800: [CMS-concurrent-abortable-preclean: 0.000/0.000 secs] [Times: user=0.00 sys=0.00, real=0.00 secs] 
2020-10-28T20:27:26.603-0800: [GC (CMS Final Remark) [YG occupancy: 28399 K (157248 K)]2020-10-28T20:27:26.603-0800: [Rescan (parallel) , 0.0002821 secs]2020-10-28T20:27:26.603-0800: [weak refs processing, 0.0000108 secs]2020-10-28T20:27:26.603-0800: [class unloading, 0.0001806 secs]2020-10-28T20:27:26.603-0800: [scrub symbol table, 0.0002444 secs]2020-10-28T20:27:26.603-0800: [scrub string table, 0.0001493 secs][1 CMS-remark: 342418K(349568K)] 370818K(506816K), 0.0009085 secs] [Times: user=0.00 sys=0.00, real=0.00 secs] 
2020-10-28T20:27:26.604-0800: [CMS-concurrent-sweep-start]
2020-10-28T20:27:26.604-0800: [CMS-concurrent-sweep: 0.001/0.001 secs] [Times: user=0.00 sys=0.00, real=0.00 secs] 
2020-10-28T20:27:26.604-0800: [CMS-concurrent-reset-start]
2020-10-28T20:27:26.605-0800: [CMS-concurrent-reset: 0.000/0.000 secs] [Times: user=0.00 sys=0.00, real=0.00 secs] 
2020-10-28T20:27:26.616-0800: [GC (Allocation Failure) 2020-10-28T20:27:26.616-0800: [ParNew: 139776K->139776K(157248K), 0.0000177 secs]2020-10-28T20:27:26.616-0800: [CMS: 341767K->344350K(349568K), 0.0436336 secs] 481543K->344350K(506816K), [Metaspace: 2720K->2720K(1056768K)], 0.0436961 secs] [Times: user=0.05 sys=0.00, real=0.05 secs] 
2020-10-28T20:27:26.660-0800: [GC (CMS Initial Mark) [1 CMS-initial-mark: 344350K(349568K)] 345049K(506816K), 0.0001046 secs] [Times: user=0.00 sys=0.00, real=0.00 secs] 
2020-10-28T20:27:26.660-0800: [CMS-concurrent-mark-start]
2020-10-28T20:27:26.662-0800: [CMS-concurrent-mark: 0.002/0.002 secs] [Times: user=0.00 sys=0.00, real=0.00 secs] 
2020-10-28T20:27:26.662-0800: [CMS-concurrent-preclean-start]
2020-10-28T20:27:26.663-0800: [CMS-concurrent-preclean: 0.001/0.001 secs] [Times: user=0.00 sys=0.00, real=0.00 secs] 
2020-10-28T20:27:26.663-0800: [CMS-concurrent-abortable-preclean-start]
2020-10-28T20:27:26.663-0800: [CMS-concurrent-abortable-preclean: 0.000/0.000 secs] [Times: user=0.00 sys=0.00, real=0.00 secs] 
2020-10-28T20:27:26.663-0800: [GC (CMS Final Remark) [YG occupancy: 24573 K (157248 K)]2020-10-28T20:27:26.663-0800: [Rescan (parallel) , 0.0006315 secs]2020-10-28T20:27:26.663-0800: [weak refs processing, 0.0000105 secs]2020-10-28T20:27:26.663-0800: [class unloading, 0.0001786 secs]2020-10-28T20:27:26.664-0800: [scrub symbol table, 0.0002422 secs]2020-10-28T20:27:26.664-0800: [scrub string table, 0.0001487 secs][1 CMS-remark: 344350K(349568K)] 368923K(506816K), 0.0012557 secs] [Times: user=0.01 sys=0.00, real=0.00 secs] 
2020-10-28T20:27:26.664-0800: [CMS-concurrent-sweep-start]
2020-10-28T20:27:26.665-0800: [CMS-concurrent-sweep: 0.000/0.000 secs] [Times: user=0.00 sys=0.00, real=0.00 secs] 
2020-10-28T20:27:26.665-0800: [CMS-concurrent-reset-start]
2020-10-28T20:27:26.665-0800: [CMS-concurrent-reset: 0.000/0.000 secs] [Times: user=0.00 sys=0.00, real=0.00 secs] 
2020-10-28T20:27:26.677-0800: [GC (Allocation Failure) 2020-10-28T20:27:26.677-0800: [ParNew: 139776K->139776K(157248K), 0.0000172 secs]2020-10-28T20:27:26.677-0800: [CMS: 344185K->349463K(349568K), 0.0440694 secs] 483961K->349463K(506816K), [Metaspace: 2720K->2720K(1056768K)], 0.0441348 secs] [Times: user=0.04 sys=0.00, real=0.05 secs] 
2020-10-28T20:27:26.722-0800: [GC (CMS Initial Mark) [1 CMS-initial-mark: 349463K(349568K)] 349640K(506816K), 0.0001166 secs] [Times: user=0.00 sys=0.00, real=0.00 secs] 
2020-10-28T20:27:26.722-0800: [CMS-concurrent-mark-start]
2020-10-28T20:27:26.724-0800: [CMS-concurrent-mark: 0.002/0.002 secs] [Times: user=0.01 sys=0.00, real=0.00 secs] 
2020-10-28T20:27:26.724-0800: [CMS-concurrent-preclean-start]
2020-10-28T20:27:26.725-0800: [CMS-concurrent-preclean: 0.001/0.001 secs] [Times: user=0.00 sys=0.00, real=0.00 secs] 
2020-10-28T20:27:26.725-0800: [CMS-concurrent-abortable-preclean-start]
2020-10-28T20:27:26.725-0800: [CMS-concurrent-abortable-preclean: 0.000/0.000 secs] [Times: user=0.00 sys=0.00, real=0.00 secs] 
2020-10-28T20:27:26.725-0800: [GC (CMS Final Remark) [YG occupancy: 29986 K (157248 K)]2020-10-28T20:27:26.725-0800: [Rescan (parallel) , 0.0002603 secs]2020-10-28T20:27:26.725-0800: [weak refs processing, 0.0000085 secs]2020-10-28T20:27:26.725-0800: [class unloading, 0.0001855 secs]2020-10-28T20:27:26.725-0800: [scrub symbol table, 0.0002445 secs]2020-10-28T20:27:26.725-0800: [scrub string table, 0.0001504 secs][1 CMS-remark: 349463K(349568K)] 379449K(506816K), 0.0008859 secs] [Times: user=0.00 sys=0.00, real=0.00 secs] 
2020-10-28T20:27:26.726-0800: [CMS-concurrent-sweep-start]
2020-10-28T20:27:26.726-0800: [CMS-concurrent-sweep: 0.001/0.001 secs] [Times: user=0.00 sys=0.00, real=0.00 secs] 
2020-10-28T20:27:26.726-0800: [CMS-concurrent-reset-start]
2020-10-28T20:27:26.726-0800: [CMS-concurrent-reset: 0.000/0.000 secs] [Times: user=0.00 sys=0.00, real=0.00 secs] 
2020-10-28T20:27:26.738-0800: [GC (Allocation Failure) 2020-10-28T20:27:26.738-0800: [ParNew: 139776K->139776K(157248K), 0.0000176 secs]2020-10-28T20:27:26.738-0800: [CMS: 348680K->349484K(349568K), 0.0458075 secs] 488456K->356091K(506816K), [Metaspace: 2720K->2720K(1056768K)], 0.0458721 secs] [Times: user=0.05 sys=0.00, real=0.05 secs] 
2020-10-28T20:27:26.784-0800: [GC (CMS Initial Mark) [1 CMS-initial-mark: 349484K(349568K)] 356379K(506816K), 0.0001428 secs] [Times: user=0.00 sys=0.00, real=0.00 secs] 
2020-10-28T20:27:26.785-0800: [CMS-concurrent-mark-start]
2020-10-28T20:27:26.787-0800: [CMS-concurrent-mark: 0.002/0.002 secs] [Times: user=0.00 sys=0.00, real=0.00 secs] 
2020-10-28T20:27:26.787-0800: [CMS-concurrent-preclean-start]
2020-10-28T20:27:26.788-0800: [CMS-concurrent-preclean: 0.001/0.001 secs] [Times: user=0.01 sys=0.00, real=0.00 secs] 
2020-10-28T20:27:26.788-0800: [CMS-concurrent-abortable-preclean-start]
2020-10-28T20:27:26.788-0800: [CMS-concurrent-abortable-preclean: 0.000/0.000 secs] [Times: user=0.00 sys=0.00, real=0.00 secs] 
2020-10-28T20:27:26.788-0800: [GC (CMS Final Remark) [YG occupancy: 41566 K (157248 K)]2020-10-28T20:27:26.788-0800: [Rescan (parallel) , 0.0002840 secs]2020-10-28T20:27:26.789-0800: [weak refs processing, 0.0000090 secs]2020-10-28T20:27:26.789-0800: [class unloading, 0.0002049 secs]2020-10-28T20:27:26.789-0800: [scrub symbol table, 0.0002753 secs]2020-10-28T20:27:26.789-0800: [scrub string table, 0.0001510 secs][1 CMS-remark: 349484K(349568K)] 391050K(506816K), 0.0009691 secs] [Times: user=0.00 sys=0.00, real=0.00 secs] 
2020-10-28T20:27:26.789-0800: [CMS-concurrent-sweep-start]
2020-10-28T20:27:26.790-0800: [CMS-concurrent-sweep: 0.001/0.001 secs] [Times: user=0.00 sys=0.00, real=0.01 secs] 
2020-10-28T20:27:26.790-0800: [CMS-concurrent-reset-start]
2020-10-28T20:27:26.790-0800: [CMS-concurrent-reset: 0.000/0.000 secs] [Times: user=0.00 sys=0.00, real=0.00 secs] 
2020-10-28T20:27:26.804-0800: [GC (Allocation Failure) 2020-10-28T20:27:26.804-0800: [ParNew: 157089K->157089K(157248K), 0.0000182 secs]2020-10-28T20:27:26.804-0800: [CMS: 349175K->349289K(349568K), 0.0471181 secs] 506264K->350842K(506816K), [Metaspace: 2720K->2720K(1056768K)], 0.0471809 secs] [Times: user=0.05 sys=0.00, real=0.05 secs] 
2020-10-28T20:27:26.851-0800: [GC (CMS Initial Mark) [1 CMS-initial-mark: 349289K(349568K)] 351130K(506816K), 0.0001155 secs] [Times: user=0.00 sys=0.00, real=0.00 secs] 
2020-10-28T20:27:26.851-0800: [CMS-concurrent-mark-start]
2020-10-28T20:27:26.853-0800: [CMS-concurrent-mark: 0.002/0.002 secs] [Times: user=0.00 sys=0.00, real=0.00 secs] 
2020-10-28T20:27:26.853-0800: [CMS-concurrent-preclean-start]
2020-10-28T20:27:26.855-0800: [CMS-concurrent-preclean: 0.001/0.001 secs] [Times: user=0.01 sys=0.00, real=0.00 secs] 
2020-10-28T20:27:26.855-0800: [CMS-concurrent-abortable-preclean-start]
2020-10-28T20:27:26.855-0800: [CMS-concurrent-abortable-preclean: 0.000/0.000 secs] [Times: user=0.00 sys=0.00, real=0.00 secs] 
2020-10-28T20:27:26.855-0800: [GC (CMS Final Remark) [YG occupancy: 28602 K (157248 K)]2020-10-28T20:27:26.855-0800: [Rescan (parallel) , 0.0002664 secs]2020-10-28T20:27:26.855-0800: [weak refs processing, 0.0000119 secs]2020-10-28T20:27:26.855-0800: [class unloading, 0.0001821 secs]2020-10-28T20:27:26.855-0800: [scrub symbol table, 0.0002451 secs]2020-10-28T20:27:26.856-0800: [scrub string table, 0.0001500 secs][1 CMS-remark: 349289K(349568K)] 377891K(506816K), 0.0008992 secs] [Times: user=0.00 sys=0.00, real=0.00 secs] 
2020-10-28T20:27:26.856-0800: [CMS-concurrent-sweep-start]
2020-10-28T20:27:26.856-0800: [CMS-concurrent-sweep: 0.000/0.000 secs] [Times: user=0.00 sys=0.00, real=0.00 secs] 
2020-10-28T20:27:26.856-0800: [CMS-concurrent-reset-start]
2020-10-28T20:27:26.857-0800: [CMS-concurrent-reset: 0.000/0.000 secs] [Times: user=0.00 sys=0.00, real=0.00 secs] 
执行结束!共生成对象次数:11456
Heap
 par new generation   total 157248K, used 63826K [0x00000007a0000000, 0x00000007aaaa0000, 0x00000007aaaa0000)
  eden space 139776K,  45% used [0x00000007a0000000, 0x00000007a3e54b78, 0x00000007a8880000)
  from space 17472K,   0% used [0x00000007a9990000, 0x00000007a9990000, 0x00000007aaaa0000)
  to   space 17472K,   0% used [0x00000007a8880000, 0x00000007a8880000, 0x00000007a9990000)
 concurrent mark-sweep generation total 349568K, used 348972K [0x00000007aaaa0000, 0x00000007c0000000, 0x00000007c0000000)
 Metaspace       used 2726K, capacity 4486K, committed 4864K, reserved 1056768K
  class space    used 296K, capacity 386K, committed 512K, reserved 1048576K
`

##### G1 GC
java -XX:+UseG1GC  -Xmx512m -Xms512m -XX:+PrintGCDetails -XX:+PrintGCDateStamps GCLogAnalysis

`
正在执行
2020-10-28T20:28:37.734-0800: [GC pause (G1 Evacuation Pause) (young), 0.0040493 secs]
   [Parallel Time: 3.2 ms, GC Workers: 4]
      [GC Worker Start (ms): Min: 82.9, Avg: 83.5, Max: 85.1, Diff: 2.2]
      [Ext Root Scanning (ms): Min: 0.0, Avg: 0.2, Max: 0.3, Diff: 0.3, Sum: 0.7]
      [Update RS (ms): Min: 0.0, Avg: 0.0, Max: 0.0, Diff: 0.0, Sum: 0.0]
         [Processed Buffers: Min: 0, Avg: 0.0, Max: 0, Diff: 0, Sum: 0]
      [Scan RS (ms): Min: 0.0, Avg: 0.0, Max: 0.0, Diff: 0.0, Sum: 0.0]
      [Code Root Scanning (ms): Min: 0.0, Avg: 0.0, Max: 0.0, Diff: 0.0, Sum: 0.0]
      [Object Copy (ms): Min: 0.2, Avg: 1.8, Max: 2.7, Diff: 2.5, Sum: 7.3]
      [Termination (ms): Min: 0.0, Avg: 0.5, Max: 0.8, Diff: 0.8, Sum: 2.1]
         [Termination Attempts: Min: 1, Avg: 1.0, Max: 1, Diff: 0, Sum: 4]
      [GC Worker Other (ms): Min: 0.0, Avg: 0.0, Max: 0.0, Diff: 0.0, Sum: 0.0]
      [GC Worker Total (ms): Min: 1.0, Avg: 2.5, Max: 3.2, Diff: 2.2, Sum: 10.2]
      [GC Worker End (ms): Min: 86.0, Avg: 86.0, Max: 86.1, Diff: 0.1]
   [Code Root Fixup: 0.0 ms]
   [Code Root Purge: 0.0 ms]
   [Clear CT: 0.0 ms]
   [Other: 0.8 ms]
      [Choose CSet: 0.0 ms]
      [Ref Proc: 0.6 ms]
      [Ref Enq: 0.0 ms]
      [Redirty Cards: 0.0 ms]
      [Humongous Register: 0.0 ms]
      [Humongous Reclaim: 0.0 ms]
      [Free CSet: 0.0 ms]
   [Eden: 25.0M(25.0M)->0.0B(21.0M) Survivors: 0.0B->4096.0K Heap: 28.6M(512.0M)->12.3M(512.0M)]
 [Times: user=0.01 sys=0.01, real=0.00 secs] 
2020-10-28T20:28:37.747-0800: [GC pause (G1 Evacuation Pause) (young), 0.0032308 secs]
   [Parallel Time: 2.3 ms, GC Workers: 4]
      [GC Worker Start (ms): Min: 95.7, Avg: 96.3, Max: 97.9, Diff: 2.2]
      [Ext Root Scanning (ms): Min: 0.0, Avg: 0.1, Max: 0.2, Diff: 0.2, Sum: 0.4]
      [Update RS (ms): Min: 0.0, Avg: 0.0, Max: 0.0, Diff: 0.0, Sum: 0.0]
         [Processed Buffers: Min: 0, Avg: 0.5, Max: 1, Diff: 1, Sum: 2]
      [Scan RS (ms): Min: 0.0, Avg: 0.0, Max: 0.0, Diff: 0.0, Sum: 0.0]
      [Code Root Scanning (ms): Min: 0.0, Avg: 0.0, Max: 0.0, Diff: 0.0, Sum: 0.0]
      [Object Copy (ms): Min: 0.0, Avg: 1.1, Max: 1.5, Diff: 1.5, Sum: 4.4]
      [Termination (ms): Min: 0.0, Avg: 0.4, Max: 0.6, Diff: 0.6, Sum: 1.7]
         [Termination Attempts: Min: 1, Avg: 1.0, Max: 1, Diff: 0, Sum: 4]
      [GC Worker Other (ms): Min: 0.0, Avg: 0.0, Max: 0.0, Diff: 0.0, Sum: 0.0]
      [GC Worker Total (ms): Min: 0.0, Avg: 1.6, Max: 2.3, Diff: 2.3, Sum: 6.5]
      [GC Worker End (ms): Min: 97.9, Avg: 98.0, Max: 98.0, Diff: 0.1]
   [Code Root Fixup: 0.0 ms]
   [Code Root Purge: 0.0 ms]
   [Clear CT: 0.0 ms]
   [Other: 0.9 ms]
      [Choose CSet: 0.0 ms]
      [Ref Proc: 0.6 ms]
      [Ref Enq: 0.0 ms]
      [Redirty Cards: 0.1 ms]
      [Humongous Register: 0.0 ms]
      [Humongous Reclaim: 0.0 ms]
      [Free CSet: 0.0 ms]
   [Eden: 21.0M(21.0M)->0.0B(24.0M) Survivors: 4096.0K->4096.0K Heap: 39.9M(512.0M)->19.9M(512.0M)]
 [Times: user=0.01 sys=0.00, real=0.01 secs] 
2020-10-28T20:28:37.758-0800: [GC pause (G1 Evacuation Pause) (young), 0.0049944 secs]
   [Parallel Time: 4.1 ms, GC Workers: 4]
      [GC Worker Start (ms): Min: 107.3, Avg: 108.3, Max: 111.3, Diff: 4.0]
      [Ext Root Scanning (ms): Min: 0.0, Avg: 0.1, Max: 0.2, Diff: 0.2, Sum: 0.5]
      [Update RS (ms): Min: 0.0, Avg: 0.1, Max: 0.2, Diff: 0.2, Sum: 0.2]
         [Processed Buffers: Min: 0, Avg: 1.0, Max: 2, Diff: 2, Sum: 4]
      [Scan RS (ms): Min: 0.0, Avg: 0.0, Max: 0.0, Diff: 0.0, Sum: 0.0]
      [Code Root Scanning (ms): Min: 0.0, Avg: 0.0, Max: 0.0, Diff: 0.0, Sum: 0.0]
      [Object Copy (ms): Min: 0.0, Avg: 2.3, Max: 3.1, Diff: 3.1, Sum: 9.2]
      [Termination (ms): Min: 0.0, Avg: 0.5, Max: 0.7, Diff: 0.7, Sum: 1.9]
         [Termination Attempts: Min: 1, Avg: 1.0, Max: 1, Diff: 0, Sum: 4]
      [GC Worker Other (ms): Min: 0.0, Avg: 0.0, Max: 0.0, Diff: 0.0, Sum: 0.0]
      [GC Worker Total (ms): Min: 0.0, Avg: 3.0, Max: 4.0, Diff: 4.0, Sum: 11.8]
      [GC Worker End (ms): Min: 111.3, Avg: 111.3, Max: 111.3, Diff: 0.0]
   [Code Root Fixup: 0.0 ms]
   [Code Root Purge: 0.0 ms]
   [Clear CT: 0.0 ms]
   [Other: 0.9 ms]
      [Choose CSet: 0.0 ms]
      [Ref Proc: 0.6 ms]
      [Ref Enq: 0.0 ms]
      [Redirty Cards: 0.0 ms]
      [Humongous Register: 0.0 ms]
      [Humongous Reclaim: 0.0 ms]
      [Free CSet: 0.0 ms]
   [Eden: 24.0M(24.0M)->0.0B(44.0M) Survivors: 4096.0K->4096.0K Heap: 50.6M(512.0M)->29.9M(512.0M)]
 [Times: user=0.01 sys=0.01, real=0.01 secs] 
2020-10-28T20:28:37.779-0800: [GC pause (G1 Evacuation Pause) (young), 0.0058743 secs]
   [Parallel Time: 5.0 ms, GC Workers: 4]
      [GC Worker Start (ms): Min: 127.7, Avg: 127.8, Max: 127.9, Diff: 0.2]
      [Ext Root Scanning (ms): Min: 0.0, Avg: 0.1, Max: 0.2, Diff: 0.2, Sum: 0.3]
      [Update RS (ms): Min: 0.1, Avg: 0.2, Max: 0.2, Diff: 0.1, Sum: 0.7]
         [Processed Buffers: Min: 1, Avg: 3.2, Max: 5, Diff: 4, Sum: 13]
      [Scan RS (ms): Min: 0.0, Avg: 0.0, Max: 0.0, Diff: 0.0, Sum: 0.0]
      [Code Root Scanning (ms): Min: 0.0, Avg: 0.0, Max: 0.0, Diff: 0.0, Sum: 0.0]
      [Object Copy (ms): Min: 4.0, Avg: 4.2, Max: 4.6, Diff: 0.5, Sum: 16.7]
      [Termination (ms): Min: 0.0, Avg: 0.4, Max: 0.6, Diff: 0.6, Sum: 1.7]
         [Termination Attempts: Min: 1, Avg: 1.0, Max: 1, Diff: 0, Sum: 4]
      [GC Worker Other (ms): Min: 0.0, Avg: 0.0, Max: 0.0, Diff: 0.0, Sum: 0.0]
      [GC Worker Total (ms): Min: 4.8, Avg: 4.9, Max: 5.0, Diff: 0.2, Sum: 19.5]
      [GC Worker End (ms): Min: 132.7, Avg: 132.7, Max: 132.7, Diff: 0.0]
   [Code Root Fixup: 0.0 ms]
   [Code Root Purge: 0.0 ms]
   [Clear CT: 0.1 ms]
   [Other: 0.8 ms]
      [Choose CSet: 0.0 ms]
      [Ref Proc: 0.6 ms]
      [Ref Enq: 0.0 ms]
      [Redirty Cards: 0.0 ms]
      [Humongous Register: 0.0 ms]
      [Humongous Reclaim: 0.0 ms]
      [Free CSet: 0.0 ms]
   [Eden: 44.0M(44.0M)->0.0B(50.0M) Survivors: 4096.0K->6144.0K Heap: 81.6M(512.0M)->47.5M(512.0M)]
 [Times: user=0.01 sys=0.01, real=0.01 secs] 
2020-10-28T20:28:37.801-0800: [GC pause (G1 Evacuation Pause) (young), 0.0076894 secs]
   [Parallel Time: 6.6 ms, GC Workers: 4]
      [GC Worker Start (ms): Min: 150.5, Avg: 151.4, Max: 153.9, Diff: 3.4]
      [Ext Root Scanning (ms): Min: 0.0, Avg: 0.1, Max: 0.2, Diff: 0.2, Sum: 0.3]
      [Update RS (ms): Min: 0.0, Avg: 0.3, Max: 0.5, Diff: 0.5, Sum: 1.4]
         [Processed Buffers: Min: 0, Avg: 8.0, Max: 13, Diff: 13, Sum: 32]
      [Scan RS (ms): Min: 0.0, Avg: 0.0, Max: 0.0, Diff: 0.0, Sum: 0.0]
      [Code Root Scanning (ms): Min: 0.0, Avg: 0.0, Max: 0.0, Diff: 0.0, Sum: 0.0]
      [Object Copy (ms): Min: 2.5, Avg: 4.7, Max: 6.0, Diff: 3.4, Sum: 19.0]
      [Termination (ms): Min: 0.0, Avg: 0.5, Max: 0.7, Diff: 0.7, Sum: 2.0]
         [Termination Attempts: Min: 1, Avg: 1.0, Max: 1, Diff: 0, Sum: 4]
      [GC Worker Other (ms): Min: 0.0, Avg: 0.0, Max: 0.0, Diff: 0.0, Sum: 0.0]
      [GC Worker Total (ms): Min: 3.2, Avg: 5.7, Max: 6.6, Diff: 3.4, Sum: 22.7]
      [GC Worker End (ms): Min: 157.0, Avg: 157.1, Max: 157.1, Diff: 0.0]
   [Code Root Fixup: 0.0 ms]
   [Code Root Purge: 0.0 ms]
   [Clear CT: 0.1 ms]
   [Other: 1.0 ms]
      [Choose CSet: 0.0 ms]
      [Ref Proc: 0.7 ms]
      [Ref Enq: 0.0 ms]
      [Redirty Cards: 0.0 ms]
      [Humongous Register: 0.0 ms]
      [Humongous Reclaim: 0.0 ms]
      [Free CSet: 0.0 ms]
   [Eden: 50.0M(50.0M)->0.0B(57.0M) Survivors: 6144.0K->7168.0K Heap: 111.5M(512.0M)->71.0M(512.0M)]
 [Times: user=0.01 sys=0.01, real=0.00 secs] 
2020-10-28T20:28:37.826-0800: [GC pause (G1 Evacuation Pause) (young), 0.0061070 secs]
   [Parallel Time: 5.7 ms, GC Workers: 4]
      [GC Worker Start (ms): Min: 175.4, Avg: 175.5, Max: 175.6, Diff: 0.2]
      [Ext Root Scanning (ms): Min: 0.0, Avg: 0.1, Max: 0.2, Diff: 0.2, Sum: 0.4]
      [Update RS (ms): Min: 0.4, Avg: 0.4, Max: 0.5, Diff: 0.1, Sum: 1.7]
         [Processed Buffers: Min: 8, Avg: 9.5, Max: 10, Diff: 2, Sum: 38]
      [Scan RS (ms): Min: 0.0, Avg: 0.0, Max: 0.0, Diff: 0.0, Sum: 0.0]
      [Code Root Scanning (ms): Min: 0.0, Avg: 0.0, Max: 0.0, Diff: 0.0, Sum: 0.0]
      [Object Copy (ms): Min: 4.7, Avg: 4.7, Max: 4.9, Diff: 0.2, Sum: 19.0]
      [Termination (ms): Min: 0.0, Avg: 0.2, Max: 0.4, Diff: 0.4, Sum: 0.9]
         [Termination Attempts: Min: 1, Avg: 1.0, Max: 1, Diff: 0, Sum: 4]
      [GC Worker Other (ms): Min: 0.0, Avg: 0.0, Max: 0.0, Diff: 0.0, Sum: 0.0]
      [GC Worker Total (ms): Min: 5.4, Avg: 5.5, Max: 5.6, Diff: 0.2, Sum: 22.1]
      [GC Worker End (ms): Min: 180.9, Avg: 181.0, Max: 181.1, Diff: 0.2]
   [Code Root Fixup: 0.0 ms]
   [Code Root Purge: 0.0 ms]
   [Clear CT: 0.0 ms]
   [Other: 0.3 ms]
      [Choose CSet: 0.0 ms]
      [Ref Proc: 0.1 ms]
      [Ref Enq: 0.0 ms]
      [Redirty Cards: 0.1 ms]
      [Humongous Register: 0.0 ms]
      [Humongous Reclaim: 0.0 ms]
      [Free CSet: 0.0 ms]
   [Eden: 57.0M(57.0M)->0.0B(94.0M) Survivors: 7168.0K->8192.0K Heap: 143.1M(512.0M)->96.5M(512.0M)]
 [Times: user=0.01 sys=0.01, real=0.01 secs] 
2020-10-28T20:28:37.864-0800: [GC pause (G1 Evacuation Pause) (young), 0.0089725 secs]
   [Parallel Time: 8.6 ms, GC Workers: 4]
      [GC Worker Start (ms): Min: 213.1, Avg: 213.1, Max: 213.3, Diff: 0.2]
      [Ext Root Scanning (ms): Min: 0.0, Avg: 0.1, Max: 0.2, Diff: 0.2, Sum: 0.5]
      [Update RS (ms): Min: 0.1, Avg: 0.1, Max: 0.2, Diff: 0.1, Sum: 0.5]
         [Processed Buffers: Min: 2, Avg: 2.5, Max: 3, Diff: 1, Sum: 10]
      [Scan RS (ms): Min: 0.0, Avg: 0.0, Max: 0.0, Diff: 0.0, Sum: 0.1]
      [Code Root Scanning (ms): Min: 0.0, Avg: 0.0, Max: 0.0, Diff: 0.0, Sum: 0.0]
      [Object Copy (ms): Min: 7.6, Avg: 7.8, Max: 8.2, Diff: 0.6, Sum: 31.3]
      [Termination (ms): Min: 0.0, Avg: 0.4, Max: 0.6, Diff: 0.6, Sum: 1.6]
         [Termination Attempts: Min: 1, Avg: 1.0, Max: 1, Diff: 0, Sum: 4]
      [GC Worker Other (ms): Min: 0.0, Avg: 0.0, Max: 0.0, Diff: 0.0, Sum: 0.0]
      [GC Worker Total (ms): Min: 8.4, Avg: 8.5, Max: 8.5, Diff: 0.2, Sum: 33.9]
      [GC Worker End (ms): Min: 221.6, Avg: 221.6, Max: 221.6, Diff: 0.0]
   [Code Root Fixup: 0.0 ms]
   [Code Root Purge: 0.0 ms]
   [Clear CT: 0.0 ms]
   [Other: 0.4 ms]
      [Choose CSet: 0.0 ms]
      [Ref Proc: 0.1 ms]
      [Ref Enq: 0.0 ms]
      [Redirty Cards: 0.0 ms]
      [Humongous Register: 0.0 ms]
      [Humongous Reclaim: 0.0 ms]
      [Free CSet: 0.0 ms]
   [Eden: 94.0M(94.0M)->0.0B(98.0M) Survivors: 8192.0K->13.0M Heap: 208.5M(512.0M)->133.5M(512.0M)]
 [Times: user=0.02 sys=0.02, real=0.01 secs] 
2020-10-28T20:28:37.894-0800: [GC pause (G1 Evacuation Pause) (young), 0.0089316 secs]
   [Parallel Time: 8.6 ms, GC Workers: 4]
      [GC Worker Start (ms): Min: 243.4, Avg: 243.4, Max: 243.6, Diff: 0.2]
      [Ext Root Scanning (ms): Min: 0.0, Avg: 0.1, Max: 0.2, Diff: 0.2, Sum: 0.5]
      [Update RS (ms): Min: 0.1, Avg: 0.1, Max: 0.2, Diff: 0.1, Sum: 0.5]
         [Processed Buffers: Min: 1, Avg: 2.5, Max: 3, Diff: 2, Sum: 10]
      [Scan RS (ms): Min: 0.0, Avg: 0.0, Max: 0.0, Diff: 0.0, Sum: 0.1]
      [Code Root Scanning (ms): Min: 0.0, Avg: 0.0, Max: 0.0, Diff: 0.0, Sum: 0.0]
      [Object Copy (ms): Min: 8.0, Avg: 8.1, Max: 8.2, Diff: 0.1, Sum: 32.3]
      [Termination (ms): Min: 0.0, Avg: 0.1, Max: 0.2, Diff: 0.2, Sum: 0.4]
         [Termination Attempts: Min: 1, Avg: 1.0, Max: 1, Diff: 0, Sum: 4]
      [GC Worker Other (ms): Min: 0.0, Avg: 0.0, Max: 0.0, Diff: 0.0, Sum: 0.0]
      [GC Worker Total (ms): Min: 8.3, Avg: 8.5, Max: 8.5, Diff: 0.2, Sum: 33.9]
      [GC Worker End (ms): Min: 251.9, Avg: 251.9, Max: 251.9, Diff: 0.0]
   [Code Root Fixup: 0.0 ms]
   [Code Root Purge: 0.0 ms]
   [Clear CT: 0.1 ms]
   [Other: 0.3 ms]
      [Choose CSet: 0.0 ms]
      [Ref Proc: 0.1 ms]
      [Ref Enq: 0.0 ms]
      [Redirty Cards: 0.0 ms]
      [Humongous Register: 0.0 ms]
      [Humongous Reclaim: 0.0 ms]
      [Free CSet: 0.0 ms]
   [Eden: 98.0M(98.0M)->0.0B(137.0M) Survivors: 13.0M->14.0M Heap: 255.4M(512.0M)->173.0M(512.0M)]
 [Times: user=0.02 sys=0.02, real=0.01 secs] 
2020-10-28T20:28:37.940-0800: [GC pause (G1 Evacuation Pause) (young), 0.0116041 secs]
   [Parallel Time: 11.2 ms, GC Workers: 4]
      [GC Worker Start (ms): Min: 288.9, Avg: 289.0, Max: 289.1, Diff: 0.1]
      [Ext Root Scanning (ms): Min: 0.1, Avg: 0.1, Max: 0.2, Diff: 0.1, Sum: 0.5]
      [Update RS (ms): Min: 0.1, Avg: 0.1, Max: 0.1, Diff: 0.0, Sum: 0.6]
         [Processed Buffers: Min: 2, Avg: 2.8, Max: 3, Diff: 1, Sum: 11]
      [Scan RS (ms): Min: 0.0, Avg: 0.0, Max: 0.0, Diff: 0.0, Sum: 0.1]
      [Code Root Scanning (ms): Min: 0.0, Avg: 0.0, Max: 0.0, Diff: 0.0, Sum: 0.0]
      [Object Copy (ms): Min: 10.1, Avg: 10.3, Max: 10.7, Diff: 0.6, Sum: 41.3]
      [Termination (ms): Min: 0.0, Avg: 0.4, Max: 0.6, Diff: 0.6, Sum: 1.7]
         [Termination Attempts: Min: 1, Avg: 1.0, Max: 1, Diff: 0, Sum: 4]
      [GC Worker Other (ms): Min: 0.0, Avg: 0.0, Max: 0.0, Diff: 0.0, Sum: 0.0]
      [GC Worker Total (ms): Min: 11.0, Avg: 11.1, Max: 11.1, Diff: 0.1, Sum: 44.2]
      [GC Worker End (ms): Min: 300.0, Avg: 300.0, Max: 300.1, Diff: 0.1]
   [Code Root Fixup: 0.0 ms]
   [Code Root Purge: 0.0 ms]
   [Clear CT: 0.1 ms]
   [Other: 0.4 ms]
      [Choose CSet: 0.0 ms]
      [Ref Proc: 0.1 ms]
      [Ref Enq: 0.0 ms]
      [Redirty Cards: 0.0 ms]
      [Humongous Register: 0.1 ms]
      [Humongous Reclaim: 0.1 ms]
      [Free CSet: 0.1 ms]
   [Eden: 137.0M(137.0M)->0.0B(156.0M) Survivors: 14.0M->19.0M Heap: 338.6M(512.0M)->214.6M(512.0M)]
 [Times: user=0.02 sys=0.03, real=0.01 secs] 
2020-10-28T20:28:37.953-0800: [GC pause (G1 Humongous Allocation) (young) (initial-mark), 0.0037873 secs]
   [Parallel Time: 3.4 ms, GC Workers: 4]
      [GC Worker Start (ms): Min: 302.5, Avg: 302.6, Max: 302.7, Diff: 0.1]
      [Ext Root Scanning (ms): Min: 0.1, Avg: 0.1, Max: 0.2, Diff: 0.1, Sum: 0.5]
      [Update RS (ms): Min: 0.1, Avg: 0.2, Max: 0.2, Diff: 0.0, Sum: 0.7]
         [Processed Buffers: Min: 4, Avg: 4.0, Max: 4, Diff: 0, Sum: 16]
      [Scan RS (ms): Min: 0.0, Avg: 0.0, Max: 0.0, Diff: 0.0, Sum: 0.0]
      [Code Root Scanning (ms): Min: 0.0, Avg: 0.0, Max: 0.0, Diff: 0.0, Sum: 0.0]
      [Object Copy (ms): Min: 2.9, Avg: 2.9, Max: 2.9, Diff: 0.1, Sum: 11.6]
      [Termination (ms): Min: 0.0, Avg: 0.1, Max: 0.1, Diff: 0.1, Sum: 0.3]
         [Termination Attempts: Min: 1, Avg: 1.0, Max: 1, Diff: 0, Sum: 4]
      [GC Worker Other (ms): Min: 0.0, Avg: 0.0, Max: 0.0, Diff: 0.0, Sum: 0.0]
      [GC Worker Total (ms): Min: 3.2, Avg: 3.3, Max: 3.3, Diff: 0.1, Sum: 13.1]
      [GC Worker End (ms): Min: 305.8, Avg: 305.9, Max: 305.9, Diff: 0.0]
   [Code Root Fixup: 0.0 ms]
   [Code Root Purge: 0.0 ms]
   [Clear CT: 0.0 ms]
   [Other: 0.4 ms]
      [Choose CSet: 0.0 ms]
      [Ref Proc: 0.1 ms]
      [Ref Enq: 0.0 ms]
      [Redirty Cards: 0.0 ms]
      [Humongous Register: 0.0 ms]
      [Humongous Reclaim: 0.0 ms]
      [Free CSet: 0.0 ms]
   [Eden: 8192.0K(156.0M)->0.0B(158.0M) Survivors: 19.0M->3072.0K Heap: 223.3M(512.0M)->218.5M(512.0M)]
 [Times: user=0.01 sys=0.00, real=0.00 secs] 
2020-10-28T20:28:37.957-0800: [GC concurrent-root-region-scan-start]
2020-10-28T20:28:37.958-0800: [GC concurrent-root-region-scan-end, 0.0001426 secs]
2020-10-28T20:28:37.958-0800: [GC concurrent-mark-start]
2020-10-28T20:28:37.960-0800: [GC concurrent-mark-end, 0.0020972 secs]
2020-10-28T20:28:37.960-0800: [GC remark 2020-10-28T20:28:37.960-0800: [Finalize Marking, 0.0002141 secs] 2020-10-28T20:28:37.960-0800: [GC ref-proc, 0.0000229 secs] 2020-10-28T20:28:37.960-0800: [Unloading, 0.0003997 secs], 0.0010540 secs]
 [Times: user=0.01 sys=0.00, real=0.00 secs] 
2020-10-28T20:28:37.961-0800: [GC cleanup 231M->229M(512M), 0.0003437 secs]
 [Times: user=0.00 sys=0.00, real=0.00 secs] 
2020-10-28T20:28:37.961-0800: [GC concurrent-cleanup-start]
2020-10-28T20:28:37.961-0800: [GC concurrent-cleanup-end, 0.0000098 secs]
2020-10-28T20:28:38.001-0800: [GC pause (G1 Evacuation Pause) (young) (to-space exhausted), 0.0086925 secs]
   [Parallel Time: 7.3 ms, GC Workers: 4]
      [GC Worker Start (ms): Min: 350.1, Avg: 350.6, Max: 351.6, Diff: 1.5]
      [Ext Root Scanning (ms): Min: 0.0, Avg: 0.1, Max: 0.2, Diff: 0.2, Sum: 0.4]
      [Update RS (ms): Min: 0.0, Avg: 0.2, Max: 0.3, Diff: 0.3, Sum: 0.8]
         [Processed Buffers: Min: 0, Avg: 4.0, Max: 7, Diff: 7, Sum: 16]
      [Scan RS (ms): Min: 0.0, Avg: 0.0, Max: 0.0, Diff: 0.0, Sum: 0.1]
      [Code Root Scanning (ms): Min: 0.0, Avg: 0.0, Max: 0.0, Diff: 0.0, Sum: 0.0]
      [Object Copy (ms): Min: 5.7, Avg: 6.5, Max: 6.8, Diff: 1.0, Sum: 26.0]
      [Termination (ms): Min: 0.0, Avg: 0.0, Max: 0.1, Diff: 0.1, Sum: 0.2]
         [Termination Attempts: Min: 1, Avg: 1.0, Max: 1, Diff: 0, Sum: 4]
      [GC Worker Other (ms): Min: 0.0, Avg: 0.0, Max: 0.0, Diff: 0.0, Sum: 0.0]
      [GC Worker Total (ms): Min: 5.8, Avg: 6.9, Max: 7.3, Diff: 1.5, Sum: 27.5]
      [GC Worker End (ms): Min: 357.4, Avg: 357.4, Max: 357.4, Diff: 0.0]
   [Code Root Fixup: 0.0 ms]
   [Code Root Purge: 0.0 ms]
   [Clear CT: 0.1 ms]
   [Other: 1.3 ms]
      [Evacuation Failure: 0.5 ms]
      [Choose CSet: 0.0 ms]
      [Ref Proc: 0.6 ms]
      [Ref Enq: 0.0 ms]
      [Redirty Cards: 0.0 ms]
      [Humongous Register: 0.1 ms]
      [Humongous Reclaim: 0.0 ms]
      [Free CSet: 0.0 ms]
   [Eden: 158.0M(158.0M)->0.0B(4096.0K) Survivors: 3072.0K->21.0M Heap: 419.6M(512.0M)->348.3M(512.0M)]
 [Times: user=0.01 sys=0.02, real=0.01 secs] 
2020-10-28T20:28:38.011-0800: [GC pause (G1 Evacuation Pause) (mixed), 0.0043135 secs]
   [Parallel Time: 3.5 ms, GC Workers: 4]
      [GC Worker Start (ms): Min: 359.8, Avg: 359.8, Max: 359.9, Diff: 0.1]
      [Ext Root Scanning (ms): Min: 0.1, Avg: 0.1, Max: 0.2, Diff: 0.1, Sum: 0.5]
      [Update RS (ms): Min: 0.0, Avg: 0.2, Max: 0.3, Diff: 0.3, Sum: 0.7]
         [Processed Buffers: Min: 0, Avg: 4.5, Max: 7, Diff: 7, Sum: 18]
      [Scan RS (ms): Min: 0.0, Avg: 0.0, Max: 0.0, Diff: 0.0, Sum: 0.1]
      [Code Root Scanning (ms): Min: 0.0, Avg: 0.0, Max: 0.0, Diff: 0.0, Sum: 0.0]
      [Object Copy (ms): Min: 3.0, Avg: 3.1, Max: 3.3, Diff: 0.3, Sum: 12.4]
      [Termination (ms): Min: 0.0, Avg: 0.0, Max: 0.1, Diff: 0.1, Sum: 0.2]
         [Termination Attempts: Min: 1, Avg: 1.0, Max: 1, Diff: 0, Sum: 4]
      [GC Worker Other (ms): Min: 0.0, Avg: 0.0, Max: 0.0, Diff: 0.0, Sum: 0.0]
      [GC Worker Total (ms): Min: 3.4, Avg: 3.5, Max: 3.5, Diff: 0.1, Sum: 13.9]
      [GC Worker End (ms): Min: 363.3, Avg: 363.3, Max: 363.3, Diff: 0.0]
   [Code Root Fixup: 0.0 ms]
   [Code Root Purge: 0.0 ms]
   [Clear CT: 0.0 ms]
   [Other: 0.7 ms]
      [Choose CSet: 0.0 ms]
      [Ref Proc: 0.6 ms]
      [Ref Enq: 0.0 ms]
      [Redirty Cards: 0.0 ms]
      [Humongous Register: 0.0 ms]
      [Humongous Reclaim: 0.0 ms]
      [Free CSet: 0.0 ms]
   [Eden: 4096.0K(4096.0K)->0.0B(66.0M) Survivors: 21.0M->1024.0K Heap: 353.7M(512.0M)->333.4M(512.0M)]
 [Times: user=0.01 sys=0.00, real=0.00 secs] 
2020-10-28T20:28:38.016-0800: [GC pause (G1 Humongous Allocation) (young) (initial-mark), 0.0011249 secs]
   [Parallel Time: 0.4 ms, GC Workers: 4]
      [GC Worker Start (ms): Min: 364.7, Avg: 364.8, Max: 364.8, Diff: 0.1]
      [Ext Root Scanning (ms): Min: 0.1, Avg: 0.1, Max: 0.2, Diff: 0.1, Sum: 0.5]
      [Update RS (ms): Min: 0.0, Avg: 0.1, Max: 0.1, Diff: 0.1, Sum: 0.2]
         [Processed Buffers: Min: 1, Avg: 1.2, Max: 2, Diff: 1, Sum: 5]
      [Scan RS (ms): Min: 0.0, Avg: 0.0, Max: 0.0, Diff: 0.0, Sum: 0.0]
      [Code Root Scanning (ms): Min: 0.0, Avg: 0.0, Max: 0.0, Diff: 0.0, Sum: 0.0]
      [Object Copy (ms): Min: 0.1, Avg: 0.1, Max: 0.1, Diff: 0.1, Sum: 0.4]
      [Termination (ms): Min: 0.0, Avg: 0.0, Max: 0.0, Diff: 0.0, Sum: 0.0]
         [Termination Attempts: Min: 1, Avg: 1.0, Max: 1, Diff: 0, Sum: 4]
      [GC Worker Other (ms): Min: 0.0, Avg: 0.0, Max: 0.0, Diff: 0.0, Sum: 0.0]
      [GC Worker Total (ms): Min: 0.2, Avg: 0.3, Max: 0.3, Diff: 0.1, Sum: 1.2]
      [GC Worker End (ms): Min: 365.1, Avg: 365.1, Max: 365.1, Diff: 0.0]
   [Code Root Fixup: 0.0 ms]
   [Code Root Purge: 0.0 ms]
   [Clear CT: 0.0 ms]
   [Other: 0.7 ms]
      [Choose CSet: 0.0 ms]
      [Ref Proc: 0.6 ms]
      [Ref Enq: 0.0 ms]
      [Redirty Cards: 0.0 ms]
      [Humongous Register: 0.0 ms]
      [Humongous Reclaim: 0.0 ms]
      [Free CSet: 0.0 ms]
   [Eden: 3072.0K(66.0M)->0.0B(70.0M) Survivors: 1024.0K->2048.0K Heap: 336.2M(512.0M)->332.7M(512.0M)]
 [Times: user=0.01 sys=0.00, real=0.00 secs] 
2020-10-28T20:28:38.017-0800: [GC concurrent-root-region-scan-start]
2020-10-28T20:28:38.017-0800: [GC concurrent-root-region-scan-end, 0.0000718 secs]
2020-10-28T20:28:38.017-0800: [GC concurrent-mark-start]
2020-10-28T20:28:38.018-0800: [GC concurrent-mark-end, 0.0013507 secs]
2020-10-28T20:28:38.018-0800: [GC remark 2020-10-28T20:28:38.018-0800: [Finalize Marking, 0.0002239 secs] 2020-10-28T20:28:38.019-0800: [GC ref-proc, 0.0000228 secs] 2020-10-28T20:28:38.019-0800: [Unloading, 0.0003838 secs], 0.0011285 secs]
 [Times: user=0.00 sys=0.00, real=0.01 secs] 
2020-10-28T20:28:38.020-0800: [GC cleanup 344M->344M(512M), 0.0004039 secs]
 [Times: user=0.00 sys=0.00, real=0.00 secs] 
2020-10-28T20:28:38.030-0800: [GC pause (G1 Evacuation Pause) (young), 0.0046643 secs]
   [Parallel Time: 3.8 ms, GC Workers: 4]
      [GC Worker Start (ms): Min: 379.0, Avg: 379.5, Max: 380.9, Diff: 1.9]
      [Ext Root Scanning (ms): Min: 0.0, Avg: 0.1, Max: 0.2, Diff: 0.2, Sum: 0.4]
      [Update RS (ms): Min: 0.0, Avg: 0.3, Max: 0.4, Diff: 0.4, Sum: 1.0]
         [Processed Buffers: Min: 0, Avg: 5.0, Max: 8, Diff: 8, Sum: 20]
      [Scan RS (ms): Min: 0.0, Avg: 0.0, Max: 0.0, Diff: 0.0, Sum: 0.0]
      [Code Root Scanning (ms): Min: 0.0, Avg: 0.0, Max: 0.0, Diff: 0.0, Sum: 0.0]
      [Object Copy (ms): Min: 1.4, Avg: 2.5, Max: 3.1, Diff: 1.7, Sum: 10.1]
      [Termination (ms): Min: 0.0, Avg: 0.3, Max: 0.4, Diff: 0.4, Sum: 1.1]
         [Termination Attempts: Min: 1, Avg: 1.0, Max: 1, Diff: 0, Sum: 4]
      [GC Worker Other (ms): Min: 0.0, Avg: 0.0, Max: 0.0, Diff: 0.0, Sum: 0.0]
      [GC Worker Total (ms): Min: 1.8, Avg: 3.2, Max: 3.7, Diff: 1.9, Sum: 12.7]
      [GC Worker End (ms): Min: 382.7, Avg: 382.7, Max: 382.7, Diff: 0.1]
   [Code Root Fixup: 0.0 ms]
   [Code Root Purge: 0.0 ms]
   [Clear CT: 0.1 ms]
   [Other: 0.8 ms]
      [Choose CSet: 0.0 ms]
      [Ref Proc: 0.6 ms]
      [Ref Enq: 0.0 ms]
      [Redirty Cards: 0.0 ms]
      [Humongous Register: 0.1 ms]
      [Humongous Reclaim: 0.0 ms]
      [Free CSet: 0.0 ms]
   [Eden: 70.0M(70.0M)->0.0B(16.0M) Survivors: 2048.0K->9216.0K Heap: 420.6M(512.0M)->359.3M(512.0M)]
 [Times: user=0.01 sys=0.01, real=0.00 secs] 
2020-10-28T20:28:38.038-0800: [GC pause (G1 Evacuation Pause) (mixed), 0.0031916 secs]
   [Parallel Time: 2.9 ms, GC Workers: 4]
      [GC Worker Start (ms): Min: 386.6, Avg: 386.8, Max: 387.2, Diff: 0.6]
      [Ext Root Scanning (ms): Min: 0.0, Avg: 0.1, Max: 0.2, Diff: 0.2, Sum: 0.4]
      [Update RS (ms): Min: 0.0, Avg: 0.3, Max: 0.4, Diff: 0.4, Sum: 1.1]
         [Processed Buffers: Min: 0, Avg: 5.5, Max: 9, Diff: 9, Sum: 22]
      [Scan RS (ms): Min: 0.0, Avg: 0.0, Max: 0.0, Diff: 0.0, Sum: 0.1]
      [Code Root Scanning (ms): Min: 0.0, Avg: 0.0, Max: 0.0, Diff: 0.0, Sum: 0.0]
      [Object Copy (ms): Min: 2.1, Avg: 2.1, Max: 2.2, Diff: 0.1, Sum: 8.5]
      [Termination (ms): Min: 0.0, Avg: 0.1, Max: 0.2, Diff: 0.2, Sum: 0.5]
         [Termination Attempts: Min: 1, Avg: 1.0, Max: 1, Diff: 0, Sum: 4]
      [GC Worker Other (ms): Min: 0.0, Avg: 0.0, Max: 0.0, Diff: 0.0, Sum: 0.0]
      [GC Worker Total (ms): Min: 2.3, Avg: 2.6, Max: 2.8, Diff: 0.6, Sum: 10.5]
      [GC Worker End (ms): Min: 389.4, Avg: 389.4, Max: 389.5, Diff: 0.1]
   [Code Root Fixup: 0.0 ms]
   [Code Root Purge: 0.0 ms]
   [Clear CT: 0.0 ms]
   [Other: 0.3 ms]
      [Choose CSet: 0.0 ms]
      [Ref Proc: 0.1 ms]
      [Ref Enq: 0.0 ms]
      [Redirty Cards: 0.0 ms]
      [Humongous Register: 0.1 ms]
      [Humongous Reclaim: 0.0 ms]
      [Free CSet: 0.0 ms]
   [Eden: 16.0M(16.0M)->0.0B(21.0M) Survivors: 9216.0K->4096.0K Heap: 381.0M(512.0M)->320.1M(512.0M)]
 [Times: user=0.00 sys=0.00, real=0.01 secs] 
2020-10-28T20:28:38.044-0800: [GC pause (G1 Evacuation Pause) (mixed), 0.0045381 secs]
   [Parallel Time: 3.7 ms, GC Workers: 4]
      [GC Worker Start (ms): Min: 393.3, Avg: 393.3, Max: 393.4, Diff: 0.1]
      [Ext Root Scanning (ms): Min: 0.0, Avg: 0.1, Max: 0.2, Diff: 0.1, Sum: 0.5]
      [Update RS (ms): Min: 0.3, Avg: 0.3, Max: 0.3, Diff: 0.0, Sum: 1.1]
         [Processed Buffers: Min: 3, Avg: 5.5, Max: 7, Diff: 4, Sum: 22]
      [Scan RS (ms): Min: 0.0, Avg: 0.0, Max: 0.0, Diff: 0.0, Sum: 0.1]
      [Code Root Scanning (ms): Min: 0.0, Avg: 0.0, Max: 0.0, Diff: 0.0, Sum: 0.0]
      [Object Copy (ms): Min: 2.6, Avg: 2.8, Max: 3.1, Diff: 0.5, Sum: 11.1]
      [Termination (ms): Min: 0.0, Avg: 0.4, Max: 0.6, Diff: 0.6, Sum: 1.6]
         [Termination Attempts: Min: 1, Avg: 1.0, Max: 1, Diff: 0, Sum: 4]
      [GC Worker Other (ms): Min: 0.0, Avg: 0.0, Max: 0.0, Diff: 0.0, Sum: 0.0]
      [GC Worker Total (ms): Min: 3.5, Avg: 3.6, Max: 3.7, Diff: 0.2, Sum: 14.5]
      [GC Worker End (ms): Min: 396.9, Avg: 396.9, Max: 396.9, Diff: 0.1]
   [Code Root Fixup: 0.0 ms]
   [Code Root Purge: 0.0 ms]
   [Clear CT: 0.0 ms]
   [Other: 0.8 ms]
      [Choose CSet: 0.0 ms]
      [Ref Proc: 0.6 ms]
      [Ref Enq: 0.0 ms]
      [Redirty Cards: 0.0 ms]
      [Humongous Register: 0.1 ms]
      [Humongous Reclaim: 0.0 ms]
      [Free CSet: 0.0 ms]
   [Eden: 21.0M(21.0M)->0.0B(21.0M) Survivors: 4096.0K->4096.0K Heap: 344.7M(512.0M)->292.3M(512.0M)]
 [Times: user=0.01 sys=0.00, real=0.00 secs] 
2020-10-28T20:28:38.052-0800: [GC pause (G1 Evacuation Pause) (mixed), 0.0040606 secs]
   [Parallel Time: 3.3 ms, GC Workers: 4]
      [GC Worker Start (ms): Min: 400.9, Avg: 400.9, Max: 401.0, Diff: 0.1]
      [Ext Root Scanning (ms): Min: 0.0, Avg: 0.1, Max: 0.2, Diff: 0.1, Sum: 0.5]
      [Update RS (ms): Min: 0.3, Avg: 0.3, Max: 0.3, Diff: 0.0, Sum: 1.2]
         [Processed Buffers: Min: 4, Avg: 5.8, Max: 7, Diff: 3, Sum: 23]
      [Scan RS (ms): Min: 0.0, Avg: 0.0, Max: 0.0, Diff: 0.0, Sum: 0.1]
      [Code Root Scanning (ms): Min: 0.0, Avg: 0.0, Max: 0.0, Diff: 0.0, Sum: 0.0]
      [Object Copy (ms): Min: 2.3, Avg: 2.4, Max: 2.7, Diff: 0.5, Sum: 9.7]
      [Termination (ms): Min: 0.0, Avg: 0.3, Max: 0.6, Diff: 0.6, Sum: 1.3]
         [Termination Attempts: Min: 1, Avg: 1.0, Max: 1, Diff: 0, Sum: 4]
      [GC Worker Other (ms): Min: 0.0, Avg: 0.0, Max: 0.0, Diff: 0.0, Sum: 0.0]
      [GC Worker Total (ms): Min: 3.2, Avg: 3.2, Max: 3.3, Diff: 0.1, Sum: 12.8]
      [GC Worker End (ms): Min: 404.1, Avg: 404.2, Max: 404.2, Diff: 0.1]
   [Code Root Fixup: 0.0 ms]
   [Code Root Purge: 0.0 ms]
   [Clear CT: 0.1 ms]
   [Other: 0.7 ms]
      [Choose CSet: 0.0 ms]
      [Ref Proc: 0.5 ms]
      [Ref Enq: 0.0 ms]
      [Redirty Cards: 0.0 ms]
      [Humongous Register: 0.1 ms]
      [Humongous Reclaim: 0.0 ms]
      [Free CSet: 0.0 ms]
   [Eden: 21.0M(21.0M)->0.0B(99.0M) Survivors: 4096.0K->4096.0K Heap: 316.4M(512.0M)->287.4M(512.0M)]
 [Times: user=0.02 sys=0.00, real=0.00 secs] 
2020-10-28T20:28:38.056-0800: [GC pause (G1 Humongous Allocation) (young) (initial-mark), 0.0020607 secs]
   [Parallel Time: 1.1 ms, GC Workers: 4]
      [GC Worker Start (ms): Min: 405.5, Avg: 405.6, Max: 405.7, Diff: 0.2]
      [Ext Root Scanning (ms): Min: 0.0, Avg: 0.4, Max: 1.1, Diff: 1.1, Sum: 1.4]
      [Update RS (ms): Min: 0.0, Avg: 0.0, Max: 0.1, Diff: 0.1, Sum: 0.2]
         [Processed Buffers: Min: 0, Avg: 1.2, Max: 2, Diff: 2, Sum: 5]
      [Scan RS (ms): Min: 0.0, Avg: 0.0, Max: 0.0, Diff: 0.0, Sum: 0.0]
      [Code Root Scanning (ms): Min: 0.0, Avg: 0.0, Max: 0.0, Diff: 0.0, Sum: 0.0]
      [Object Copy (ms): Min: 0.0, Avg: 0.2, Max: 0.3, Diff: 0.3, Sum: 0.9]
      [Termination (ms): Min: 0.0, Avg: 0.4, Max: 0.6, Diff: 0.6, Sum: 1.6]
         [Termination Attempts: Min: 1, Avg: 1.0, Max: 1, Diff: 0, Sum: 4]
      [GC Worker Other (ms): Min: 0.0, Avg: 0.0, Max: 0.0, Diff: 0.0, Sum: 0.0]
      [GC Worker Total (ms): Min: 0.9, Avg: 1.0, Max: 1.1, Diff: 0.1, Sum: 4.2]
      [GC Worker End (ms): Min: 406.6, Avg: 406.6, Max: 406.6, Diff: 0.0]
   [Code Root Fixup: 0.0 ms]
   [Code Root Purge: 0.0 ms]
   [Clear CT: 0.0 ms]
   [Other: 0.9 ms]
      [Choose CSet: 0.0 ms]
      [Ref Proc: 0.7 ms]
      [Ref Enq: 0.0 ms]
      [Redirty Cards: 0.0 ms]
      [Humongous Register: 0.1 ms]
      [Humongous Reclaim: 0.0 ms]
      [Free CSet: 0.0 ms]
   [Eden: 2048.0K(99.0M)->0.0B(98.0M) Survivors: 4096.0K->4096.0K Heap: 288.9M(512.0M)->287.2M(512.0M)]
 [Times: user=0.00 sys=0.00, real=0.00 secs] 
2020-10-28T20:28:38.059-0800: [GC concurrent-root-region-scan-start]
2020-10-28T20:28:38.059-0800: [GC concurrent-root-region-scan-end, 0.0000910 secs]
2020-10-28T20:28:38.059-0800: [GC concurrent-mark-start]
2020-10-28T20:28:38.060-0800: [GC concurrent-mark-end, 0.0012545 secs]
2020-10-28T20:28:38.060-0800: [GC remark 2020-10-28T20:28:38.060-0800: [Finalize Marking, 0.0006654 secs] 2020-10-28T20:28:38.061-0800: [GC ref-proc, 0.0000228 secs] 2020-10-28T20:28:38.061-0800: [Unloading, 0.0004034 secs], 0.0016184 secs]
 [Times: user=0.01 sys=0.00, real=0.00 secs] 
2020-10-28T20:28:38.062-0800: [GC cleanup 298M->298M(512M), 0.0004217 secs]
 [Times: user=0.00 sys=0.00, real=0.00 secs] 
2020-10-28T20:28:38.077-0800: [GC pause (G1 Evacuation Pause) (young) (to-space exhausted), 0.0037017 secs]
   [Parallel Time: 3.2 ms, GC Workers: 4]
      [GC Worker Start (ms): Min: 426.2, Avg: 426.2, Max: 426.3, Diff: 0.2]
      [Ext Root Scanning (ms): Min: 0.0, Avg: 0.1, Max: 0.2, Diff: 0.2, Sum: 0.5]
      [Update RS (ms): Min: 0.2, Avg: 0.3, Max: 0.3, Diff: 0.0, Sum: 1.0]
         [Processed Buffers: Min: 2, Avg: 4.8, Max: 6, Diff: 4, Sum: 19]
      [Scan RS (ms): Min: 0.0, Avg: 0.0, Max: 0.0, Diff: 0.0, Sum: 0.0]
      [Code Root Scanning (ms): Min: 0.0, Avg: 0.0, Max: 0.0, Diff: 0.0, Sum: 0.0]
      [Object Copy (ms): Min: 2.7, Avg: 2.7, Max: 2.7, Diff: 0.0, Sum: 10.8]
      [Termination (ms): Min: 0.0, Avg: 0.0, Max: 0.1, Diff: 0.1, Sum: 0.1]
         [Termination Attempts: Min: 1, Avg: 1.0, Max: 1, Diff: 0, Sum: 4]
      [GC Worker Other (ms): Min: 0.0, Avg: 0.0, Max: 0.0, Diff: 0.0, Sum: 0.0]
      [GC Worker Total (ms): Min: 3.0, Avg: 3.1, Max: 3.2, Diff: 0.2, Sum: 12.5]
      [GC Worker End (ms): Min: 429.3, Avg: 429.3, Max: 429.3, Diff: 0.0]
   [Code Root Fixup: 0.0 ms]
   [Code Root Purge: 0.0 ms]
   [Clear CT: 0.0 ms]
   [Other: 0.4 ms]
      [Evacuation Failure: 0.1 ms]
      [Choose CSet: 0.0 ms]
      [Ref Proc: 0.1 ms]
      [Ref Enq: 0.0 ms]
      [Redirty Cards: 0.0 ms]
      [Humongous Register: 0.1 ms]
      [Humongous Reclaim: 0.0 ms]
      [Free CSet: 0.0 ms]
   [Eden: 98.0M(98.0M)->0.0B(12.0M) Survivors: 4096.0K->13.0M Heap: 423.5M(512.0M)->363.6M(512.0M)]
 [Times: user=0.01 sys=0.00, real=0.01 secs] 
2020-10-28T20:28:38.083-0800: [GC pause (G1 Evacuation Pause) (mixed), 0.0055572 secs]
   [Parallel Time: 4.6 ms, GC Workers: 4]
      [GC Worker Start (ms): Min: 431.8, Avg: 431.8, Max: 431.9, Diff: 0.1]
      [Ext Root Scanning (ms): Min: 0.1, Avg: 0.1, Max: 0.2, Diff: 0.1, Sum: 0.5]
      [Update RS (ms): Min: 0.2, Avg: 0.2, Max: 0.2, Diff: 0.0, Sum: 0.8]
         [Processed Buffers: Min: 4, Avg: 4.2, Max: 5, Diff: 1, Sum: 17]
      [Scan RS (ms): Min: 0.0, Avg: 0.0, Max: 0.1, Diff: 0.0, Sum: 0.1]
      [Code Root Scanning (ms): Min: 0.0, Avg: 0.0, Max: 0.0, Diff: 0.0, Sum: 0.0]
      [Object Copy (ms): Min: 4.1, Avg: 4.2, Max: 4.2, Diff: 0.0, Sum: 16.7]
      [Termination (ms): Min: 0.0, Avg: 0.0, Max: 0.1, Diff: 0.1, Sum: 0.1]
         [Termination Attempts: Min: 1, Avg: 1.0, Max: 1, Diff: 0, Sum: 4]
      [GC Worker Other (ms): Min: 0.0, Avg: 0.0, Max: 0.0, Diff: 0.0, Sum: 0.0]
      [GC Worker Total (ms): Min: 4.5, Avg: 4.6, Max: 4.6, Diff: 0.1, Sum: 18.2]
      [GC Worker End (ms): Min: 436.4, Avg: 436.4, Max: 436.4, Diff: 0.0]
   [Code Root Fixup: 0.0 ms]
   [Code Root Purge: 0.0 ms]
   [Clear CT: 0.1 ms]
   [Other: 0.9 ms]
      [Choose CSet: 0.0 ms]
      [Ref Proc: 0.6 ms]
      [Ref Enq: 0.0 ms]
      [Redirty Cards: 0.0 ms]
      [Humongous Register: 0.1 ms]
      [Humongous Reclaim: 0.0 ms]
      [Free CSet: 0.1 ms]
   [Eden: 12.0M(12.0M)->0.0B(54.0M) Survivors: 13.0M->3072.0K Heap: 376.9M(512.0M)->339.3M(512.0M)]
 [Times: user=0.02 sys=0.00, real=0.00 secs] 
2020-10-28T20:28:38.089-0800: [GC pause (G1 Humongous Allocation) (young) (initial-mark), 0.0015788 secs]
   [Parallel Time: 0.7 ms, GC Workers: 4]
      [GC Worker Start (ms): Min: 438.1, Avg: 438.2, Max: 438.4, Diff: 0.2]
      [Ext Root Scanning (ms): Min: 0.1, Avg: 0.2, Max: 0.3, Diff: 0.2, Sum: 0.7]
      [Update RS (ms): Min: 0.0, Avg: 0.1, Max: 0.1, Diff: 0.0, Sum: 0.3]
         [Processed Buffers: Min: 1, Avg: 1.2, Max: 2, Diff: 1, Sum: 5]
      [Scan RS (ms): Min: 0.0, Avg: 0.0, Max: 0.0, Diff: 0.0, Sum: 0.0]
      [Code Root Scanning (ms): Min: 0.0, Avg: 0.0, Max: 0.0, Diff: 0.0, Sum: 0.0]
      [Object Copy (ms): Min: 0.2, Avg: 0.2, Max: 0.2, Diff: 0.0, Sum: 0.8]
      [Termination (ms): Min: 0.0, Avg: 0.0, Max: 0.1, Diff: 0.1, Sum: 0.2]
         [Termination Attempts: Min: 1, Avg: 1.0, Max: 1, Diff: 0, Sum: 4]
      [GC Worker Other (ms): Min: 0.0, Avg: 0.0, Max: 0.0, Diff: 0.0, Sum: 0.0]
      [GC Worker Total (ms): Min: 0.4, Avg: 0.5, Max: 0.6, Diff: 0.2, Sum: 2.0]
      [GC Worker End (ms): Min: 438.7, Avg: 438.7, Max: 438.8, Diff: 0.0]
   [Code Root Fixup: 0.0 ms]
   [Code Root Purge: 0.0 ms]
   [Clear CT: 0.0 ms]
   [Other: 0.9 ms]
      [Choose CSet: 0.0 ms]
      [Ref Proc: 0.6 ms]
      [Ref Enq: 0.0 ms]
      [Redirty Cards: 0.0 ms]
      [Humongous Register: 0.1 ms]
      [Humongous Reclaim: 0.0 ms]
      [Free CSet: 0.0 ms]
   [Eden: 3072.0K(54.0M)->0.0B(56.0M) Survivors: 3072.0K->4096.0K Heap: 341.6M(512.0M)->339.5M(512.0M)]
 [Times: user=0.00 sys=0.00, real=0.01 secs] 
2020-10-28T20:28:38.091-0800: [GC concurrent-root-region-scan-start]
2020-10-28T20:28:38.091-0800: [GC concurrent-root-region-scan-end, 0.0000848 secs]
2020-10-28T20:28:38.091-0800: [GC concurrent-mark-start]
2020-10-28T20:28:38.092-0800: [GC concurrent-mark-end, 0.0014405 secs]
2020-10-28T20:28:38.092-0800: [GC remark 2020-10-28T20:28:38.092-0800: [Finalize Marking, 0.0002317 secs] 2020-10-28T20:28:38.093-0800: [GC ref-proc, 0.0000226 secs] 2020-10-28T20:28:38.093-0800: [Unloading, 0.0003957 secs], 0.0012134 secs]
 [Times: user=0.01 sys=0.00, real=0.00 secs] 
2020-10-28T20:28:38.094-0800: [GC cleanup 353M->351M(512M), 0.0004282 secs]
 [Times: user=0.00 sys=0.01, real=0.00 secs] 
2020-10-28T20:28:38.094-0800: [GC concurrent-cleanup-start]
2020-10-28T20:28:38.094-0800: [GC concurrent-cleanup-end, 0.0000145 secs]
2020-10-28T20:28:38.102-0800: [GC pause (G1 Evacuation Pause) (young), 0.0044214 secs]
   [Parallel Time: 3.4 ms, GC Workers: 4]
      [GC Worker Start (ms): Min: 451.0, Avg: 451.8, Max: 454.2, Diff: 3.2]
      [Ext Root Scanning (ms): Min: 0.0, Avg: 0.1, Max: 0.2, Diff: 0.2, Sum: 0.4]
      [Update RS (ms): Min: 0.0, Avg: 0.3, Max: 0.4, Diff: 0.4, Sum: 1.1]
         [Processed Buffers: Min: 0, Avg: 5.0, Max: 8, Diff: 8, Sum: 20]
      [Scan RS (ms): Min: 0.0, Avg: 0.0, Max: 0.0, Diff: 0.0, Sum: 0.0]
      [Code Root Scanning (ms): Min: 0.0, Avg: 0.0, Max: 0.0, Diff: 0.0, Sum: 0.0]
      [Object Copy (ms): Min: 0.0, Avg: 1.7, Max: 2.4, Diff: 2.4, Sum: 7.0]
      [Termination (ms): Min: 0.0, Avg: 0.4, Max: 0.5, Diff: 0.5, Sum: 1.4]
         [Termination Attempts: Min: 1, Avg: 1.0, Max: 1, Diff: 0, Sum: 4]
      [GC Worker Other (ms): Min: 0.0, Avg: 0.0, Max: 0.0, Diff: 0.0, Sum: 0.0]
      [GC Worker Total (ms): Min: 0.0, Avg: 2.5, Max: 3.4, Diff: 3.4, Sum: 9.9]
      [GC Worker End (ms): Min: 454.2, Avg: 454.3, Max: 454.4, Diff: 0.2]
   [Code Root Fixup: 0.0 ms]
   [Code Root Purge: 0.0 ms]
   [Clear CT: 0.0 ms]
   [Other: 0.9 ms]
      [Choose CSet: 0.0 ms]
      [Ref Proc: 0.6 ms]
      [Ref Enq: 0.0 ms]
      [Redirty Cards: 0.1 ms]
      [Humongous Register: 0.1 ms]
      [Humongous Reclaim: 0.0 ms]
      [Free CSet: 0.0 ms]
   [Eden: 56.0M(56.0M)->0.0B(17.0M) Survivors: 4096.0K->8192.0K Heap: 413.4M(512.0M)->364.4M(512.0M)]
 [Times: user=0.01 sys=0.00, real=0.00 secs] 
2020-10-28T20:28:38.109-0800: [GC pause (G1 Evacuation Pause) (mixed), 0.0042535 secs]
   [Parallel Time: 3.4 ms, GC Workers: 4]
      [GC Worker Start (ms): Min: 457.8, Avg: 458.2, Max: 459.3, Diff: 1.5]
      [Ext Root Scanning (ms): Min: 0.0, Avg: 0.1, Max: 0.2, Diff: 0.2, Sum: 0.4]
      [Update RS (ms): Min: 0.0, Avg: 0.3, Max: 0.4, Diff: 0.4, Sum: 1.2]
         [Processed Buffers: Min: 0, Avg: 6.5, Max: 10, Diff: 10, Sum: 26]
      [Scan RS (ms): Min: 0.0, Avg: 0.0, Max: 0.0, Diff: 0.0, Sum: 0.1]
      [Code Root Scanning (ms): Min: 0.0, Avg: 0.0, Max: 0.0, Diff: 0.0, Sum: 0.0]
      [Object Copy (ms): Min: 1.4, Avg: 2.2, Max: 2.6, Diff: 1.2, Sum: 8.7]
      [Termination (ms): Min: 0.0, Avg: 0.3, Max: 0.4, Diff: 0.4, Sum: 1.0]
         [Termination Attempts: Min: 1, Avg: 1.0, Max: 1, Diff: 0, Sum: 4]
      [GC Worker Other (ms): Min: 0.0, Avg: 0.0, Max: 0.0, Diff: 0.0, Sum: 0.0]
      [GC Worker Total (ms): Min: 1.9, Avg: 2.9, Max: 3.3, Diff: 1.4, Sum: 11.5]
      [GC Worker End (ms): Min: 461.0, Avg: 461.1, Max: 461.1, Diff: 0.1]
   [Code Root Fixup: 0.0 ms]
   [Code Root Purge: 0.0 ms]
   [Clear CT: 0.0 ms]
   [Other: 0.8 ms]
      [Choose CSet: 0.0 ms]
      [Ref Proc: 0.6 ms]
      [Ref Enq: 0.0 ms]
      [Redirty Cards: 0.0 ms]
      [Humongous Register: 0.1 ms]
      [Humongous Reclaim: 0.0 ms]
      [Free CSet: 0.0 ms]
   [Eden: 17.0M(17.0M)->0.0B(21.0M) Survivors: 8192.0K->4096.0K Heap: 384.1M(512.0M)->327.4M(512.0M)]
 [Times: user=0.01 sys=0.00, real=0.01 secs] 
2020-10-28T20:28:38.116-0800: [GC pause (G1 Evacuation Pause) (mixed), 0.0038481 secs]
   [Parallel Time: 3.5 ms, GC Workers: 4]
      [GC Worker Start (ms): Min: 465.4, Avg: 465.7, Max: 466.7, Diff: 1.3]
      [Ext Root Scanning (ms): Min: 0.0, Avg: 0.1, Max: 0.2, Diff: 0.2, Sum: 0.4]
      [Update RS (ms): Min: 0.0, Avg: 0.4, Max: 0.5, Diff: 0.5, Sum: 1.5]
         [Processed Buffers: Min: 0, Avg: 7.5, Max: 11, Diff: 11, Sum: 30]
      [Scan RS (ms): Min: 0.0, Avg: 0.0, Max: 0.0, Diff: 0.0, Sum: 0.1]
      [Code Root Scanning (ms): Min: 0.0, Avg: 0.0, Max: 0.0, Diff: 0.0, Sum: 0.0]
      [Object Copy (ms): Min: 2.1, Avg: 2.6, Max: 2.7, Diff: 0.6, Sum: 10.3]
      [Termination (ms): Min: 0.0, Avg: 0.0, Max: 0.0, Diff: 0.0, Sum: 0.1]
         [Termination Attempts: Min: 1, Avg: 1.0, Max: 1, Diff: 0, Sum: 4]
      [GC Worker Other (ms): Min: 0.0, Avg: 0.0, Max: 0.0, Diff: 0.0, Sum: 0.0]
      [GC Worker Total (ms): Min: 2.2, Avg: 3.1, Max: 3.4, Diff: 1.3, Sum: 12.4]
      [GC Worker End (ms): Min: 468.8, Avg: 468.8, Max: 468.8, Diff: 0.0]
   [Code Root Fixup: 0.0 ms]
   [Code Root Purge: 0.0 ms]
   [Clear CT: 0.0 ms]
   [Other: 0.3 ms]
      [Choose CSet: 0.0 ms]
      [Ref Proc: 0.0 ms]
      [Ref Enq: 0.0 ms]
      [Redirty Cards: 0.1 ms]
      [Humongous Register: 0.1 ms]
      [Humongous Reclaim: 0.0 ms]
      [Free CSet: 0.0 ms]
   [Eden: 21.0M(21.0M)->0.0B(63.0M) Survivors: 4096.0K->4096.0K Heap: 354.2M(512.0M)->324.1M(512.0M)]
 [Times: user=0.01 sys=0.00, real=0.01 secs] 
2020-10-28T20:28:38.122-0800: [GC pause (G1 Humongous Allocation) (young) (initial-mark), 0.0020162 secs]
   [Parallel Time: 1.0 ms, GC Workers: 4]
      [GC Worker Start (ms): Min: 470.9, Avg: 471.0, Max: 471.2, Diff: 0.2]
      [Ext Root Scanning (ms): Min: 0.0, Avg: 0.2, Max: 0.6, Diff: 0.6, Sum: 1.0]
      [Update RS (ms): Min: 0.0, Avg: 0.2, Max: 0.3, Diff: 0.3, Sum: 0.7]
         [Processed Buffers: Min: 0, Avg: 1.2, Max: 2, Diff: 2, Sum: 5]
      [Scan RS (ms): Min: 0.0, Avg: 0.0, Max: 0.0, Diff: 0.0, Sum: 0.0]
      [Code Root Scanning (ms): Min: 0.0, Avg: 0.0, Max: 0.0, Diff: 0.0, Sum: 0.0]
      [Object Copy (ms): Min: 0.4, Avg: 0.4, Max: 0.5, Diff: 0.1, Sum: 1.7]
      [Termination (ms): Min: 0.0, Avg: 0.0, Max: 0.1, Diff: 0.1, Sum: 0.1]
         [Termination Attempts: Min: 1, Avg: 1.0, Max: 1, Diff: 0, Sum: 4]
      [GC Worker Other (ms): Min: 0.0, Avg: 0.0, Max: 0.0, Diff: 0.0, Sum: 0.0]
      [GC Worker Total (ms): Min: 0.8, Avg: 0.9, Max: 1.0, Diff: 0.2, Sum: 3.6]
      [GC Worker End (ms): Min: 471.9, Avg: 471.9, Max: 471.9, Diff: 0.0]
   [Code Root Fixup: 0.0 ms]
   [Code Root Purge: 0.0 ms]
   [Clear CT: 0.0 ms]
   [Other: 0.9 ms]
      [Choose CSet: 0.0 ms]
      [Ref Proc: 0.6 ms]
      [Ref Enq: 0.0 ms]
      [Redirty Cards: 0.0 ms]
      [Humongous Register: 0.1 ms]
      [Humongous Reclaim: 0.0 ms]
      [Free CSet: 0.0 ms]
   [Eden: 10.0M(63.0M)->0.0B(63.0M) Survivors: 4096.0K->6144.0K Heap: 333.5M(512.0M)->325.3M(512.0M)]
 [Times: user=0.01 sys=0.00, real=0.00 secs] 
2020-10-28T20:28:38.124-0800: [GC concurrent-root-region-scan-start]
2020-10-28T20:28:38.124-0800: [GC concurrent-root-region-scan-end, 0.0001202 secs]
2020-10-28T20:28:38.124-0800: [GC concurrent-mark-start]
2020-10-28T20:28:38.126-0800: [GC concurrent-mark-end, 0.0017606 secs]
2020-10-28T20:28:38.126-0800: [GC remark 2020-10-28T20:28:38.126-0800: [Finalize Marking, 0.0001654 secs] 2020-10-28T20:28:38.126-0800: [GC ref-proc, 0.0000270 secs] 2020-10-28T20:28:38.126-0800: [Unloading, 0.0003944 secs], 0.0015478 secs]
 [Times: user=0.01 sys=0.00, real=0.00 secs] 
2020-10-28T20:28:38.128-0800: [GC cleanup 335M->335M(512M), 0.0006360 secs]
 [Times: user=0.00 sys=0.00, real=0.00 secs] 
2020-10-28T20:28:38.138-0800: [GC pause (G1 Evacuation Pause) (young), 0.0041083 secs]
   [Parallel Time: 3.6 ms, GC Workers: 4]
      [GC Worker Start (ms): Min: 486.9, Avg: 487.1, Max: 487.6, Diff: 0.7]
      [Ext Root Scanning (ms): Min: 0.0, Avg: 0.1, Max: 0.2, Diff: 0.2, Sum: 0.4]
      [Update RS (ms): Min: 0.0, Avg: 0.4, Max: 0.6, Diff: 0.5, Sum: 1.8]
         [Processed Buffers: Min: 1, Avg: 8.2, Max: 14, Diff: 13, Sum: 33]
      [Scan RS (ms): Min: 0.0, Avg: 0.0, Max: 0.0, Diff: 0.0, Sum: 0.0]
      [Code Root Scanning (ms): Min: 0.0, Avg: 0.0, Max: 0.0, Diff: 0.0, Sum: 0.0]
      [Object Copy (ms): Min: 2.7, Avg: 2.8, Max: 2.8, Diff: 0.0, Sum: 11.0]
      [Termination (ms): Min: 0.0, Avg: 0.0, Max: 0.1, Diff: 0.1, Sum: 0.1]
         [Termination Attempts: Min: 1, Avg: 1.0, Max: 1, Diff: 0, Sum: 4]
      [GC Worker Other (ms): Min: 0.0, Avg: 0.0, Max: 0.0, Diff: 0.0, Sum: 0.0]
      [GC Worker Total (ms): Min: 2.8, Avg: 3.3, Max: 3.6, Diff: 0.8, Sum: 13.4]
      [GC Worker End (ms): Min: 490.4, Avg: 490.4, Max: 490.5, Diff: 0.0]
   [Code Root Fixup: 0.0 ms]
   [Code Root Purge: 0.0 ms]
   [Clear CT: 0.0 ms]
   [Other: 0.4 ms]
      [Choose CSet: 0.0 ms]
      [Ref Proc: 0.2 ms]
      [Ref Enq: 0.0 ms]
      [Redirty Cards: 0.0 ms]
      [Humongous Register: 0.1 ms]
      [Humongous Reclaim: 0.0 ms]
      [Free CSet: 0.0 ms]
   [Eden: 63.0M(63.0M)->0.0B(16.0M) Survivors: 6144.0K->9216.0K Heap: 407.4M(512.0M)->347.4M(512.0M)]
 [Times: user=0.01 sys=0.00, real=0.01 secs] 
2020-10-28T20:28:38.144-0800: [GC pause (G1 Evacuation Pause) (mixed), 0.0062860 secs]
   [Parallel Time: 5.4 ms, GC Workers: 4]
      [GC Worker Start (ms): Min: 493.6, Avg: 493.9, Max: 494.7, Diff: 1.2]
      [Ext Root Scanning (ms): Min: 0.0, Avg: 0.1, Max: 0.2, Diff: 0.2, Sum: 0.4]
      [Update RS (ms): Min: 0.0, Avg: 0.4, Max: 0.6, Diff: 0.6, Sum: 1.8]
         [Processed Buffers: Min: 0, Avg: 9.2, Max: 13, Diff: 13, Sum: 37]
      [Scan RS (ms): Min: 0.0, Avg: 0.0, Max: 0.0, Diff: 0.0, Sum: 0.1]
      [Code Root Scanning (ms): Min: 0.0, Avg: 0.0, Max: 0.0, Diff: 0.0, Sum: 0.0]
      [Object Copy (ms): Min: 3.7, Avg: 4.1, Max: 4.5, Diff: 0.9, Sum: 16.3]
      [Termination (ms): Min: 0.0, Avg: 0.4, Max: 0.6, Diff: 0.6, Sum: 1.6]
         [Termination Attempts: Min: 1, Avg: 1.0, Max: 1, Diff: 0, Sum: 4]
      [GC Worker Other (ms): Min: 0.0, Avg: 0.0, Max: 0.0, Diff: 0.0, Sum: 0.0]
      [GC Worker Total (ms): Min: 4.2, Avg: 5.1, Max: 5.4, Diff: 1.1, Sum: 20.2]
      [GC Worker End (ms): Min: 498.9, Avg: 498.9, Max: 498.9, Diff: 0.0]
   [Code Root Fixup: 0.0 ms]
   [Code Root Purge: 0.0 ms]
   [Clear CT: 0.1 ms]
   [Other: 0.8 ms]
      [Choose CSet: 0.0 ms]
      [Ref Proc: 0.6 ms]
      [Ref Enq: 0.0 ms]
      [Redirty Cards: 0.0 ms]
      [Humongous Register: 0.1 ms]
      [Humongous Reclaim: 0.0 ms]
      [Free CSet: 0.0 ms]
   [Eden: 16.0M(16.0M)->0.0B(60.0M) Survivors: 9216.0K->4096.0K Heap: 367.4M(512.0M)->327.0M(512.0M)]
 [Times: user=0.02 sys=0.00, real=0.01 secs] 
2020-10-28T20:28:38.151-0800: [GC pause (G1 Humongous Allocation) (young) (initial-mark), 0.0009667 secs]
   [Parallel Time: 0.6 ms, GC Workers: 4]
      [GC Worker Start (ms): Min: 500.3, Avg: 500.3, Max: 500.4, Diff: 0.1]
      [Ext Root Scanning (ms): Min: 0.1, Avg: 0.1, Max: 0.2, Diff: 0.1, Sum: 0.5]
      [Update RS (ms): Min: 0.0, Avg: 0.1, Max: 0.1, Diff: 0.1, Sum: 0.3]
         [Processed Buffers: Min: 1, Avg: 1.2, Max: 2, Diff: 1, Sum: 5]
      [Scan RS (ms): Min: 0.0, Avg: 0.0, Max: 0.0, Diff: 0.0, Sum: 0.0]
      [Code Root Scanning (ms): Min: 0.0, Avg: 0.0, Max: 0.0, Diff: 0.0, Sum: 0.0]
      [Object Copy (ms): Min: 0.3, Avg: 0.3, Max: 0.4, Diff: 0.1, Sum: 1.3]
      [Termination (ms): Min: 0.0, Avg: 0.0, Max: 0.0, Diff: 0.0, Sum: 0.1]
         [Termination Attempts: Min: 1, Avg: 1.0, Max: 1, Diff: 0, Sum: 4]
      [GC Worker Other (ms): Min: 0.0, Avg: 0.0, Max: 0.0, Diff: 0.0, Sum: 0.0]
      [GC Worker Total (ms): Min: 0.5, Avg: 0.6, Max: 0.6, Diff: 0.1, Sum: 2.2]
      [GC Worker End (ms): Min: 500.9, Avg: 500.9, Max: 500.9, Diff: 0.0]
   [Code Root Fixup: 0.0 ms]
   [Code Root Purge: 0.0 ms]
   [Clear CT: 0.0 ms]
   [Other: 0.3 ms]
      [Choose CSet: 0.0 ms]
      [Ref Proc: 0.1 ms]
      [Ref Enq: 0.0 ms]
      [Redirty Cards: 0.1 ms]
      [Humongous Register: 0.1 ms]
      [Humongous Reclaim: 0.0 ms]
      [Free CSet: 0.0 ms]
   [Eden: 2048.0K(60.0M)->0.0B(59.0M) Survivors: 4096.0K->6144.0K Heap: 329.0M(512.0M)->327.8M(512.0M)]
 [Times: user=0.00 sys=0.00, real=0.00 secs] 
2020-10-28T20:28:38.152-0800: [GC concurrent-root-region-scan-start]
2020-10-28T20:28:38.152-0800: [GC concurrent-root-region-scan-end, 0.0000996 secs]
2020-10-28T20:28:38.152-0800: [GC concurrent-mark-start]
2020-10-28T20:28:38.154-0800: [GC concurrent-mark-end, 0.0014326 secs]
2020-10-28T20:28:38.154-0800: [GC remark 2020-10-28T20:28:38.154-0800: [Finalize Marking, 0.0002584 secs] 2020-10-28T20:28:38.154-0800: [GC ref-proc, 0.0000502 secs] 2020-10-28T20:28:38.154-0800: [Unloading, 0.0004655 secs], 0.0015939 secs]
 [Times: user=0.00 sys=0.00, real=0.00 secs] 
2020-10-28T20:28:38.156-0800: [GC cleanup 339M->339M(512M), 0.0004638 secs]
 [Times: user=0.00 sys=0.00, real=0.00 secs] 
2020-10-28T20:28:38.164-0800: [GC pause (G1 Evacuation Pause) (young), 0.0039030 secs]
   [Parallel Time: 3.0 ms, GC Workers: 4]
      [GC Worker Start (ms): Min: 513.2, Avg: 513.3, Max: 513.4, Diff: 0.1]
      [Ext Root Scanning (ms): Min: 0.0, Avg: 0.1, Max: 0.2, Diff: 0.1, Sum: 0.5]
      [Update RS (ms): Min: 0.5, Avg: 0.5, Max: 0.5, Diff: 0.0, Sum: 2.2]
         [Processed Buffers: Min: 8, Avg: 10.5, Max: 12, Diff: 4, Sum: 42]
      [Scan RS (ms): Min: 0.0, Avg: 0.0, Max: 0.0, Diff: 0.0, Sum: 0.0]
      [Code Root Scanning (ms): Min: 0.0, Avg: 0.0, Max: 0.0, Diff: 0.0, Sum: 0.0]
      [Object Copy (ms): Min: 2.2, Avg: 2.2, Max: 2.2, Diff: 0.1, Sum: 8.7]
      [Termination (ms): Min: 0.0, Avg: 0.1, Max: 0.1, Diff: 0.1, Sum: 0.2]
         [Termination Attempts: Min: 1, Avg: 1.0, Max: 1, Diff: 0, Sum: 4]
      [GC Worker Other (ms): Min: 0.0, Avg: 0.0, Max: 0.0, Diff: 0.0, Sum: 0.0]
      [GC Worker Total (ms): Min: 2.8, Avg: 2.9, Max: 2.9, Diff: 0.1, Sum: 11.7]
      [GC Worker End (ms): Min: 516.2, Avg: 516.2, Max: 516.2, Diff: 0.0]
   [Code Root Fixup: 0.0 ms]
   [Code Root Purge: 0.0 ms]
   [Clear CT: 0.1 ms]
   [Other: 0.8 ms]
      [Choose CSet: 0.0 ms]
      [Ref Proc: 0.6 ms]
      [Ref Enq: 0.0 ms]
      [Redirty Cards: 0.0 ms]
      [Humongous Register: 0.1 ms]
      [Humongous Reclaim: 0.0 ms]
      [Free CSet: 0.0 ms]
   [Eden: 59.0M(59.0M)->0.0B(16.0M) Survivors: 6144.0K->9216.0K Heap: 402.1M(512.0M)->345.2M(512.0M)]
 [Times: user=0.02 sys=0.00, real=0.00 secs] 
2020-10-28T20:28:38.171-0800: [GC pause (G1 Evacuation Pause) (mixed), 0.0055827 secs]
   [Parallel Time: 4.6 ms, GC Workers: 4]
      [GC Worker Start (ms): Min: 520.2, Avg: 520.2, Max: 520.3, Diff: 0.1]
      [Ext Root Scanning (ms): Min: 0.0, Avg: 0.1, Max: 0.2, Diff: 0.1, Sum: 0.5]
      [Update RS (ms): Min: 0.4, Avg: 0.5, Max: 0.5, Diff: 0.0, Sum: 1.8]
         [Processed Buffers: Min: 6, Avg: 9.0, Max: 10, Diff: 4, Sum: 36]
      [Scan RS (ms): Min: 0.0, Avg: 0.0, Max: 0.0, Diff: 0.0, Sum: 0.1]
      [Code Root Scanning (ms): Min: 0.0, Avg: 0.0, Max: 0.0, Diff: 0.0, Sum: 0.0]
      [Object Copy (ms): Min: 3.3, Avg: 3.5, Max: 3.9, Diff: 0.6, Sum: 13.9]
      [Termination (ms): Min: 0.0, Avg: 0.4, Max: 0.6, Diff: 0.6, Sum: 1.7]
         [Termination Attempts: Min: 1, Avg: 1.0, Max: 1, Diff: 0, Sum: 4]
      [GC Worker Other (ms): Min: 0.0, Avg: 0.0, Max: 0.0, Diff: 0.0, Sum: 0.0]
      [GC Worker Total (ms): Min: 4.4, Avg: 4.5, Max: 4.5, Diff: 0.1, Sum: 18.1]
      [GC Worker End (ms): Min: 524.8, Avg: 524.8, Max: 524.8, Diff: 0.0]
   [Code Root Fixup: 0.0 ms]
   [Code Root Purge: 0.0 ms]
   [Clear CT: 0.1 ms]
   [Other: 0.9 ms]
      [Choose CSet: 0.0 ms]
      [Ref Proc: 0.7 ms]
      [Ref Enq: 0.0 ms]
      [Redirty Cards: 0.0 ms]
      [Humongous Register: 0.1 ms]
      [Humongous Reclaim: 0.0 ms]
      [Free CSet: 0.0 ms]
   [Eden: 16.0M(16.0M)->0.0B(57.0M) Survivors: 9216.0K->4096.0K Heap: 366.7M(512.0M)->330.9M(512.0M)]
 [Times: user=0.01 sys=0.00, real=0.00 secs] 
2020-10-28T20:28:38.177-0800: [GC pause (G1 Humongous Allocation) (young) (initial-mark), 0.0018775 secs]
   [Parallel Time: 1.2 ms, GC Workers: 4]
      [GC Worker Start (ms): Min: 526.1, Avg: 526.1, Max: 526.3, Diff: 0.2]
      [Ext Root Scanning (ms): Min: 0.0, Avg: 0.4, Max: 1.2, Diff: 1.2, Sum: 1.5]
      [Update RS (ms): Min: 0.0, Avg: 0.1, Max: 0.1, Diff: 0.1, Sum: 0.2]
         [Processed Buffers: Min: 0, Avg: 1.2, Max: 3, Diff: 3, Sum: 5]
      [Scan RS (ms): Min: 0.0, Avg: 0.0, Max: 0.0, Diff: 0.0, Sum: 0.0]
      [Code Root Scanning (ms): Min: 0.0, Avg: 0.0, Max: 0.0, Diff: 0.0, Sum: 0.0]
      [Object Copy (ms): Min: 0.0, Avg: 0.3, Max: 0.4, Diff: 0.4, Sum: 1.2]
      [Termination (ms): Min: 0.0, Avg: 0.4, Max: 0.6, Diff: 0.6, Sum: 1.7]
         [Termination Attempts: Min: 1, Avg: 1.0, Max: 1, Diff: 0, Sum: 4]
      [GC Worker Other (ms): Min: 0.0, Avg: 0.0, Max: 0.0, Diff: 0.0, Sum: 0.0]
      [GC Worker Total (ms): Min: 1.0, Avg: 1.1, Max: 1.2, Diff: 0.2, Sum: 4.6]
      [GC Worker End (ms): Min: 527.3, Avg: 527.3, Max: 527.3, Diff: 0.0]
   [Code Root Fixup: 0.0 ms]
   [Code Root Purge: 0.0 ms]
   [Clear CT: 0.0 ms]
   [Other: 0.6 ms]
      [Choose CSet: 0.0 ms]
      [Ref Proc: 0.4 ms]
      [Ref Enq: 0.0 ms]
      [Redirty Cards: 0.0 ms]
      [Humongous Register: 0.1 ms]
      [Humongous Reclaim: 0.0 ms]
      [Free CSet: 0.0 ms]
   [Eden: 1024.0K(57.0M)->0.0B(58.0M) Survivors: 4096.0K->5120.0K Heap: 331.8M(512.0M)->331.4M(512.0M)]
 [Times: user=0.01 sys=0.00, real=0.00 secs] 
2020-10-28T20:28:38.179-0800: [GC concurrent-root-region-scan-start]
2020-10-28T20:28:38.179-0800: [GC concurrent-root-region-scan-end, 0.0000834 secs]
2020-10-28T20:28:38.179-0800: [GC concurrent-mark-start]
2020-10-28T20:28:38.181-0800: [GC concurrent-mark-end, 0.0014170 secs]
2020-10-28T20:28:38.181-0800: [GC remark 2020-10-28T20:28:38.181-0800: [Finalize Marking, 0.0000924 secs] 2020-10-28T20:28:38.181-0800: [GC ref-proc, 0.0000223 secs] 2020-10-28T20:28:38.181-0800: [Unloading, 0.0003750 secs], 0.0010954 secs]
 [Times: user=0.01 sys=0.00, real=0.00 secs] 
2020-10-28T20:28:38.182-0800: [GC cleanup 344M->344M(512M), 0.0003821 secs]
 [Times: user=0.00 sys=0.00, real=0.00 secs] 
2020-10-28T20:28:38.190-0800: [GC pause (G1 Evacuation Pause) (young), 0.0035175 secs]
   [Parallel Time: 3.1 ms, GC Workers: 4]
      [GC Worker Start (ms): Min: 539.3, Avg: 539.3, Max: 539.4, Diff: 0.1]
      [Ext Root Scanning (ms): Min: 0.0, Avg: 0.1, Max: 0.2, Diff: 0.1, Sum: 0.5]
      [Update RS (ms): Min: 0.8, Avg: 0.8, Max: 0.8, Diff: 0.1, Sum: 3.2]
         [Processed Buffers: Min: 3, Avg: 11.0, Max: 17, Diff: 14, Sum: 44]
      [Scan RS (ms): Min: 0.0, Avg: 0.0, Max: 0.0, Diff: 0.0, Sum: 0.0]
      [Code Root Scanning (ms): Min: 0.0, Avg: 0.0, Max: 0.0, Diff: 0.0, Sum: 0.0]
      [Object Copy (ms): Min: 2.1, Avg: 2.1, Max: 2.1, Diff: 0.1, Sum: 8.4]
      [Termination (ms): Min: 0.0, Avg: 0.0, Max: 0.0, Diff: 0.0, Sum: 0.0]
         [Termination Attempts: Min: 1, Avg: 1.0, Max: 1, Diff: 0, Sum: 4]
      [GC Worker Other (ms): Min: 0.0, Avg: 0.0, Max: 0.0, Diff: 0.0, Sum: 0.0]
      [GC Worker Total (ms): Min: 3.0, Avg: 3.0, Max: 3.1, Diff: 0.1, Sum: 12.1]
      [GC Worker End (ms): Min: 542.4, Avg: 542.4, Max: 542.4, Diff: 0.0]
   [Code Root Fixup: 0.0 ms]
   [Code Root Purge: 0.0 ms]
   [Clear CT: 0.1 ms]
   [Other: 0.3 ms]
      [Choose CSet: 0.0 ms]
      [Ref Proc: 0.1 ms]
      [Ref Enq: 0.0 ms]
      [Redirty Cards: 0.0 ms]
      [Humongous Register: 0.1 ms]
      [Humongous Reclaim: 0.0 ms]
      [Free CSet: 0.0 ms]
   [Eden: 58.0M(58.0M)->0.0B(17.0M) Survivors: 5120.0K->8192.0K Heap: 409.6M(512.0M)->354.7M(512.0M)]
 [Times: user=0.01 sys=0.01, real=0.00 secs] 
2020-10-28T20:28:38.196-0800: [GC pause (G1 Evacuation Pause) (mixed), 0.0050824 secs]
   [Parallel Time: 4.1 ms, GC Workers: 4]
      [GC Worker Start (ms): Min: 545.4, Avg: 545.4, Max: 545.5, Diff: 0.1]
      [Ext Root Scanning (ms): Min: 0.1, Avg: 0.1, Max: 0.2, Diff: 0.1, Sum: 0.5]
      [Update RS (ms): Min: 0.3, Avg: 0.3, Max: 0.4, Diff: 0.1, Sum: 1.3]
         [Processed Buffers: Min: 7, Avg: 8.0, Max: 9, Diff: 2, Sum: 32]
      [Scan RS (ms): Min: 0.0, Avg: 0.0, Max: 0.0, Diff: 0.0, Sum: 0.1]
      [Code Root Scanning (ms): Min: 0.0, Avg: 0.0, Max: 0.0, Diff: 0.0, Sum: 0.0]
      [Object Copy (ms): Min: 3.4, Avg: 3.4, Max: 3.5, Diff: 0.0, Sum: 13.8]
      [Termination (ms): Min: 0.0, Avg: 0.0, Max: 0.0, Diff: 0.0, Sum: 0.1]
         [Termination Attempts: Min: 1, Avg: 1.0, Max: 1, Diff: 0, Sum: 4]
      [GC Worker Other (ms): Min: 0.0, Avg: 0.0, Max: 0.0, Diff: 0.0, Sum: 0.0]
      [GC Worker Total (ms): Min: 3.9, Avg: 4.0, Max: 4.0, Diff: 0.1, Sum: 15.9]
      [GC Worker End (ms): Min: 549.4, Avg: 549.4, Max: 549.4, Diff: 0.0]
   [Code Root Fixup: 0.0 ms]
   [Code Root Purge: 0.0 ms]
   [Clear CT: 0.0 ms]
   [Other: 1.0 ms]
      [Choose CSet: 0.0 ms]
      [Ref Proc: 0.7 ms]
      [Ref Enq: 0.0 ms]
      [Redirty Cards: 0.1 ms]
      [Humongous Register: 0.1 ms]
      [Humongous Reclaim: 0.0 ms]
      [Free CSet: 0.0 ms]
   [Eden: 17.0M(17.0M)->0.0B(43.0M) Survivors: 8192.0K->4096.0K Heap: 375.1M(512.0M)->347.0M(512.0M)]
 [Times: user=0.02 sys=0.00, real=0.01 secs] 
2020-10-28T20:28:38.202-0800: [GC pause (G1 Humongous Allocation) (young) (initial-mark), 0.0013022 secs]
   [Parallel Time: 1.0 ms, GC Workers: 4]
      [GC Worker Start (ms): Min: 551.5, Avg: 551.5, Max: 551.6, Diff: 0.1]
      [Ext Root Scanning (ms): Min: 0.1, Avg: 0.1, Max: 0.2, Diff: 0.1, Sum: 0.5]
      [Update RS (ms): Min: 0.1, Avg: 0.2, Max: 0.3, Diff: 0.2, Sum: 0.7]
         [Processed Buffers: Min: 1, Avg: 1.2, Max: 2, Diff: 1, Sum: 5]
      [Scan RS (ms): Min: 0.0, Avg: 0.0, Max: 0.0, Diff: 0.0, Sum: 0.0]
      [Code Root Scanning (ms): Min: 0.0, Avg: 0.0, Max: 0.0, Diff: 0.0, Sum: 0.0]
      [Object Copy (ms): Min: 0.4, Avg: 0.6, Max: 0.7, Diff: 0.2, Sum: 2.3]
      [Termination (ms): Min: 0.0, Avg: 0.0, Max: 0.0, Diff: 0.0, Sum: 0.1]
         [Termination Attempts: Min: 1, Avg: 1.0, Max: 1, Diff: 0, Sum: 4]
      [GC Worker Other (ms): Min: 0.0, Avg: 0.0, Max: 0.0, Diff: 0.0, Sum: 0.0]
      [GC Worker Total (ms): Min: 0.9, Avg: 0.9, Max: 1.0, Diff: 0.1, Sum: 3.7]
      [GC Worker End (ms): Min: 552.4, Avg: 552.4, Max: 552.4, Diff: 0.0]
   [Code Root Fixup: 0.0 ms]
   [Code Root Purge: 0.0 ms]
   [Clear CT: 0.0 ms]
   [Other: 0.3 ms]
      [Choose CSet: 0.0 ms]
      [Ref Proc: 0.1 ms]
      [Ref Enq: 0.0 ms]
      [Redirty Cards: 0.0 ms]
      [Humongous Register: 0.0 ms]
      [Humongous Reclaim: 0.0 ms]
      [Free CSet: 0.0 ms]
   [Eden: 6144.0K(43.0M)->0.0B(38.0M) Survivors: 4096.0K->3072.0K Heap: 352.9M(512.0M)->349.9M(512.0M)]
 [Times: user=0.00 sys=0.00, real=0.00 secs] 
2020-10-28T20:28:38.204-0800: [GC concurrent-root-region-scan-start]
2020-10-28T20:28:38.204-0800: [GC concurrent-root-region-scan-end, 0.0001157 secs]
2020-10-28T20:28:38.204-0800: [GC concurrent-mark-start]
2020-10-28T20:28:38.206-0800: [GC concurrent-mark-end, 0.0015399 secs]
2020-10-28T20:28:38.206-0800: [GC remark 2020-10-28T20:28:38.206-0800: [Finalize Marking, 0.0002353 secs] 2020-10-28T20:28:38.206-0800: [GC ref-proc, 0.0000376 secs] 2020-10-28T20:28:38.206-0800: [Unloading, 0.0004363 secs], 0.0015842 secs]
 [Times: user=0.00 sys=0.00, real=0.00 secs] 
2020-10-28T20:28:38.207-0800: [GC cleanup 361M->361M(512M), 0.0004127 secs]
 [Times: user=0.00 sys=0.00, real=0.00 secs] 
2020-10-28T20:28:38.213-0800: [GC pause (G1 Evacuation Pause) (young), 0.0030390 secs]
   [Parallel Time: 2.6 ms, GC Workers: 4]
      [GC Worker Start (ms): Min: 561.8, Avg: 561.9, Max: 562.0, Diff: 0.1]
      [Ext Root Scanning (ms): Min: 0.0, Avg: 0.1, Max: 0.2, Diff: 0.2, Sum: 0.4]
      [Update RS (ms): Min: 0.6, Avg: 0.6, Max: 0.6, Diff: 0.0, Sum: 2.6]
         [Processed Buffers: Min: 12, Avg: 12.8, Max: 13, Diff: 1, Sum: 51]
      [Scan RS (ms): Min: 0.0, Avg: 0.0, Max: 0.0, Diff: 0.0, Sum: 0.0]
      [Code Root Scanning (ms): Min: 0.0, Avg: 0.0, Max: 0.0, Diff: 0.0, Sum: 0.0]
      [Object Copy (ms): Min: 1.3, Avg: 1.4, Max: 1.5, Diff: 0.3, Sum: 5.5]
      [Termination (ms): Min: 0.0, Avg: 0.2, Max: 0.4, Diff: 0.4, Sum: 0.9]
         [Termination Attempts: Min: 1, Avg: 1.0, Max: 1, Diff: 0, Sum: 4]
      [GC Worker Other (ms): Min: 0.0, Avg: 0.0, Max: 0.0, Diff: 0.0, Sum: 0.0]
      [GC Worker Total (ms): Min: 2.2, Avg: 2.4, Max: 2.5, Diff: 0.3, Sum: 9.5]
      [GC Worker End (ms): Min: 564.2, Avg: 564.3, Max: 564.3, Diff: 0.1]
   [Code Root Fixup: 0.0 ms]
   [Code Root Purge: 0.0 ms]
   [Clear CT: 0.0 ms]
   [Other: 0.4 ms]
      [Choose CSet: 0.0 ms]
      [Ref Proc: 0.1 ms]
      [Ref Enq: 0.0 ms]
      [Redirty Cards: 0.1 ms]
      [Humongous Register: 0.1 ms]
      [Humongous Reclaim: 0.0 ms]
      [Free CSet: 0.0 ms]
   [Eden: 38.0M(38.0M)->0.0B(19.0M) Survivors: 3072.0K->6144.0K Heap: 395.9M(512.0M)->363.1M(512.0M)]
 [Times: user=0.01 sys=0.00, real=0.00 secs] 
2020-10-28T20:28:38.219-0800: [GC pause (G1 Evacuation Pause) (mixed), 0.0051831 secs]
   [Parallel Time: 4.7 ms, GC Workers: 4]
      [GC Worker Start (ms): Min: 567.7, Avg: 567.9, Max: 568.5, Diff: 0.9]
      [Ext Root Scanning (ms): Min: 0.0, Avg: 0.1, Max: 0.2, Diff: 0.2, Sum: 0.4]
      [Update RS (ms): Min: 0.0, Avg: 0.4, Max: 0.6, Diff: 0.6, Sum: 1.7]
         [Processed Buffers: Min: 0, Avg: 8.5, Max: 13, Diff: 13, Sum: 34]
      [Scan RS (ms): Min: 0.0, Avg: 0.0, Max: 0.1, Diff: 0.0, Sum: 0.1]
      [Code Root Scanning (ms): Min: 0.0, Avg: 0.0, Max: 0.0, Diff: 0.0, Sum: 0.0]
      [Object Copy (ms): Min: 3.3, Avg: 3.5, Max: 3.8, Diff: 0.4, Sum: 14.1]
      [Termination (ms): Min: 0.0, Avg: 0.3, Max: 0.4, Diff: 0.4, Sum: 1.2]
         [Termination Attempts: Min: 1, Avg: 1.0, Max: 1, Diff: 0, Sum: 4]
      [GC Worker Other (ms): Min: 0.0, Avg: 0.0, Max: 0.0, Diff: 0.0, Sum: 0.0]
      [GC Worker Total (ms): Min: 3.8, Avg: 4.4, Max: 4.7, Diff: 0.9, Sum: 17.6]
      [GC Worker End (ms): Min: 572.2, Avg: 572.3, Max: 572.4, Diff: 0.1]
   [Code Root Fixup: 0.0 ms]
   [Code Root Purge: 0.0 ms]
   [Clear CT: 0.0 ms]
   [Other: 0.4 ms]
      [Choose CSet: 0.0 ms]
      [Ref Proc: 0.1 ms]
      [Ref Enq: 0.0 ms]
      [Redirty Cards: 0.1 ms]
      [Humongous Register: 0.1 ms]
      [Humongous Reclaim: 0.0 ms]
      [Free CSet: 0.0 ms]
   [Eden: 19.0M(19.0M)->0.0B(36.0M) Survivors: 6144.0K->4096.0K Heap: 385.6M(512.0M)->352.1M(512.0M)]
 [Times: user=0.02 sys=0.00, real=0.01 secs] 
2020-10-28T20:28:38.225-0800: [GC pause (G1 Humongous Allocation) (young) (initial-mark), 0.0023147 secs]
   [Parallel Time: 1.4 ms, GC Workers: 4]
      [GC Worker Start (ms): Min: 574.0, Avg: 574.2, Max: 574.2, Diff: 0.2]
      [Ext Root Scanning (ms): Min: 0.0, Avg: 0.6, Max: 1.1, Diff: 1.1, Sum: 2.5]
      [Update RS (ms): Min: 0.0, Avg: 0.1, Max: 0.2, Diff: 0.2, Sum: 0.2]
         [Processed Buffers: Min: 0, Avg: 1.2, Max: 5, Diff: 5, Sum: 5]
      [Scan RS (ms): Min: 0.0, Avg: 0.0, Max: 0.0, Diff: 0.0, Sum: 0.0]
      [Code Root Scanning (ms): Min: 0.0, Avg: 0.0, Max: 0.0, Diff: 0.0, Sum: 0.0]
      [Object Copy (ms): Min: 0.0, Avg: 0.3, Max: 0.6, Diff: 0.6, Sum: 1.1]
      [Termination (ms): Min: 0.0, Avg: 0.2, Max: 0.4, Diff: 0.4, Sum: 0.7]
         [Termination Attempts: Min: 1, Avg: 1.0, Max: 1, Diff: 0, Sum: 4]
      [GC Worker Other (ms): Min: 0.0, Avg: 0.0, Max: 0.0, Diff: 0.0, Sum: 0.0]
      [GC Worker Total (ms): Min: 1.1, Avg: 1.2, Max: 1.3, Diff: 0.2, Sum: 4.7]
      [GC Worker End (ms): Min: 575.3, Avg: 575.3, Max: 575.4, Diff: 0.1]
   [Code Root Fixup: 0.0 ms]
   [Code Root Purge: 0.0 ms]
   [Clear CT: 0.0 ms]
   [Other: 0.9 ms]
      [Choose CSet: 0.0 ms]
      [Ref Proc: 0.6 ms]
      [Ref Enq: 0.0 ms]
      [Redirty Cards: 0.1 ms]
      [Humongous Register: 0.1 ms]
      [Humongous Reclaim: 0.0 ms]
      [Free CSet: 0.0 ms]
   [Eden: 6144.0K(36.0M)->0.0B(35.0M) Survivors: 4096.0K->3072.0K Heap: 358.0M(512.0M)->352.2M(512.0M)]
 [Times: user=0.00 sys=0.00, real=0.00 secs] 
2020-10-28T20:28:38.227-0800: [GC concurrent-root-region-scan-start]
2020-10-28T20:28:38.228-0800: [GC concurrent-root-region-scan-end, 0.0001202 secs]
2020-10-28T20:28:38.228-0800: [GC concurrent-mark-start]
2020-10-28T20:28:38.229-0800: [GC concurrent-mark-end, 0.0013514 secs]
2020-10-28T20:28:38.229-0800: [GC remark 2020-10-28T20:28:38.229-0800: [Finalize Marking, 0.0001234 secs] 2020-10-28T20:28:38.229-0800: [GC ref-proc, 0.0000208 secs] 2020-10-28T20:28:38.229-0800: [Unloading, 0.0003715 secs], 0.0011849 secs]
 [Times: user=0.00 sys=0.00, real=0.01 secs] 
2020-10-28T20:28:38.230-0800: [GC cleanup 362M->362M(512M), 0.0004053 secs]
 [Times: user=0.00 sys=0.00, real=0.00 secs] 
2020-10-28T20:28:38.236-0800: [GC pause (G1 Evacuation Pause) (young), 0.0031696 secs]
   [Parallel Time: 2.6 ms, GC Workers: 4]
      [GC Worker Start (ms): Min: 584.9, Avg: 584.9, Max: 585.0, Diff: 0.1]
      [Ext Root Scanning (ms): Min: 0.1, Avg: 0.1, Max: 0.2, Diff: 0.1, Sum: 0.6]
      [Update RS (ms): Min: 0.7, Avg: 0.7, Max: 0.7, Diff: 0.0, Sum: 2.8]
         [Processed Buffers: Min: 12, Avg: 13.8, Max: 15, Diff: 3, Sum: 55]
      [Scan RS (ms): Min: 0.0, Avg: 0.0, Max: 0.0, Diff: 0.0, Sum: 0.0]
      [Code Root Scanning (ms): Min: 0.0, Avg: 0.0, Max: 0.0, Diff: 0.0, Sum: 0.0]
      [Object Copy (ms): Min: 1.5, Avg: 1.5, Max: 1.6, Diff: 0.1, Sum: 6.2]
      [Termination (ms): Min: 0.0, Avg: 0.1, Max: 0.2, Diff: 0.2, Sum: 0.5]
         [Termination Attempts: Min: 1, Avg: 1.0, Max: 1, Diff: 0, Sum: 4]
      [GC Worker Other (ms): Min: 0.0, Avg: 0.0, Max: 0.0, Diff: 0.0, Sum: 0.0]
      [GC Worker Total (ms): Min: 2.5, Avg: 2.5, Max: 2.6, Diff: 0.2, Sum: 10.2]
      [GC Worker End (ms): Min: 587.4, Avg: 587.5, Max: 587.5, Diff: 0.1]
   [Code Root Fixup: 0.0 ms]
   [Code Root Purge: 0.0 ms]
   [Clear CT: 0.0 ms]
   [Other: 0.5 ms]
      [Choose CSet: 0.0 ms]
      [Ref Proc: 0.1 ms]
      [Ref Enq: 0.0 ms]
      [Redirty Cards: 0.0 ms]
      [Humongous Register: 0.1 ms]
      [Humongous Reclaim: 0.1 ms]
      [Free CSet: 0.1 ms]
   [Eden: 35.0M(35.0M)->0.0B(20.0M) Survivors: 3072.0K->5120.0K Heap: 397.0M(512.0M)->363.3M(512.0M)]
 [Times: user=0.01 sys=0.00, real=0.00 secs] 
2020-10-28T20:28:38.242-0800: [GC pause (G1 Evacuation Pause) (mixed), 0.0046159 secs]
   [Parallel Time: 4.2 ms, GC Workers: 4]
      [GC Worker Start (ms): Min: 591.5, Avg: 591.6, Max: 591.6, Diff: 0.1]
      [Ext Root Scanning (ms): Min: 0.1, Avg: 0.1, Max: 0.2, Diff: 0.1, Sum: 0.5]
      [Update RS (ms): Min: 0.4, Avg: 0.4, Max: 0.4, Diff: 0.0, Sum: 1.6]
         [Processed Buffers: Min: 7, Avg: 8.0, Max: 9, Diff: 2, Sum: 32]
      [Scan RS (ms): Min: 0.0, Avg: 0.0, Max: 0.0, Diff: 0.0, Sum: 0.1]
      [Code Root Scanning (ms): Min: 0.0, Avg: 0.0, Max: 0.0, Diff: 0.0, Sum: 0.0]
      [Object Copy (ms): Min: 3.5, Avg: 3.6, Max: 3.6, Diff: 0.0, Sum: 14.2]
      [Termination (ms): Min: 0.0, Avg: 0.0, Max: 0.0, Diff: 0.0, Sum: 0.1]
         [Termination Attempts: Min: 1, Avg: 1.0, Max: 1, Diff: 0, Sum: 4]
      [GC Worker Other (ms): Min: 0.0, Avg: 0.0, Max: 0.0, Diff: 0.0, Sum: 0.0]
      [GC Worker Total (ms): Min: 4.1, Avg: 4.1, Max: 4.2, Diff: 0.1, Sum: 16.5]
      [GC Worker End (ms): Min: 595.7, Avg: 595.7, Max: 595.7, Diff: 0.0]
   [Code Root Fixup: 0.0 ms]
   [Code Root Purge: 0.0 ms]
   [Clear CT: 0.1 ms]
   [Other: 0.3 ms]
      [Choose CSet: 0.0 ms]
      [Ref Proc: 0.1 ms]
      [Ref Enq: 0.0 ms]
      [Redirty Cards: 0.0 ms]
      [Humongous Register: 0.1 ms]
      [Humongous Reclaim: 0.0 ms]
      [Free CSet: 0.0 ms]
   [Eden: 20.0M(20.0M)->0.0B(34.0M) Survivors: 5120.0K->4096.0K Heap: 386.6M(512.0M)->353.9M(512.0M)]
 [Times: user=0.01 sys=0.00, real=0.00 secs] 
2020-10-28T20:28:38.248-0800: [GC pause (G1 Humongous Allocation) (young) (initial-mark), 0.0011017 secs]
   [Parallel Time: 0.8 ms, GC Workers: 4]
      [GC Worker Start (ms): Min: 597.0, Avg: 597.1, Max: 597.1, Diff: 0.1]
      [Ext Root Scanning (ms): Min: 0.1, Avg: 0.1, Max: 0.2, Diff: 0.1, Sum: 0.5]
      [Update RS (ms): Min: 0.1, Avg: 0.1, Max: 0.1, Diff: 0.0, Sum: 0.3]
         [Processed Buffers: Min: 1, Avg: 1.2, Max: 2, Diff: 1, Sum: 5]
      [Scan RS (ms): Min: 0.0, Avg: 0.0, Max: 0.0, Diff: 0.0, Sum: 0.0]
      [Code Root Scanning (ms): Min: 0.0, Avg: 0.0, Max: 0.0, Diff: 0.0, Sum: 0.0]
      [Object Copy (ms): Min: 0.4, Avg: 0.4, Max: 0.5, Diff: 0.0, Sum: 1.8]
      [Termination (ms): Min: 0.0, Avg: 0.0, Max: 0.0, Diff: 0.0, Sum: 0.1]
         [Termination Attempts: Min: 1, Avg: 1.0, Max: 1, Diff: 0, Sum: 4]
      [GC Worker Other (ms): Min: 0.0, Avg: 0.0, Max: 0.0, Diff: 0.0, Sum: 0.0]
      [GC Worker Total (ms): Min: 0.6, Avg: 0.7, Max: 0.7, Diff: 0.1, Sum: 2.7]
      [GC Worker End (ms): Min: 597.8, Avg: 597.8, Max: 597.8, Diff: 0.0]
   [Code Root Fixup: 0.0 ms]
   [Code Root Purge: 0.0 ms]
   [Clear CT: 0.0 ms]
   [Other: 0.3 ms]
      [Choose CSet: 0.0 ms]
      [Ref Proc: 0.1 ms]
      [Ref Enq: 0.0 ms]
      [Redirty Cards: 0.0 ms]
      [Humongous Register: 0.1 ms]
      [Humongous Reclaim: 0.0 ms]
      [Free CSet: 0.0 ms]
   [Eden: 6144.0K(34.0M)->0.0B(36.0M) Survivors: 4096.0K->2048.0K Heap: 359.1M(512.0M)->353.3M(512.0M)]
 [Times: user=0.01 sys=0.00, real=0.00 secs] 
2020-10-28T20:28:38.249-0800: [GC concurrent-root-region-scan-start]
2020-10-28T20:28:38.249-0800: [GC concurrent-root-region-scan-end, 0.0000247 secs]
2020-10-28T20:28:38.249-0800: [GC concurrent-mark-start]
2020-10-28T20:28:38.251-0800: [GC concurrent-mark-end, 0.0015276 secs]
2020-10-28T20:28:38.251-0800: [GC remark 2020-10-28T20:28:38.251-0800: [Finalize Marking, 0.0002247 secs] 2020-10-28T20:28:38.251-0800: [GC ref-proc, 0.0000630 secs] 2020-10-28T20:28:38.251-0800: [Unloading, 0.0004261 secs], 0.0014202 secs]
 [Times: user=0.00 sys=0.00, real=0.00 secs] 
2020-10-28T20:28:38.252-0800: [GC cleanup 365M->365M(512M), 0.0003634 secs]
 [Times: user=0.01 sys=0.00, real=0.00 secs] 
2020-10-28T20:28:38.257-0800: [GC pause (G1 Evacuation Pause) (young), 0.0033318 secs]
   [Parallel Time: 2.5 ms, GC Workers: 4]
      [GC Worker Start (ms): Min: 605.7, Avg: 605.8, Max: 605.9, Diff: 0.1]
      [Ext Root Scanning (ms): Min: 0.0, Avg: 0.1, Max: 0.2, Diff: 0.1, Sum: 0.5]
      [Update RS (ms): Min: 0.7, Avg: 0.7, Max: 0.7, Diff: 0.1, Sum: 2.8]
         [Processed Buffers: Min: 13, Avg: 13.8, Max: 14, Diff: 1, Sum: 55]
      [Scan RS (ms): Min: 0.0, Avg: 0.0, Max: 0.0, Diff: 0.0, Sum: 0.0]
      [Code Root Scanning (ms): Min: 0.0, Avg: 0.0, Max: 0.0, Diff: 0.0, Sum: 0.0]
      [Object Copy (ms): Min: 1.3, Avg: 1.4, Max: 1.5, Diff: 0.2, Sum: 5.7]
      [Termination (ms): Min: 0.0, Avg: 0.1, Max: 0.2, Diff: 0.2, Sum: 0.4]
         [Termination Attempts: Min: 1, Avg: 1.0, Max: 1, Diff: 0, Sum: 4]
      [GC Worker Other (ms): Min: 0.0, Avg: 0.0, Max: 0.0, Diff: 0.0, Sum: 0.0]
      [GC Worker Total (ms): Min: 2.2, Avg: 2.4, Max: 2.4, Diff: 0.2, Sum: 9.4]
      [GC Worker End (ms): Min: 608.1, Avg: 608.1, Max: 608.2, Diff: 0.1]
   [Code Root Fixup: 0.0 ms]
   [Code Root Purge: 0.0 ms]
   [Clear CT: 0.0 ms]
   [Other: 0.8 ms]
      [Choose CSet: 0.0 ms]
      [Ref Proc: 0.6 ms]
      [Ref Enq: 0.0 ms]
      [Redirty Cards: 0.0 ms]
      [Humongous Register: 0.1 ms]
      [Humongous Reclaim: 0.0 ms]
      [Free CSet: 0.0 ms]
   [Eden: 36.0M(36.0M)->0.0B(20.0M) Survivors: 2048.0K->5120.0K Heap: 399.3M(512.0M)->368.0M(512.0M)]
 [Times: user=0.01 sys=0.00, real=0.01 secs] 
2020-10-28T20:28:38.264-0800: [GC pause (G1 Evacuation Pause) (mixed), 0.0058820 secs]
   [Parallel Time: 5.0 ms, GC Workers: 4]
      [GC Worker Start (ms): Min: 612.9, Avg: 612.9, Max: 613.0, Diff: 0.1]
      [Ext Root Scanning (ms): Min: 0.1, Avg: 0.1, Max: 0.2, Diff: 0.1, Sum: 0.5]
      [Update RS (ms): Min: 0.9, Avg: 0.9, Max: 1.0, Diff: 0.1, Sum: 3.6]
         [Processed Buffers: Min: 18, Avg: 18.2, Max: 19, Diff: 1, Sum: 73]
      [Scan RS (ms): Min: 0.0, Avg: 0.0, Max: 0.1, Diff: 0.1, Sum: 0.2]
      [Code Root Scanning (ms): Min: 0.0, Avg: 0.0, Max: 0.0, Diff: 0.0, Sum: 0.0]
      [Object Copy (ms): Min: 3.8, Avg: 3.8, Max: 3.8, Diff: 0.0, Sum: 15.2]
      [Termination (ms): Min: 0.0, Avg: 0.0, Max: 0.0, Diff: 0.0, Sum: 0.0]
         [Termination Attempts: Min: 1, Avg: 1.0, Max: 1, Diff: 0, Sum: 4]
      [GC Worker Other (ms): Min: 0.0, Avg: 0.0, Max: 0.0, Diff: 0.0, Sum: 0.0]
      [GC Worker Total (ms): Min: 4.8, Avg: 4.9, Max: 4.9, Diff: 0.1, Sum: 19.5]
      [GC Worker End (ms): Min: 617.8, Avg: 617.8, Max: 617.8, Diff: 0.0]
   [Code Root Fixup: 0.0 ms]
   [Code Root Purge: 0.0 ms]
   [Clear CT: 0.1 ms]
   [Other: 0.9 ms]
      [Choose CSet: 0.0 ms]
      [Ref Proc: 0.6 ms]
      [Ref Enq: 0.0 ms]
      [Redirty Cards: 0.0 ms]
      [Humongous Register: 0.1 ms]
      [Humongous Reclaim: 0.0 ms]
      [Free CSet: 0.1 ms]
   [Eden: 20.0M(20.0M)->0.0B(24.0M) Survivors: 5120.0K->4096.0K Heap: 397.8M(512.0M)->366.0M(512.0M)]
 [Times: user=0.02 sys=0.00, real=0.01 secs] 
2020-10-28T20:28:38.271-0800: [GC pause (G1 Humongous Allocation) (young) (initial-mark), 0.0016739 secs]
   [Parallel Time: 1.2 ms, GC Workers: 4]
      [GC Worker Start (ms): Min: 620.6, Avg: 620.7, Max: 620.9, Diff: 0.2]
      [Ext Root Scanning (ms): Min: 0.0, Avg: 0.2, Max: 0.3, Diff: 0.3, Sum: 0.7]
      [Update RS (ms): Min: 0.0, Avg: 0.1, Max: 0.2, Diff: 0.2, Sum: 0.5]
         [Processed Buffers: Min: 1, Avg: 1.2, Max: 2, Diff: 1, Sum: 5]
      [Scan RS (ms): Min: 0.0, Avg: 0.0, Max: 0.0, Diff: 0.0, Sum: 0.0]
      [Code Root Scanning (ms): Min: 0.0, Avg: 0.0, Max: 0.0, Diff: 0.0, Sum: 0.0]
      [Object Copy (ms): Min: 0.7, Avg: 0.8, Max: 0.9, Diff: 0.1, Sum: 3.2]
      [Termination (ms): Min: 0.0, Avg: 0.0, Max: 0.0, Diff: 0.0, Sum: 0.1]
         [Termination Attempts: Min: 1, Avg: 1.0, Max: 1, Diff: 0, Sum: 4]
      [GC Worker Other (ms): Min: 0.0, Avg: 0.0, Max: 0.0, Diff: 0.0, Sum: 0.0]
      [GC Worker Total (ms): Min: 1.0, Avg: 1.1, Max: 1.2, Diff: 0.2, Sum: 4.5]
      [GC Worker End (ms): Min: 621.9, Avg: 621.9, Max: 621.9, Diff: 0.0]
   [Code Root Fixup: 0.0 ms]
   [Code Root Purge: 0.0 ms]
   [Clear CT: 0.0 ms]
   [Other: 0.4 ms]
      [Choose CSet: 0.0 ms]
      [Ref Proc: 0.1 ms]
      [Ref Enq: 0.0 ms]
      [Redirty Cards: 0.0 ms]
      [Humongous Register: 0.1 ms]
      [Humongous Reclaim: 0.0 ms]
      [Free CSet: 0.0 ms]
   [Eden: 9216.0K(24.0M)->0.0B(24.0M) Survivors: 4096.0K->3072.0K Heap: 374.3M(512.0M)->367.1M(512.0M)]
 [Times: user=0.00 sys=0.00, real=0.00 secs] 
2020-10-28T20:28:38.273-0800: [GC concurrent-root-region-scan-start]
2020-10-28T20:28:38.273-0800: [GC concurrent-root-region-scan-end, 0.0001022 secs]
2020-10-28T20:28:38.273-0800: [GC concurrent-mark-start]
2020-10-28T20:28:38.275-0800: [GC concurrent-mark-end, 0.0014389 secs]
2020-10-28T20:28:38.275-0800: [GC remark 2020-10-28T20:28:38.275-0800: [Finalize Marking, 0.0002221 secs] 2020-10-28T20:28:38.275-0800: [GC ref-proc, 0.0000210 secs] 2020-10-28T20:28:38.275-0800: [Unloading, 0.0003827 secs], 0.0013019 secs]
 [Times: user=0.00 sys=0.00, real=0.00 secs] 
2020-10-28T20:28:38.276-0800: [GC cleanup 379M->379M(512M), 0.0003669 secs]
 [Times: user=0.00 sys=0.00, real=0.00 secs] 
2020-10-28T20:28:38.280-0800: [GC pause (G1 Evacuation Pause) (young), 0.0030198 secs]
   [Parallel Time: 2.2 ms, GC Workers: 4]
      [GC Worker Start (ms): Min: 629.2, Avg: 629.5, Max: 630.4, Diff: 1.2]
      [Ext Root Scanning (ms): Min: 0.0, Avg: 0.1, Max: 0.2, Diff: 0.2, Sum: 0.4]
      [Update RS (ms): Min: 0.0, Avg: 0.8, Max: 1.0, Diff: 1.0, Sum: 3.1]
         [Processed Buffers: Min: 0, Avg: 15.5, Max: 23, Diff: 23, Sum: 62]
      [Scan RS (ms): Min: 0.0, Avg: 0.0, Max: 0.0, Diff: 0.0, Sum: 0.0]
      [Code Root Scanning (ms): Min: 0.0, Avg: 0.0, Max: 0.0, Diff: 0.0, Sum: 0.0]
      [Object Copy (ms): Min: 0.8, Avg: 0.9, Max: 0.9, Diff: 0.1, Sum: 3.4]
      [Termination (ms): Min: 0.0, Avg: 0.1, Max: 0.1, Diff: 0.1, Sum: 0.3]
         [Termination Attempts: Min: 1, Avg: 1.0, Max: 1, Diff: 0, Sum: 4]
      [GC Worker Other (ms): Min: 0.0, Avg: 0.0, Max: 0.0, Diff: 0.0, Sum: 0.0]
      [GC Worker Total (ms): Min: 0.9, Avg: 1.8, Max: 2.1, Diff: 1.2, Sum: 7.2]
      [GC Worker End (ms): Min: 631.3, Avg: 631.3, Max: 631.4, Diff: 0.0]
   [Code Root Fixup: 0.0 ms]
   [Code Root Purge: 0.0 ms]
   [Clear CT: 0.0 ms]
   [Other: 0.8 ms]
      [Choose CSet: 0.0 ms]
      [Ref Proc: 0.6 ms]
      [Ref Enq: 0.0 ms]
      [Redirty Cards: 0.0 ms]
      [Humongous Register: 0.1 ms]
      [Humongous Reclaim: 0.0 ms]
      [Free CSet: 0.0 ms]
   [Eden: 24.0M(24.0M)->0.0B(21.0M) Survivors: 3072.0K->4096.0K Heap: 402.9M(512.0M)->378.0M(512.0M)]
 [Times: user=0.01 sys=0.00, real=0.00 secs] 
2020-10-28T20:28:38.287-0800: [GC pause (G1 Evacuation Pause) (mixed), 0.0051884 secs]
   [Parallel Time: 4.7 ms, GC Workers: 4]
      [GC Worker Start (ms): Min: 636.0, Avg: 636.0, Max: 636.1, Diff: 0.1]
      [Ext Root Scanning (ms): Min: 0.1, Avg: 0.1, Max: 0.2, Diff: 0.1, Sum: 0.6]
      [Update RS (ms): Min: 0.5, Avg: 0.5, Max: 0.6, Diff: 0.0, Sum: 2.2]
         [Processed Buffers: Min: 10, Avg: 11.2, Max: 13, Diff: 3, Sum: 45]
      [Scan RS (ms): Min: 0.0, Avg: 0.0, Max: 0.0, Diff: 0.0, Sum: 0.1]
      [Code Root Scanning (ms): Min: 0.0, Avg: 0.0, Max: 0.0, Diff: 0.0, Sum: 0.0]
      [Object Copy (ms): Min: 3.9, Avg: 3.9, Max: 3.9, Diff: 0.0, Sum: 15.6]
      [Termination (ms): Min: 0.0, Avg: 0.0, Max: 0.0, Diff: 0.0, Sum: 0.1]
         [Termination Attempts: Min: 1, Avg: 1.0, Max: 1, Diff: 0, Sum: 4]
      [GC Worker Other (ms): Min: 0.0, Avg: 0.0, Max: 0.0, Diff: 0.0, Sum: 0.0]
      [GC Worker Total (ms): Min: 4.6, Avg: 4.7, Max: 4.7, Diff: 0.1, Sum: 18.6]
      [GC Worker End (ms): Min: 640.7, Avg: 640.7, Max: 640.7, Diff: 0.0]
   [Code Root Fixup: 0.0 ms]
   [Code Root Purge: 0.0 ms]
   [Clear CT: 0.1 ms]
   [Other: 0.4 ms]
      [Choose CSet: 0.0 ms]
      [Ref Proc: 0.1 ms]
      [Ref Enq: 0.0 ms]
      [Redirty Cards: 0.1 ms]
      [Humongous Register: 0.1 ms]
      [Humongous Reclaim: 0.0 ms]
      [Free CSet: 0.0 ms]
   [Eden: 21.0M(21.0M)->0.0B(21.0M) Survivors: 4096.0K->4096.0K Heap: 403.9M(512.0M)->370.0M(512.0M)]
 [Times: user=0.02 sys=0.01, real=0.01 secs] 
2020-10-28T20:28:38.292-0800: [GC pause (G1 Humongous Allocation) (young) (initial-mark), 0.0015120 secs]
   [Parallel Time: 1.2 ms, GC Workers: 4]
      [GC Worker Start (ms): Min: 641.5, Avg: 641.5, Max: 641.6, Diff: 0.1]
      [Ext Root Scanning (ms): Min: 0.1, Avg: 0.1, Max: 0.2, Diff: 0.1, Sum: 0.5]
      [Update RS (ms): Min: 0.1, Avg: 0.3, Max: 1.0, Diff: 0.9, Sum: 1.2]
         [Processed Buffers: Min: 1, Avg: 1.2, Max: 2, Diff: 1, Sum: 5]
      [Scan RS (ms): Min: 0.0, Avg: 0.0, Max: 0.0, Diff: 0.0, Sum: 0.0]
      [Code Root Scanning (ms): Min: 0.0, Avg: 0.0, Max: 0.0, Diff: 0.0, Sum: 0.0]
      [Object Copy (ms): Min: 0.0, Avg: 0.3, Max: 0.4, Diff: 0.4, Sum: 1.2]
      [Termination (ms): Min: 0.0, Avg: 0.4, Max: 0.6, Diff: 0.6, Sum: 1.7]
         [Termination Attempts: Min: 1, Avg: 1.0, Max: 1, Diff: 0, Sum: 4]
      [GC Worker Other (ms): Min: 0.0, Avg: 0.0, Max: 0.0, Diff: 0.0, Sum: 0.0]
      [GC Worker Total (ms): Min: 1.1, Avg: 1.2, Max: 1.2, Diff: 0.1, Sum: 4.6]
      [GC Worker End (ms): Min: 642.7, Avg: 642.7, Max: 642.7, Diff: 0.0]
   [Code Root Fixup: 0.0 ms]
   [Code Root Purge: 0.0 ms]
   [Clear CT: 0.0 ms]
   [Other: 0.3 ms]
      [Choose CSet: 0.0 ms]
      [Ref Proc: 0.1 ms]
      [Ref Enq: 0.0 ms]
      [Redirty Cards: 0.0 ms]
      [Humongous Register: 0.1 ms]
      [Humongous Reclaim: 0.0 ms]
      [Free CSet: 0.0 ms]
   [Eden: 1024.0K(21.0M)->0.0B(24.0M) Survivors: 4096.0K->1024.0K Heap: 370.9M(512.0M)->370.3M(512.0M)]
 [Times: user=0.00 sys=0.00, real=0.00 secs] 
2020-10-28T20:28:38.294-0800: [GC concurrent-root-region-scan-start]
2020-10-28T20:28:38.294-0800: [GC concurrent-root-region-scan-end, 0.0000249 secs]
2020-10-28T20:28:38.294-0800: [GC concurrent-mark-start]
2020-10-28T20:28:38.296-0800: [GC concurrent-mark-end, 0.0014449 secs]
2020-10-28T20:28:38.296-0800: [GC remark 2020-10-28T20:28:38.296-0800: [Finalize Marking, 0.0001671 secs] 2020-10-28T20:28:38.296-0800: [GC ref-proc, 0.0000211 secs] 2020-10-28T20:28:38.296-0800: [Unloading, 0.0005381 secs], 0.0019880 secs]
 [Times: user=0.01 sys=0.00, real=0.00 secs] 
2020-10-28T20:28:38.298-0800: [GC cleanup 382M->382M(512M), 0.0004314 secs]
 [Times: user=0.00 sys=0.00, real=0.00 secs] 
2020-10-28T20:28:38.301-0800: [GC pause (G1 Evacuation Pause) (young), 0.0023705 secs]
   [Parallel Time: 1.9 ms, GC Workers: 4]
      [GC Worker Start (ms): Min: 650.2, Avg: 650.3, Max: 650.3, Diff: 0.1]
      [Ext Root Scanning (ms): Min: 0.1, Avg: 0.1, Max: 0.2, Diff: 0.1, Sum: 0.5]
      [Update RS (ms): Min: 0.9, Avg: 0.9, Max: 0.9, Diff: 0.0, Sum: 3.7]
         [Processed Buffers: Min: 16, Avg: 18.0, Max: 19, Diff: 3, Sum: 72]
      [Scan RS (ms): Min: 0.0, Avg: 0.0, Max: 0.0, Diff: 0.0, Sum: 0.0]
      [Code Root Scanning (ms): Min: 0.0, Avg: 0.0, Max: 0.0, Diff: 0.0, Sum: 0.0]
      [Object Copy (ms): Min: 0.8, Avg: 0.8, Max: 0.8, Diff: 0.1, Sum: 3.2]
      [Termination (ms): Min: 0.0, Avg: 0.0, Max: 0.0, Diff: 0.0, Sum: 0.0]
         [Termination Attempts: Min: 1, Avg: 1.0, Max: 1, Diff: 0, Sum: 4]
      [GC Worker Other (ms): Min: 0.0, Avg: 0.0, Max: 0.0, Diff: 0.0, Sum: 0.0]
      [GC Worker Total (ms): Min: 1.8, Avg: 1.9, Max: 1.9, Diff: 0.1, Sum: 7.4]
      [GC Worker End (ms): Min: 652.1, Avg: 652.1, Max: 652.1, Diff: 0.0]
   [Code Root Fixup: 0.0 ms]
   [Code Root Purge: 0.0 ms]
   [Clear CT: 0.0 ms]
   [Other: 0.4 ms]
      [Choose CSet: 0.0 ms]
      [Ref Proc: 0.1 ms]
      [Ref Enq: 0.0 ms]
      [Redirty Cards: 0.1 ms]
      [Humongous Register: 0.1 ms]
      [Humongous Reclaim: 0.0 ms]
      [Free CSet: 0.0 ms]
   [Eden: 24.0M(24.0M)->0.0B(21.0M) Survivors: 1024.0K->4096.0K Heap: 404.1M(512.0M)->378.4M(512.0M)]
 [Times: user=0.01 sys=0.00, real=0.00 secs] 
2020-10-28T20:28:38.307-0800: [GC pause (G1 Evacuation Pause) (mixed), 0.0053243 secs]
   [Parallel Time: 4.4 ms, GC Workers: 4]
      [GC Worker Start (ms): Min: 656.2, Avg: 656.3, Max: 656.4, Diff: 0.1]
      [Ext Root Scanning (ms): Min: 0.0, Avg: 0.1, Max: 0.2, Diff: 0.1, Sum: 0.5]
      [Update RS (ms): Min: 0.7, Avg: 0.7, Max: 0.7, Diff: 0.0, Sum: 2.8]
         [Processed Buffers: Min: 14, Avg: 14.2, Max: 15, Diff: 1, Sum: 57]
      [Scan RS (ms): Min: 0.0, Avg: 0.0, Max: 0.0, Diff: 0.0, Sum: 0.1]
      [Code Root Scanning (ms): Min: 0.0, Avg: 0.0, Max: 0.0, Diff: 0.0, Sum: 0.0]
      [Object Copy (ms): Min: 2.9, Avg: 3.1, Max: 3.5, Diff: 0.5, Sum: 12.3]
      [Termination (ms): Min: 0.0, Avg: 0.4, Max: 0.6, Diff: 0.6, Sum: 1.7]
         [Termination Attempts: Min: 1, Avg: 1.0, Max: 1, Diff: 0, Sum: 4]
      [GC Worker Other (ms): Min: 0.0, Avg: 0.0, Max: 0.0, Diff: 0.0, Sum: 0.0]
      [GC Worker Total (ms): Min: 4.3, Avg: 4.3, Max: 4.4, Diff: 0.1, Sum: 17.4]
      [GC Worker End (ms): Min: 660.6, Avg: 660.6, Max: 660.6, Diff: 0.0]
   [Code Root Fixup: 0.0 ms]
   [Code Root Purge: 0.0 ms]
   [Clear CT: 0.0 ms]
   [Other: 0.9 ms]
      [Choose CSet: 0.0 ms]
      [Ref Proc: 0.6 ms]
      [Ref Enq: 0.0 ms]
      [Redirty Cards: 0.0 ms]
      [Humongous Register: 0.1 ms]
      [Humongous Reclaim: 0.0 ms]
      [Free CSet: 0.0 ms]
   [Eden: 21.0M(21.0M)->0.0B(21.0M) Survivors: 4096.0K->4096.0K Heap: 405.9M(512.0M)->373.0M(512.0M)]
 [Times: user=0.02 sys=0.00, real=0.01 secs] 
2020-10-28T20:28:38.313-0800: [GC pause (G1 Humongous Allocation) (young) (initial-mark), 0.0012855 secs]
   [Parallel Time: 0.8 ms, GC Workers: 4]
      [GC Worker Start (ms): Min: 662.5, Avg: 662.5, Max: 662.5, Diff: 0.0]
      [Ext Root Scanning (ms): Min: 0.1, Avg: 0.1, Max: 0.2, Diff: 0.0, Sum: 0.5]
      [Update RS (ms): Min: 0.1, Avg: 0.1, Max: 0.1, Diff: 0.0, Sum: 0.3]
         [Processed Buffers: Min: 1, Avg: 1.2, Max: 2, Diff: 1, Sum: 5]
      [Scan RS (ms): Min: 0.0, Avg: 0.0, Max: 0.0, Diff: 0.0, Sum: 0.0]
      [Code Root Scanning (ms): Min: 0.0, Avg: 0.0, Max: 0.0, Diff: 0.0, Sum: 0.0]
      [Object Copy (ms): Min: 0.4, Avg: 0.4, Max: 0.5, Diff: 0.1, Sum: 1.8]
      [Termination (ms): Min: 0.0, Avg: 0.1, Max: 0.2, Diff: 0.2, Sum: 0.4]
         [Termination Attempts: Min: 1, Avg: 1.0, Max: 1, Diff: 0, Sum: 4]
      [GC Worker Other (ms): Min: 0.0, Avg: 0.0, Max: 0.0, Diff: 0.0, Sum: 0.0]
      [GC Worker Total (ms): Min: 0.7, Avg: 0.7, Max: 0.8, Diff: 0.1, Sum: 3.0]
      [GC Worker End (ms): Min: 663.2, Avg: 663.3, Max: 663.3, Diff: 0.1]
   [Code Root Fixup: 0.0 ms]
   [Code Root Purge: 0.0 ms]
   [Clear CT: 0.0 ms]
   [Other: 0.4 ms]
      [Choose CSet: 0.0 ms]
      [Ref Proc: 0.1 ms]
      [Ref Enq: 0.0 ms]
      [Redirty Cards: 0.1 ms]
      [Humongous Register: 0.1 ms]
      [Humongous Reclaim: 0.0 ms]
      [Free CSet: 0.0 ms]
   [Eden: 4096.0K(21.0M)->0.0B(23.0M) Survivors: 4096.0K->2048.0K Heap: 376.6M(512.0M)->374.1M(512.0M)]
 [Times: user=0.00 sys=0.00, real=0.00 secs] 
2020-10-28T20:28:38.315-0800: [GC concurrent-root-region-scan-start]
2020-10-28T20:28:38.315-0800: [GC concurrent-root-region-scan-end, 0.0001304 secs]
2020-10-28T20:28:38.315-0800: [GC concurrent-mark-start]
2020-10-28T20:28:38.316-0800: [GC concurrent-mark-end, 0.0014014 secs]
2020-10-28T20:28:38.316-0800: [GC remark 2020-10-28T20:28:38.316-0800: [Finalize Marking, 0.0001408 secs] 2020-10-28T20:28:38.317-0800: [GC ref-proc, 0.0000231 secs] 2020-10-28T20:28:38.317-0800: [Unloading, 0.0004000 secs], 0.0012594 secs]
 [Times: user=0.00 sys=0.00, real=0.00 secs] 
2020-10-28T20:28:38.318-0800: [GC cleanup 384M->384M(512M), 0.0003506 secs]
 [Times: user=0.00 sys=0.00, real=0.00 secs] 
2020-10-28T20:28:38.321-0800: [GC pause (G1 Evacuation Pause) (young), 0.0021044 secs]
   [Parallel Time: 1.8 ms, GC Workers: 4]
      [GC Worker Start (ms): Min: 670.0, Avg: 670.0, Max: 670.1, Diff: 0.1]
      [Ext Root Scanning (ms): Min: 0.0, Avg: 0.1, Max: 0.2, Diff: 0.1, Sum: 0.5]
      [Update RS (ms): Min: 0.7, Avg: 0.8, Max: 0.8, Diff: 0.1, Sum: 3.1]
         [Processed Buffers: Min: 15, Avg: 16.0, Max: 17, Diff: 2, Sum: 64]
      [Scan RS (ms): Min: 0.0, Avg: 0.0, Max: 0.0, Diff: 0.0, Sum: 0.0]
      [Code Root Scanning (ms): Min: 0.0, Avg: 0.0, Max: 0.0, Diff: 0.0, Sum: 0.0]
      [Object Copy (ms): Min: 0.7, Avg: 0.7, Max: 0.8, Diff: 0.1, Sum: 2.9]
      [Termination (ms): Min: 0.0, Avg: 0.0, Max: 0.1, Diff: 0.1, Sum: 0.2]
         [Termination Attempts: Min: 1, Avg: 1.0, Max: 1, Diff: 0, Sum: 4]
      [GC Worker Other (ms): Min: 0.0, Avg: 0.0, Max: 0.0, Diff: 0.0, Sum: 0.0]
      [GC Worker Total (ms): Min: 1.6, Avg: 1.7, Max: 1.7, Diff: 0.1, Sum: 6.7]
      [GC Worker End (ms): Min: 671.7, Avg: 671.7, Max: 671.7, Diff: 0.1]
   [Code Root Fixup: 0.0 ms]
   [Code Root Purge: 0.0 ms]
   [Clear CT: 0.0 ms]
   [Other: 0.3 ms]
      [Choose CSet: 0.0 ms]
      [Ref Proc: 0.1 ms]
      [Ref Enq: 0.0 ms]
      [Redirty Cards: 0.0 ms]
      [Humongous Register: 0.1 ms]
      [Humongous Reclaim: 0.0 ms]
      [Free CSet: 0.0 ms]
   [Eden: 23.0M(23.0M)->0.0B(21.0M) Survivors: 2048.0K->4096.0K Heap: 404.3M(512.0M)->380.5M(512.0M)]
 [Times: user=0.01 sys=0.00, real=0.00 secs] 
2020-10-28T20:28:38.327-0800: [GC pause (G1 Evacuation Pause) (mixed) (to-space exhausted), 0.0071829 secs]
   [Parallel Time: 6.1 ms, GC Workers: 4]
      [GC Worker Start (ms): Min: 675.7, Avg: 676.4, Max: 678.3, Diff: 2.6]
      [Ext Root Scanning (ms): Min: 0.0, Avg: 0.1, Max: 0.2, Diff: 0.2, Sum: 0.4]
      [Update RS (ms): Min: 0.0, Avg: 1.0, Max: 1.3, Diff: 1.3, Sum: 3.9]
         [Processed Buffers: Min: 0, Avg: 20.5, Max: 28, Diff: 28, Sum: 82]
      [Scan RS (ms): Min: 0.0, Avg: 0.0, Max: 0.1, Diff: 0.0, Sum: 0.2]
      [Code Root Scanning (ms): Min: 0.0, Avg: 0.0, Max: 0.0, Diff: 0.0, Sum: 0.0]
      [Object Copy (ms): Min: 3.5, Avg: 3.8, Max: 4.0, Diff: 0.5, Sum: 15.4]
      [Termination (ms): Min: 0.0, Avg: 0.4, Max: 0.6, Diff: 0.6, Sum: 1.8]
         [Termination Attempts: Min: 1, Avg: 1.0, Max: 1, Diff: 0, Sum: 4]
      [GC Worker Other (ms): Min: 0.0, Avg: 0.0, Max: 0.0, Diff: 0.0, Sum: 0.0]
      [GC Worker Total (ms): Min: 3.5, Avg: 5.4, Max: 6.1, Diff: 2.6, Sum: 21.7]
      [GC Worker End (ms): Min: 681.8, Avg: 681.8, Max: 681.8, Diff: 0.0]
   [Code Root Fixup: 0.0 ms]
   [Code Root Purge: 0.0 ms]
   [Clear CT: 0.1 ms]
   [Other: 1.0 ms]
      [Evacuation Failure: 0.1 ms]
      [Choose CSet: 0.0 ms]
      [Ref Proc: 0.6 ms]
      [Ref Enq: 0.0 ms]
      [Redirty Cards: 0.1 ms]
      [Humongous Register: 0.1 ms]
      [Humongous Reclaim: 0.0 ms]
      [Free CSet: 0.0 ms]
   [Eden: 21.0M(21.0M)->0.0B(21.0M) Survivors: 4096.0K->4096.0K Heap: 411.1M(512.0M)->374.6M(512.0M)]
 [Times: user=0.02 sys=0.00, real=0.01 secs] 
2020-10-28T20:28:38.334-0800: [GC pause (G1 Humongous Allocation) (young) (initial-mark), 0.0015125 secs]
   [Parallel Time: 1.1 ms, GC Workers: 4]
      [GC Worker Start (ms): Min: 683.4, Avg: 683.5, Max: 683.6, Diff: 0.2]
      [Ext Root Scanning (ms): Min: 0.0, Avg: 0.3, Max: 0.9, Diff: 0.9, Sum: 1.3]
      [Update RS (ms): Min: 0.0, Avg: 0.1, Max: 0.1, Diff: 0.1, Sum: 0.3]
         [Processed Buffers: Min: 0, Avg: 2.0, Max: 5, Diff: 5, Sum: 8]
      [Scan RS (ms): Min: 0.0, Avg: 0.0, Max: 0.0, Diff: 0.0, Sum: 0.0]
      [Code Root Scanning (ms): Min: 0.0, Avg: 0.0, Max: 0.0, Diff: 0.0, Sum: 0.0]
      [Object Copy (ms): Min: 0.0, Avg: 0.3, Max: 0.4, Diff: 0.4, Sum: 1.2]
      [Termination (ms): Min: 0.0, Avg: 0.3, Max: 0.4, Diff: 0.4, Sum: 1.1]
         [Termination Attempts: Min: 1, Avg: 1.0, Max: 1, Diff: 0, Sum: 4]
      [GC Worker Other (ms): Min: 0.0, Avg: 0.0, Max: 0.0, Diff: 0.0, Sum: 0.0]
      [GC Worker Total (ms): Min: 0.9, Avg: 1.0, Max: 1.1, Diff: 0.2, Sum: 3.9]
      [GC Worker End (ms): Min: 684.4, Avg: 684.5, Max: 684.5, Diff: 0.2]
   [Code Root Fixup: 0.0 ms]
   [Code Root Purge: 0.0 ms]
   [Clear CT: 0.0 ms]
   [Other: 0.3 ms]
      [Choose CSet: 0.0 ms]
      [Ref Proc: 0.1 ms]
      [Ref Enq: 0.0 ms]
      [Redirty Cards: 0.0 ms]
      [Humongous Register: 0.1 ms]
      [Humongous Reclaim: 0.0 ms]
      [Free CSet: 0.0 ms]
   [Eden: 3072.0K(21.0M)->0.0B(23.0M) Survivors: 4096.0K->2048.0K Heap: 377.0M(512.0M)->375.6M(512.0M)]
 [Times: user=0.00 sys=0.00, real=0.00 secs] 
2020-10-28T20:28:38.336-0800: [GC concurrent-root-region-scan-start]
2020-10-28T20:28:38.336-0800: [GC concurrent-root-region-scan-end, 0.0001238 secs]
2020-10-28T20:28:38.336-0800: [GC concurrent-mark-start]
2020-10-28T20:28:38.338-0800: [GC concurrent-mark-end, 0.0016569 secs]
2020-10-28T20:28:38.338-0800: [GC remark 2020-10-28T20:28:38.338-0800: [Finalize Marking, 0.0002159 secs] 2020-10-28T20:28:38.338-0800: [GC ref-proc, 0.0000297 secs] 2020-10-28T20:28:38.338-0800: [Unloading, 0.0005166 secs], 0.0014624 secs]
 [Times: user=0.01 sys=0.00, real=0.00 secs] 
2020-10-28T20:28:38.339-0800: [GC cleanup 387M->387M(512M), 0.0003999 secs]
 [Times: user=0.00 sys=0.00, real=0.01 secs] 
2020-10-28T20:28:38.343-0800: [GC pause (G1 Evacuation Pause) (young), 0.0032696 secs]
   [Parallel Time: 2.8 ms, GC Workers: 4]
      [GC Worker Start (ms): Min: 691.9, Avg: 692.3, Max: 693.3, Diff: 1.5]
      [Ext Root Scanning (ms): Min: 0.0, Avg: 0.1, Max: 0.2, Diff: 0.2, Sum: 0.4]
      [Update RS (ms): Min: 0.0, Avg: 1.0, Max: 1.3, Diff: 1.3, Sum: 3.8]
         [Processed Buffers: Min: 0, Avg: 19.5, Max: 27, Diff: 27, Sum: 78]
      [Scan RS (ms): Min: 0.0, Avg: 0.0, Max: 0.0, Diff: 0.0, Sum: 0.0]
      [Code Root Scanning (ms): Min: 0.0, Avg: 0.0, Max: 0.0, Diff: 0.0, Sum: 0.0]
      [Object Copy (ms): Min: 0.7, Avg: 0.9, Max: 1.3, Diff: 0.5, Sum: 3.4]
      [Termination (ms): Min: 0.0, Avg: 0.4, Max: 0.6, Diff: 0.6, Sum: 1.6]
         [Termination Attempts: Min: 1, Avg: 1.0, Max: 1, Diff: 0, Sum: 4]
      [GC Worker Other (ms): Min: 0.0, Avg: 0.0, Max: 0.0, Diff: 0.0, Sum: 0.0]
      [GC Worker Total (ms): Min: 1.3, Avg: 2.3, Max: 2.7, Diff: 1.5, Sum: 9.3]
      [GC Worker End (ms): Min: 694.6, Avg: 694.6, Max: 694.6, Diff: 0.0]
   [Code Root Fixup: 0.0 ms]
   [Code Root Purge: 0.0 ms]
   [Clear CT: 0.1 ms]
   [Other: 0.4 ms]
      [Choose CSet: 0.0 ms]
      [Ref Proc: 0.2 ms]
      [Ref Enq: 0.0 ms]
      [Redirty Cards: 0.0 ms]
      [Humongous Register: 0.1 ms]
      [Humongous Reclaim: 0.0 ms]
      [Free CSet: 0.0 ms]
   [Eden: 23.0M(23.0M)->0.0B(21.0M) Survivors: 2048.0K->4096.0K Heap: 407.8M(512.0M)->383.0M(512.0M)]
 [Times: user=0.01 sys=0.00, real=0.00 secs] 
2020-10-28T20:28:38.351-0800: [GC pause (G1 Evacuation Pause) (mixed), 0.0044034 secs]
   [Parallel Time: 3.4 ms, GC Workers: 4]
      [GC Worker Start (ms): Min: 699.7, Avg: 699.8, Max: 699.9, Diff: 0.1]
      [Ext Root Scanning (ms): Min: 0.0, Avg: 0.1, Max: 0.2, Diff: 0.1, Sum: 0.4]
      [Update RS (ms): Min: 0.5, Avg: 0.5, Max: 0.6, Diff: 0.0, Sum: 2.2]
         [Processed Buffers: Min: 11, Avg: 11.0, Max: 11, Diff: 0, Sum: 44]
      [Scan RS (ms): Min: 0.0, Avg: 0.1, Max: 0.1, Diff: 0.0, Sum: 0.2]
      [Code Root Scanning (ms): Min: 0.0, Avg: 0.0, Max: 0.0, Diff: 0.0, Sum: 0.0]
      [Object Copy (ms): Min: 2.5, Avg: 2.6, Max: 2.6, Diff: 0.1, Sum: 10.2]
      [Termination (ms): Min: 0.0, Avg: 0.0, Max: 0.1, Diff: 0.1, Sum: 0.2]
         [Termination Attempts: Min: 1, Avg: 1.0, Max: 1, Diff: 0, Sum: 4]
      [GC Worker Other (ms): Min: 0.0, Avg: 0.0, Max: 0.0, Diff: 0.0, Sum: 0.0]
      [GC Worker Total (ms): Min: 3.3, Avg: 3.3, Max: 3.4, Diff: 0.1, Sum: 13.3]
      [GC Worker End (ms): Min: 703.1, Avg: 703.1, Max: 703.2, Diff: 0.0]
   [Code Root Fixup: 0.0 ms]
   [Code Root Purge: 0.0 ms]
   [Clear CT: 0.1 ms]
   [Other: 0.9 ms]
      [Choose CSet: 0.0 ms]
      [Ref Proc: 0.6 ms]
      [Ref Enq: 0.0 ms]
      [Redirty Cards: 0.0 ms]
      [Humongous Register: 0.1 ms]
      [Humongous Reclaim: 0.0 ms]
      [Free CSet: 0.1 ms]
   [Eden: 21.0M(21.0M)->0.0B(21.0M) Survivors: 4096.0K->4096.0K Heap: 408.9M(512.0M)->376.0M(512.0M)]
 [Times: user=0.01 sys=0.00, real=0.00 secs] 
2020-10-28T20:28:38.355-0800: [GC pause (G1 Humongous Allocation) (young) (initial-mark), 0.0017114 secs]
   [Parallel Time: 1.2 ms, GC Workers: 4]
      [GC Worker Start (ms): Min: 704.5, Avg: 704.5, Max: 704.5, Diff: 0.1]
      [Ext Root Scanning (ms): Min: 0.1, Avg: 0.1, Max: 0.2, Diff: 0.1, Sum: 0.5]
      [Update RS (ms): Min: 0.1, Avg: 0.1, Max: 0.1, Diff: 0.0, Sum: 0.5]
         [Processed Buffers: Min: 1, Avg: 1.2, Max: 2, Diff: 1, Sum: 5]
      [Scan RS (ms): Min: 0.0, Avg: 0.0, Max: 0.0, Diff: 0.0, Sum: 0.0]
      [Code Root Scanning (ms): Min: 0.0, Avg: 0.0, Max: 0.0, Diff: 0.0, Sum: 0.0]
      [Object Copy (ms): Min: 0.3, Avg: 0.5, Max: 0.8, Diff: 0.5, Sum: 1.9]
      [Termination (ms): Min: 0.0, Avg: 0.4, Max: 0.6, Diff: 0.6, Sum: 1.6]
         [Termination Attempts: Min: 1, Avg: 1.0, Max: 1, Diff: 0, Sum: 4]
      [GC Worker Other (ms): Min: 0.0, Avg: 0.0, Max: 0.0, Diff: 0.0, Sum: 0.0]
      [GC Worker Total (ms): Min: 1.1, Avg: 1.1, Max: 1.2, Diff: 0.1, Sum: 4.6]
      [GC Worker End (ms): Min: 705.6, Avg: 705.6, Max: 705.7, Diff: 0.0]
   [Code Root Fixup: 0.0 ms]
   [Code Root Purge: 0.0 ms]
   [Clear CT: 0.0 ms]
   [Other: 0.5 ms]
      [Choose CSet: 0.0 ms]
      [Ref Proc: 0.2 ms]
      [Ref Enq: 0.0 ms]
      [Redirty Cards: 0.0 ms]
      [Humongous Register: 0.1 ms]
      [Humongous Reclaim: 0.0 ms]
      [Free CSet: 0.0 ms]
   [Eden: 1024.0K(21.0M)->0.0B(25.0M) Survivors: 4096.0K->0.0B Heap: 376.7M(512.0M)->375.9M(512.0M)]
 [Times: user=0.00 sys=0.00, real=0.00 secs] 
2020-10-28T20:28:38.357-0800: [GC concurrent-root-region-scan-start]
2020-10-28T20:28:38.357-0800: [GC concurrent-root-region-scan-end, 0.0000098 secs]
2020-10-28T20:28:38.357-0800: [GC concurrent-mark-start]
2020-10-28T20:28:38.359-0800: [GC concurrent-mark-end, 0.0015293 secs]
2020-10-28T20:28:38.359-0800: [GC remark 2020-10-28T20:28:38.359-0800: [Finalize Marking, 0.0003014 secs] 2020-10-28T20:28:38.359-0800: [GC ref-proc, 0.0000224 secs] 2020-10-28T20:28:38.359-0800: [Unloading, 0.0003700 secs], 0.0013919 secs]
 [Times: user=0.00 sys=0.00, real=0.01 secs] 
2020-10-28T20:28:38.360-0800: [GC cleanup 387M->387M(512M), 0.0003724 secs]
 [Times: user=0.00 sys=0.00, real=0.00 secs] 
2020-10-28T20:28:38.364-0800: [GC pause (G1 Evacuation Pause) (young), 0.0020002 secs]
   [Parallel Time: 1.7 ms, GC Workers: 4]
      [GC Worker Start (ms): Min: 712.9, Avg: 713.0, Max: 713.0, Diff: 0.1]
      [Ext Root Scanning (ms): Min: 0.0, Avg: 0.1, Max: 0.2, Diff: 0.1, Sum: 0.4]
      [Update RS (ms): Min: 0.7, Avg: 0.7, Max: 0.7, Diff: 0.0, Sum: 3.0]
         [Processed Buffers: Min: 14, Avg: 15.2, Max: 16, Diff: 2, Sum: 61]
      [Scan RS (ms): Min: 0.0, Avg: 0.0, Max: 0.0, Diff: 0.0, Sum: 0.0]
      [Code Root Scanning (ms): Min: 0.0, Avg: 0.0, Max: 0.0, Diff: 0.0, Sum: 0.0]
      [Object Copy (ms): Min: 0.5, Avg: 0.6, Max: 0.6, Diff: 0.1, Sum: 2.3]
      [Termination (ms): Min: 0.0, Avg: 0.1, Max: 0.2, Diff: 0.2, Sum: 0.4]
         [Termination Attempts: Min: 1, Avg: 1.0, Max: 1, Diff: 0, Sum: 4]
      [GC Worker Other (ms): Min: 0.0, Avg: 0.0, Max: 0.0, Diff: 0.0, Sum: 0.0]
      [GC Worker Total (ms): Min: 1.4, Avg: 1.5, Max: 1.6, Diff: 0.2, Sum: 6.1]
      [GC Worker End (ms): Min: 714.5, Avg: 714.5, Max: 714.5, Diff: 0.1]
   [Code Root Fixup: 0.0 ms]
   [Code Root Purge: 0.0 ms]
   [Clear CT: 0.0 ms]
   [Other: 0.3 ms]
      [Choose CSet: 0.0 ms]
      [Ref Proc: 0.1 ms]
      [Ref Enq: 0.0 ms]
      [Redirty Cards: 0.0 ms]
      [Humongous Register: 0.1 ms]
      [Humongous Reclaim: 0.0 ms]
      [Free CSet: 0.0 ms]
   [Eden: 25.0M(25.0M)->0.0B(21.0M) Survivors: 0.0B->4096.0K Heap: 407.7M(512.0M)->382.8M(512.0M)]
 [Times: user=0.00 sys=0.00, real=0.00 secs] 
2020-10-28T20:28:38.370-0800: [GC pause (G1 Evacuation Pause) (mixed), 0.0048516 secs]
   [Parallel Time: 4.1 ms, GC Workers: 4]
      [GC Worker Start (ms): Min: 719.4, Avg: 719.6, Max: 720.0, Diff: 0.6]
      [Ext Root Scanning (ms): Min: 0.0, Avg: 0.1, Max: 0.2, Diff: 0.2, Sum: 0.4]
      [Update RS (ms): Min: 0.0, Avg: 0.3, Max: 0.4, Diff: 0.4, Sum: 1.2]
         [Processed Buffers: Min: 0, Avg: 6.8, Max: 10, Diff: 10, Sum: 27]
      [Scan RS (ms): Min: 0.0, Avg: 0.0, Max: 0.0, Diff: 0.0, Sum: 0.1]
      [Code Root Scanning (ms): Min: 0.0, Avg: 0.0, Max: 0.0, Diff: 0.0, Sum: 0.0]
      [Object Copy (ms): Min: 3.4, Avg: 3.4, Max: 3.4, Diff: 0.0, Sum: 13.6]
      [Termination (ms): Min: 0.0, Avg: 0.0, Max: 0.0, Diff: 0.0, Sum: 0.1]
         [Termination Attempts: Min: 1, Avg: 1.0, Max: 1, Diff: 0, Sum: 4]
      [GC Worker Other (ms): Min: 0.0, Avg: 0.0, Max: 0.0, Diff: 0.0, Sum: 0.0]
      [GC Worker Total (ms): Min: 3.4, Avg: 3.9, Max: 4.1, Diff: 0.6, Sum: 15.5]
      [GC Worker End (ms): Min: 723.4, Avg: 723.4, Max: 723.4, Diff: 0.0]
   [Code Root Fixup: 0.0 ms]
   [Code Root Purge: 0.0 ms]
   [Clear CT: 0.1 ms]
   [Other: 0.7 ms]
      [Choose CSet: 0.0 ms]
      [Ref Proc: 0.4 ms]
      [Ref Enq: 0.0 ms]
      [Redirty Cards: 0.0 ms]
      [Humongous Register: 0.1 ms]
      [Humongous Reclaim: 0.0 ms]
      [Free CSet: 0.0 ms]
   [Eden: 21.0M(21.0M)->0.0B(21.0M) Survivors: 4096.0K->4096.0K Heap: 406.3M(512.0M)->376.7M(512.0M)]
 [Times: user=0.01 sys=0.00, real=0.00 secs] 
2020-10-28T20:28:38.376-0800: [GC pause (G1 Humongous Allocation) (young) (initial-mark), 0.0015441 secs]
   [Parallel Time: 1.2 ms, GC Workers: 4]
      [GC Worker Start (ms): Min: 724.7, Avg: 724.8, Max: 724.9, Diff: 0.2]
      [Ext Root Scanning (ms): Min: 0.0, Avg: 0.4, Max: 1.2, Diff: 1.2, Sum: 1.6]
      [Update RS (ms): Min: 0.0, Avg: 0.1, Max: 0.1, Diff: 0.1, Sum: 0.3]
         [Processed Buffers: Min: 0, Avg: 1.2, Max: 2, Diff: 2, Sum: 5]
      [Scan RS (ms): Min: 0.0, Avg: 0.0, Max: 0.0, Diff: 0.0, Sum: 0.0]
      [Code Root Scanning (ms): Min: 0.0, Avg: 0.0, Max: 0.0, Diff: 0.0, Sum: 0.0]
      [Object Copy (ms): Min: 0.0, Avg: 0.3, Max: 0.4, Diff: 0.4, Sum: 1.2]
      [Termination (ms): Min: 0.0, Avg: 0.4, Max: 0.6, Diff: 0.6, Sum: 1.6]
         [Termination Attempts: Min: 1, Avg: 1.0, Max: 1, Diff: 0, Sum: 4]
      [GC Worker Other (ms): Min: 0.0, Avg: 0.0, Max: 0.0, Diff: 0.0, Sum: 0.0]
      [GC Worker Total (ms): Min: 1.1, Avg: 1.2, Max: 1.2, Diff: 0.2, Sum: 4.7]
      [GC Worker End (ms): Min: 725.9, Avg: 725.9, Max: 725.9, Diff: 0.0]
   [Code Root Fixup: 0.0 ms]
   [Code Root Purge: 0.0 ms]
   [Clear CT: 0.0 ms]
   [Other: 0.3 ms]
      [Choose CSet: 0.0 ms]
      [Ref Proc: 0.1 ms]
      [Ref Enq: 0.0 ms]
      [Redirty Cards: 0.0 ms]
      [Humongous Register: 0.1 ms]
      [Humongous Reclaim: 0.0 ms]
      [Free CSet: 0.0 ms]
   [Eden: 2048.0K(21.0M)->0.0B(24.0M) Survivors: 4096.0K->1024.0K Heap: 378.6M(512.0M)->377.0M(512.0M)]
 [Times: user=0.01 sys=0.00, real=0.00 secs] 
2020-10-28T20:28:38.377-0800: [GC concurrent-root-region-scan-start]
2020-10-28T20:28:38.377-0800: [GC concurrent-root-region-scan-end, 0.0000876 secs]
2020-10-28T20:28:38.377-0800: [GC concurrent-mark-start]
2020-10-28T20:28:38.379-0800: [GC concurrent-mark-end, 0.0015080 secs]
2020-10-28T20:28:38.379-0800: [GC remark 2020-10-28T20:28:38.379-0800: [Finalize Marking, 0.0001708 secs] 2020-10-28T20:28:38.379-0800: [GC ref-proc, 0.0000240 secs] 2020-10-28T20:28:38.379-0800: [Unloading, 0.0003925 secs], 0.0012965 secs]
 [Times: user=0.00 sys=0.00, real=0.01 secs] 
2020-10-28T20:28:38.380-0800: [GC cleanup 388M->388M(512M), 0.0003767 secs]
 [Times: user=0.00 sys=0.00, real=0.00 secs] 
2020-10-28T20:28:38.383-0800: [GC pause (G1 Evacuation Pause) (young), 0.0030707 secs]
   [Parallel Time: 2.4 ms, GC Workers: 4]
      [GC Worker Start (ms): Min: 732.6, Avg: 732.9, Max: 733.8, Diff: 1.2]
      [Ext Root Scanning (ms): Min: 0.0, Avg: 0.1, Max: 0.2, Diff: 0.2, Sum: 0.4]
      [Update RS (ms): Min: 0.0, Avg: 0.8, Max: 1.0, Diff: 1.0, Sum: 3.1]
         [Processed Buffers: Min: 0, Avg: 15.8, Max: 22, Diff: 22, Sum: 63]
      [Scan RS (ms): Min: 0.0, Avg: 0.0, Max: 0.0, Diff: 0.0, Sum: 0.0]
      [Code Root Scanning (ms): Min: 0.0, Avg: 0.0, Max: 0.0, Diff: 0.0, Sum: 0.0]
      [Object Copy (ms): Min: 0.6, Avg: 0.8, Max: 1.1, Diff: 0.4, Sum: 3.0]
      [Termination (ms): Min: 0.0, Avg: 0.4, Max: 0.5, Diff: 0.5, Sum: 1.6]
         [Termination Attempts: Min: 1, Avg: 1.0, Max: 1, Diff: 0, Sum: 4]
      [GC Worker Other (ms): Min: 0.0, Avg: 0.0, Max: 0.0, Diff: 0.0, Sum: 0.0]
      [GC Worker Total (ms): Min: 1.2, Avg: 2.0, Max: 2.4, Diff: 1.2, Sum: 8.2]
      [GC Worker End (ms): Min: 734.8, Avg: 734.9, Max: 735.0, Diff: 0.2]
   [Code Root Fixup: 0.0 ms]
   [Code Root Purge: 0.0 ms]
   [Clear CT: 0.1 ms]
   [Other: 0.5 ms]
      [Choose CSet: 0.0 ms]
      [Ref Proc: 0.2 ms]
      [Ref Enq: 0.0 ms]
      [Redirty Cards: 0.0 ms]
      [Humongous Register: 0.1 ms]
      [Humongous Reclaim: 0.1 ms]
      [Free CSet: 0.0 ms]
   [Eden: 24.0M(24.0M)->0.0B(21.0M) Survivors: 1024.0K->4096.0K Heap: 408.4M(512.0M)->382.7M(512.0M)]
 [Times: user=0.01 sys=0.00, real=0.00 secs] 
2020-10-28T20:28:38.390-0800: [GC pause (G1 Evacuation Pause) (mixed), 0.0049816 secs]
   [Parallel Time: 4.0 ms, GC Workers: 4]
      [GC Worker Start (ms): Min: 739.5, Avg: 739.5, Max: 739.6, Diff: 0.1]
      [Ext Root Scanning (ms): Min: 0.1, Avg: 0.1, Max: 0.2, Diff: 0.1, Sum: 0.5]
      [Update RS (ms): Min: 0.6, Avg: 0.6, Max: 0.6, Diff: 0.0, Sum: 2.5]
         [Processed Buffers: Min: 6, Avg: 9.2, Max: 13, Diff: 7, Sum: 37]
      [Scan RS (ms): Min: 0.0, Avg: 0.0, Max: 0.0, Diff: 0.0, Sum: 0.1]
      [Code Root Scanning (ms): Min: 0.0, Avg: 0.0, Max: 0.0, Diff: 0.0, Sum: 0.0]
      [Object Copy (ms): Min: 3.1, Avg: 3.2, Max: 3.2, Diff: 0.0, Sum: 12.6]
      [Termination (ms): Min: 0.0, Avg: 0.0, Max: 0.0, Diff: 0.0, Sum: 0.1]
         [Termination Attempts: Min: 1, Avg: 1.0, Max: 1, Diff: 0, Sum: 4]
      [GC Worker Other (ms): Min: 0.0, Avg: 0.0, Max: 0.0, Diff: 0.0, Sum: 0.0]
      [GC Worker Total (ms): Min: 3.9, Avg: 4.0, Max: 4.0, Diff: 0.1, Sum: 15.9]
      [GC Worker End (ms): Min: 743.5, Avg: 743.5, Max: 743.5, Diff: 0.0]
   [Code Root Fixup: 0.0 ms]
   [Code Root Purge: 0.0 ms]
   [Clear CT: 0.0 ms]
   [Other: 0.9 ms]
      [Choose CSet: 0.0 ms]
      [Ref Proc: 0.6 ms]
      [Ref Enq: 0.0 ms]
      [Redirty Cards: 0.0 ms]
      [Humongous Register: 0.1 ms]
      [Humongous Reclaim: 0.0 ms]
      [Free CSet: 0.0 ms]
   [Eden: 21.0M(21.0M)->0.0B(21.0M) Survivors: 4096.0K->4096.0K Heap: 407.7M(512.0M)->379.8M(512.0M)]
 [Times: user=0.02 sys=0.01, real=0.00 secs] 
2020-10-28T20:28:38.396-0800: [GC pause (G1 Humongous Allocation) (young) (initial-mark), 0.0015208 secs]
   [Parallel Time: 1.2 ms, GC Workers: 4]
      [GC Worker Start (ms): Min: 744.8, Avg: 744.8, Max: 744.9, Diff: 0.2]
      [Ext Root Scanning (ms): Min: 0.0, Avg: 0.4, Max: 1.2, Diff: 1.2, Sum: 1.5]
      [Update RS (ms): Min: 0.0, Avg: 0.1, Max: 0.1, Diff: 0.1, Sum: 0.3]
         [Processed Buffers: Min: 0, Avg: 1.2, Max: 2, Diff: 2, Sum: 5]
      [Scan RS (ms): Min: 0.0, Avg: 0.0, Max: 0.0, Diff: 0.0, Sum: 0.0]
      [Code Root Scanning (ms): Min: 0.0, Avg: 0.0, Max: 0.0, Diff: 0.0, Sum: 0.0]
      [Object Copy (ms): Min: 0.0, Avg: 0.3, Max: 0.4, Diff: 0.4, Sum: 1.2]
      [Termination (ms): Min: 0.0, Avg: 0.4, Max: 0.6, Diff: 0.6, Sum: 1.6]
         [Termination Attempts: Min: 1, Avg: 1.0, Max: 1, Diff: 0, Sum: 4]
      [GC Worker Other (ms): Min: 0.0, Avg: 0.0, Max: 0.0, Diff: 0.0, Sum: 0.0]
      [GC Worker Total (ms): Min: 1.0, Avg: 1.2, Max: 1.2, Diff: 0.1, Sum: 4.6]
      [GC Worker End (ms): Min: 746.0, Avg: 746.0, Max: 746.0, Diff: 0.0]
   [Code Root Fixup: 0.0 ms]
   [Code Root Purge: 0.0 ms]
   [Clear CT: 0.0 ms]
   [Other: 0.3 ms]
      [Choose CSet: 0.0 ms]
      [Ref Proc: 0.1 ms]
      [Ref Enq: 0.0 ms]
      [Redirty Cards: 0.0 ms]
      [Humongous Register: 0.1 ms]
      [Humongous Reclaim: 0.0 ms]
      [Free CSet: 0.0 ms]
   [Eden: 1024.0K(21.0M)->0.0B(24.0M) Survivors: 4096.0K->1024.0K Heap: 380.7M(512.0M)->380.5M(512.0M)]
 [Times: user=0.00 sys=0.00, real=0.00 secs] 
2020-10-28T20:28:38.397-0800: [GC concurrent-root-region-scan-start]
2020-10-28T20:28:38.397-0800: [GC concurrent-root-region-scan-end, 0.0000178 secs]
2020-10-28T20:28:38.397-0800: [GC concurrent-mark-start]
2020-10-28T20:28:38.399-0800: [GC concurrent-mark-end, 0.0015704 secs]
2020-10-28T20:28:38.399-0800: [GC remark 2020-10-28T20:28:38.399-0800: [Finalize Marking, 0.0004576 secs] 2020-10-28T20:28:38.400-0800: [GC ref-proc, 0.0000229 secs] 2020-10-28T20:28:38.400-0800: [Unloading, 0.0003761 secs], 0.0015789 secs]
 [Times: user=0.01 sys=0.00, real=0.01 secs] 
2020-10-28T20:28:38.401-0800: [GC cleanup 392M->392M(512M), 0.0003964 secs]
 [Times: user=0.00 sys=0.00, real=0.00 secs] 
2020-10-28T20:28:38.404-0800: [GC pause (G1 Evacuation Pause) (young), 0.0029559 secs]
   [Parallel Time: 2.2 ms, GC Workers: 4]
      [GC Worker Start (ms): Min: 752.9, Avg: 753.0, Max: 753.2, Diff: 0.3]
      [Ext Root Scanning (ms): Min: 0.0, Avg: 0.1, Max: 0.2, Diff: 0.2, Sum: 0.5]
      [Update RS (ms): Min: 0.4, Avg: 0.5, Max: 0.5, Diff: 0.1, Sum: 1.8]
         [Processed Buffers: Min: 2, Avg: 6.2, Max: 9, Diff: 7, Sum: 25]
      [Scan RS (ms): Min: 0.0, Avg: 0.0, Max: 0.0, Diff: 0.0, Sum: 0.0]
      [Code Root Scanning (ms): Min: 0.0, Avg: 0.0, Max: 0.0, Diff: 0.0, Sum: 0.0]
      [Object Copy (ms): Min: 0.9, Avg: 1.0, Max: 1.4, Diff: 0.5, Sum: 4.1]
      [Termination (ms): Min: 0.0, Avg: 0.4, Max: 0.6, Diff: 0.6, Sum: 1.7]
         [Termination Attempts: Min: 1, Avg: 1.0, Max: 1, Diff: 0, Sum: 4]
      [GC Worker Other (ms): Min: 0.0, Avg: 0.0, Max: 0.0, Diff: 0.0, Sum: 0.0]
      [GC Worker Total (ms): Min: 1.8, Avg: 2.0, Max: 2.2, Diff: 0.4, Sum: 8.2]
      [GC Worker End (ms): Min: 755.0, Avg: 755.1, Max: 755.1, Diff: 0.1]
   [Code Root Fixup: 0.0 ms]
   [Code Root Purge: 0.0 ms]
   [Clear CT: 0.0 ms]
   [Other: 0.7 ms]
      [Choose CSet: 0.0 ms]
      [Ref Proc: 0.4 ms]
      [Ref Enq: 0.0 ms]
      [Redirty Cards: 0.0 ms]
      [Humongous Register: 0.1 ms]
      [Humongous Reclaim: 0.1 ms]
      [Free CSet: 0.0 ms]
   [Eden: 24.0M(24.0M)->0.0B(21.0M) Survivors: 1024.0K->4096.0K Heap: 407.0M(512.0M)->389.4M(512.0M)]
 [Times: user=0.01 sys=0.00, real=0.00 secs] 
2020-10-28T20:28:38.411-0800: [GC pause (G1 Evacuation Pause) (mixed) (to-space exhausted), 0.0048704 secs]
   [Parallel Time: 4.3 ms, GC Workers: 4]
      [GC Worker Start (ms): Min: 759.6, Avg: 759.7, Max: 759.7, Diff: 0.1]
      [Ext Root Scanning (ms): Min: 0.1, Avg: 0.1, Max: 0.2, Diff: 0.1, Sum: 0.5]
      [Update RS (ms): Min: 0.8, Avg: 0.8, Max: 0.8, Diff: 0.0, Sum: 3.2]
         [Processed Buffers: Min: 15, Avg: 16.0, Max: 17, Diff: 2, Sum: 64]
      [Scan RS (ms): Min: 0.0, Avg: 0.0, Max: 0.0, Diff: 0.0, Sum: 0.1]
      [Code Root Scanning (ms): Min: 0.0, Avg: 0.0, Max: 0.0, Diff: 0.0, Sum: 0.0]
      [Object Copy (ms): Min: 2.7, Avg: 2.9, Max: 3.3, Diff: 0.5, Sum: 11.4]
      [Termination (ms): Min: 0.0, Avg: 0.4, Max: 0.6, Diff: 0.6, Sum: 1.7]
         [Termination Attempts: Min: 1, Avg: 1.2, Max: 2, Diff: 1, Sum: 5]
      [GC Worker Other (ms): Min: 0.0, Avg: 0.0, Max: 0.0, Diff: 0.0, Sum: 0.0]
      [GC Worker Total (ms): Min: 4.1, Avg: 4.2, Max: 4.3, Diff: 0.1, Sum: 17.0]
      [GC Worker End (ms): Min: 763.9, Avg: 763.9, Max: 763.9, Diff: 0.0]
   [Code Root Fixup: 0.0 ms]
   [Code Root Purge: 0.0 ms]
   [Clear CT: 0.1 ms]
   [Other: 0.5 ms]
      [Evacuation Failure: 0.1 ms]
      [Choose CSet: 0.0 ms]
      [Ref Proc: 0.1 ms]
      [Ref Enq: 0.0 ms]
      [Redirty Cards: 0.0 ms]
      [Humongous Register: 0.1 ms]
      [Humongous Reclaim: 0.0 ms]
      [Free CSet: 0.0 ms]
   [Eden: 21.0M(21.0M)->0.0B(21.0M) Survivors: 4096.0K->4096.0K Heap: 417.8M(512.0M)->412.3M(512.0M)]
 [Times: user=0.02 sys=0.00, real=0.00 secs] 
2020-10-28T20:28:38.416-0800: [GC pause (G1 Humongous Allocation) (young) (initial-mark), 0.0020178 secs]
   [Parallel Time: 1.2 ms, GC Workers: 4]
      [GC Worker Start (ms): Min: 765.0, Avg: 765.1, Max: 765.1, Diff: 0.1]
      [Ext Root Scanning (ms): Min: 0.1, Avg: 0.1, Max: 0.2, Diff: 0.1, Sum: 0.5]
      [Update RS (ms): Min: 0.1, Avg: 0.1, Max: 0.1, Diff: 0.0, Sum: 0.3]
         [Processed Buffers: Min: 1, Avg: 2.0, Max: 5, Diff: 4, Sum: 8]
      [Scan RS (ms): Min: 0.0, Avg: 0.0, Max: 0.0, Diff: 0.0, Sum: 0.0]
      [Code Root Scanning (ms): Min: 0.0, Avg: 0.0, Max: 0.0, Diff: 0.0, Sum: 0.0]
      [Object Copy (ms): Min: 0.4, Avg: 0.6, Max: 1.0, Diff: 0.6, Sum: 2.2]
      [Termination (ms): Min: 0.0, Avg: 0.4, Max: 0.6, Diff: 0.6, Sum: 1.7]
         [Termination Attempts: Min: 1, Avg: 1.0, Max: 1, Diff: 0, Sum: 4]
      [GC Worker Other (ms): Min: 0.0, Avg: 0.0, Max: 0.0, Diff: 0.0, Sum: 0.0]
      [GC Worker Total (ms): Min: 1.2, Avg: 1.2, Max: 1.2, Diff: 0.1, Sum: 4.7]
      [GC Worker End (ms): Min: 766.3, Avg: 766.3, Max: 766.3, Diff: 0.0]
   [Code Root Fixup: 0.0 ms]
   [Code Root Purge: 0.0 ms]
   [Clear CT: 0.1 ms]
   [Other: 0.7 ms]
      [Choose CSet: 0.0 ms]
      [Ref Proc: 0.5 ms]
      [Ref Enq: 0.0 ms]
      [Redirty Cards: 0.1 ms]
      [Humongous Register: 0.1 ms]
      [Humongous Reclaim: 0.0 ms]
      [Free CSet: 0.0 ms]
   [Eden: 4096.0K(21.0M)->0.0B(23.0M) Survivors: 4096.0K->2048.0K Heap: 415.6M(512.0M)->413.1M(512.0M)]
 [Times: user=0.01 sys=0.00, real=0.00 secs] 
2020-10-28T20:28:38.418-0800: [GC concurrent-root-region-scan-start]
2020-10-28T20:28:38.418-0800: [GC concurrent-root-region-scan-end, 0.0001055 secs]
2020-10-28T20:28:38.418-0800: [GC concurrent-mark-start]
2020-10-28T20:28:38.420-0800: [GC concurrent-mark-end, 0.0015136 secs]
2020-10-28T20:28:38.420-0800: [GC remark 2020-10-28T20:28:38.420-0800: [Finalize Marking, 0.0001443 secs] 2020-10-28T20:28:38.420-0800: [GC ref-proc, 0.0000231 secs] 2020-10-28T20:28:38.420-0800: [Unloading, 0.0003908 secs], 0.0014811 secs]
 [Times: user=0.00 sys=0.00, real=0.00 secs] 
2020-10-28T20:28:38.421-0800: [GC cleanup 423M->423M(512M), 0.0004659 secs]
 [Times: user=0.00 sys=0.00, real=0.00 secs] 
2020-10-28T20:28:38.425-0800: [GC pause (G1 Evacuation Pause) (young) (to-space exhausted), 0.0020667 secs]
   [Parallel Time: 1.1 ms, GC Workers: 4]
      [GC Worker Start (ms): Min: 773.8, Avg: 773.9, Max: 773.9, Diff: 0.1]
      [Ext Root Scanning (ms): Min: 0.1, Avg: 0.1, Max: 0.2, Diff: 0.1, Sum: 0.5]
      [Update RS (ms): Min: 0.5, Avg: 0.5, Max: 0.5, Diff: 0.0, Sum: 1.9]
         [Processed Buffers: Min: 9, Avg: 9.8, Max: 10, Diff: 1, Sum: 39]
      [Scan RS (ms): Min: 0.0, Avg: 0.0, Max: 0.0, Diff: 0.0, Sum: 0.0]
      [Code Root Scanning (ms): Min: 0.0, Avg: 0.0, Max: 0.0, Diff: 0.0, Sum: 0.0]
      [Object Copy (ms): Min: 0.4, Avg: 0.4, Max: 0.4, Diff: 0.0, Sum: 1.7]
      [Termination (ms): Min: 0.0, Avg: 0.0, Max: 0.0, Diff: 0.0, Sum: 0.0]
         [Termination Attempts: Min: 1, Avg: 1.0, Max: 1, Diff: 0, Sum: 4]
      [GC Worker Other (ms): Min: 0.0, Avg: 0.0, Max: 0.0, Diff: 0.0, Sum: 0.0]
      [GC Worker Total (ms): Min: 1.0, Avg: 1.0, Max: 1.1, Diff: 0.1, Sum: 4.2]
      [GC Worker End (ms): Min: 774.9, Avg: 774.9, Max: 774.9, Diff: 0.0]
   [Code Root Fixup: 0.0 ms]
   [Code Root Purge: 0.0 ms]
   [Clear CT: 0.0 ms]
   [Other: 0.9 ms]
      [Evacuation Failure: 0.1 ms]
      [Choose CSet: 0.0 ms]
      [Ref Proc: 0.6 ms]
      [Ref Enq: 0.0 ms]
      [Redirty Cards: 0.0 ms]
      [Humongous Register: 0.1 ms]
      [Humongous Reclaim: 0.0 ms]
      [Free CSet: 0.0 ms]
   [Eden: 23.0M(23.0M)->0.0B(21.0M) Survivors: 2048.0K->4096.0K Heap: 440.2M(512.0M)->423.9M(512.0M)]
 [Times: user=0.00 sys=0.00, real=0.00 secs] 
2020-10-28T20:28:38.431-0800: [GC pause (G1 Evacuation Pause) (mixed) (to-space exhausted), 0.0023115 secs]
   [Parallel Time: 1.3 ms, GC Workers: 4]
      [GC Worker Start (ms): Min: 779.7, Avg: 779.8, Max: 779.8, Diff: 0.2]
      [Ext Root Scanning (ms): Min: 0.0, Avg: 0.2, Max: 0.4, Diff: 0.4, Sum: 0.7]
      [Update RS (ms): Min: 0.3, Avg: 0.3, Max: 0.3, Diff: 0.0, Sum: 1.2]
         [Processed Buffers: Min: 1, Avg: 5.2, Max: 8, Diff: 7, Sum: 21]
      [Scan RS (ms): Min: 0.0, Avg: 0.0, Max: 0.0, Diff: 0.0, Sum: 0.1]
      [Code Root Scanning (ms): Min: 0.0, Avg: 0.0, Max: 0.0, Diff: 0.0, Sum: 0.0]
      [Object Copy (ms): Min: 0.2, Avg: 0.3, Max: 0.6, Diff: 0.4, Sum: 1.2]
      [Termination (ms): Min: 0.0, Avg: 0.4, Max: 0.5, Diff: 0.5, Sum: 1.6]
         [Termination Attempts: Min: 1, Avg: 1.0, Max: 1, Diff: 0, Sum: 4]
      [GC Worker Other (ms): Min: 0.0, Avg: 0.0, Max: 0.0, Diff: 0.0, Sum: 0.0]
      [GC Worker Total (ms): Min: 1.1, Avg: 1.2, Max: 1.3, Diff: 0.2, Sum: 4.9]
      [GC Worker End (ms): Min: 781.0, Avg: 781.0, Max: 781.0, Diff: 0.0]
   [Code Root Fixup: 0.0 ms]
   [Code Root Purge: 0.0 ms]
   [Clear CT: 0.0 ms]
   [Other: 0.9 ms]
      [Evacuation Failure: 0.1 ms]
      [Choose CSet: 0.0 ms]
      [Ref Proc: 0.6 ms]
      [Ref Enq: 0.0 ms]
      [Redirty Cards: 0.0 ms]
      [Humongous Register: 0.1 ms]
      [Humongous Reclaim: 0.0 ms]
      [Free CSet: 0.0 ms]
   [Eden: 21.0M(21.0M)->0.0B(25.0M) Survivors: 4096.0K->0.0B Heap: 446.2M(512.0M)->439.7M(512.0M)]
 [Times: user=0.00 sys=0.00, real=0.00 secs] 
2020-10-28T20:28:38.434-0800: [GC pause (G1 Humongous Allocation) (mixed) (to-space exhausted), 0.0029424 secs]
   [Parallel Time: 2.2 ms, GC Workers: 4]
      [GC Worker Start (ms): Min: 783.2, Avg: 783.3, Max: 783.3, Diff: 0.1]
      [Ext Root Scanning (ms): Min: 0.1, Avg: 0.6, Max: 2.0, Diff: 2.0, Sum: 2.4]
      [Update RS (ms): Min: 0.0, Avg: 0.2, Max: 0.3, Diff: 0.3, Sum: 0.7]
         [Processed Buffers: Min: 0, Avg: 6.2, Max: 14, Diff: 14, Sum: 25]
      [Scan RS (ms): Min: 0.0, Avg: 0.1, Max: 0.1, Diff: 0.1, Sum: 0.3]
      [Code Root Scanning (ms): Min: 0.0, Avg: 0.0, Max: 0.0, Diff: 0.0, Sum: 0.0]
      [Object Copy (ms): Min: 0.0, Avg: 0.9, Max: 1.2, Diff: 1.2, Sum: 3.5]
      [Termination (ms): Min: 0.0, Avg: 0.4, Max: 0.6, Diff: 0.6, Sum: 1.7]
         [Termination Attempts: Min: 1, Avg: 1.0, Max: 1, Diff: 0, Sum: 4]
      [GC Worker Other (ms): Min: 0.0, Avg: 0.0, Max: 0.0, Diff: 0.0, Sum: 0.0]
      [GC Worker Total (ms): Min: 2.1, Avg: 2.1, Max: 2.2, Diff: 0.2, Sum: 8.6]
      [GC Worker End (ms): Min: 785.3, Avg: 785.4, Max: 785.5, Diff: 0.2]
   [Code Root Fixup: 0.0 ms]
   [Code Root Purge: 0.0 ms]
   [Clear CT: 0.1 ms]
   [Other: 0.6 ms]
      [Evacuation Failure: 0.3 ms]
      [Choose CSet: 0.0 ms]
      [Ref Proc: 0.1 ms]
      [Ref Enq: 0.0 ms]
      [Redirty Cards: 0.1 ms]
      [Humongous Register: 0.1 ms]
      [Humongous Reclaim: 0.0 ms]
      [Free CSet: 0.0 ms]
   [Eden: 7168.0K(25.0M)->0.0B(25.0M) Survivors: 0.0B->0.0B Heap: 448.1M(512.0M)->446.5M(512.0M)]
 [Times: user=0.01 sys=0.00, real=0.00 secs] 
2020-10-28T20:28:38.438-0800: [GC pause (G1 Humongous Allocation) (young) (initial-mark) (to-space exhausted), 0.0029399 secs]
   [Parallel Time: 2.3 ms, GC Workers: 4]
      [GC Worker Start (ms): Min: 786.8, Avg: 786.8, Max: 786.8, Diff: 0.1]
      [Ext Root Scanning (ms): Min: 0.2, Avg: 1.1, Max: 2.2, Diff: 2.0, Sum: 4.3]
      [Update RS (ms): Min: 0.0, Avg: 0.3, Max: 0.6, Diff: 0.6, Sum: 1.1]
         [Processed Buffers: Min: 0, Avg: 5.0, Max: 11, Diff: 11, Sum: 20]
      [Scan RS (ms): Min: 0.0, Avg: 0.0, Max: 0.0, Diff: 0.0, Sum: 0.0]
      [Code Root Scanning (ms): Min: 0.0, Avg: 0.0, Max: 0.0, Diff: 0.0, Sum: 0.0]
      [Object Copy (ms): Min: 0.0, Avg: 0.0, Max: 0.0, Diff: 0.0, Sum: 0.0]
      [Termination (ms): Min: 0.0, Avg: 0.9, Max: 1.4, Diff: 1.4, Sum: 3.5]
         [Termination Attempts: Min: 1, Avg: 1.0, Max: 1, Diff: 0, Sum: 4]
      [GC Worker Other (ms): Min: 0.0, Avg: 0.0, Max: 0.0, Diff: 0.0, Sum: 0.0]
      [GC Worker Total (ms): Min: 2.2, Avg: 2.2, Max: 2.3, Diff: 0.1, Sum: 9.0]
      [GC Worker End (ms): Min: 789.0, Avg: 789.1, Max: 789.1, Diff: 0.0]
   [Code Root Fixup: 0.0 ms]
   [Code Root Purge: 0.0 ms]
   [Clear CT: 0.1 ms]
   [Other: 0.5 ms]
      [Evacuation Failure: 0.1 ms]
      [Choose CSet: 0.0 ms]
      [Ref Proc: 0.3 ms]
      [Ref Enq: 0.0 ms]
      [Redirty Cards: 0.1 ms]
      [Humongous Register: 0.0 ms]
      [Humongous Reclaim: 0.0 ms]
      [Free CSet: 0.0 ms]
   [Eden: 2048.0K(25.0M)->0.0B(25.0M) Survivors: 0.0B->0.0B Heap: 448.2M(512.0M)->446.7M(512.0M)]
 [Times: user=0.01 sys=0.00, real=0.01 secs] 
2020-10-28T20:28:38.441-0800: [GC concurrent-root-region-scan-start]
2020-10-28T20:28:38.441-0800: [GC concurrent-root-region-scan-end, 0.0000101 secs]
2020-10-28T20:28:38.441-0800: [GC concurrent-mark-start]
2020-10-28T20:28:38.441-0800: [GC pause (G1 Humongous Allocation) (young) (to-space exhausted), 0.0007565 secs]
   [Parallel Time: 0.4 ms, GC Workers: 4]
      [GC Worker Start (ms): Min: 790.1, Avg: 790.2, Max: 790.2, Diff: 0.1]
      [Ext Root Scanning (ms): Min: 0.1, Avg: 0.1, Max: 0.2, Diff: 0.1, Sum: 0.5]
      [Update RS (ms): Min: 0.2, Avg: 0.2, Max: 0.2, Diff: 0.0, Sum: 0.8]
         [Processed Buffers: Min: 3, Avg: 3.8, Max: 5, Diff: 2, Sum: 15]
      [Scan RS (ms): Min: 0.0, Avg: 0.0, Max: 0.0, Diff: 0.0, Sum: 0.0]
      [Code Root Scanning (ms): Min: 0.0, Avg: 0.0, Max: 0.0, Diff: 0.0, Sum: 0.0]
      [Object Copy (ms): Min: 0.0, Avg: 0.0, Max: 0.0, Diff: 0.0, Sum: 0.0]
      [Termination (ms): Min: 0.0, Avg: 0.0, Max: 0.0, Diff: 0.0, Sum: 0.0]
         [Termination Attempts: Min: 1, Avg: 1.0, Max: 1, Diff: 0, Sum: 4]
      [GC Worker Other (ms): Min: 0.0, Avg: 0.0, Max: 0.0, Diff: 0.0, Sum: 0.0]
      [GC Worker Total (ms): Min: 0.3, Avg: 0.3, Max: 0.4, Diff: 0.1, Sum: 1.4]
      [GC Worker End (ms): Min: 790.5, Avg: 790.5, Max: 790.5, Diff: 0.0]
   [Code Root Fixup: 0.0 ms]
   [Code Root Purge: 0.0 ms]
   [Clear CT: 0.0 ms]
   [Other: 0.3 ms]
      [Evacuation Failure: 0.0 ms]
      [Choose CSet: 0.0 ms]
      [Ref Proc: 0.1 ms]
      [Ref Enq: 0.0 ms]
      [Redirty Cards: 0.1 ms]
      [Humongous Register: 0.1 ms]
      [Humongous Reclaim: 0.0 ms]
      [Free CSet: 0.0 ms]
   [Eden: 1024.0K(25.0M)->0.0B(25.0M) Survivors: 0.0B->0.0B Heap: 449.1M(512.0M)->447.7M(512.0M)]
 [Times: user=0.00 sys=0.00, real=0.00 secs] 
2020-10-28T20:28:38.442-0800: [GC pause (G1 Evacuation Pause) (young) (to-space exhausted), 0.0011110 secs]
   [Parallel Time: 0.3 ms, GC Workers: 4]
      [GC Worker Start (ms): Min: 791.3, Avg: 791.3, Max: 791.3, Diff: 0.1]
      [Ext Root Scanning (ms): Min: 0.1, Avg: 0.1, Max: 0.1, Diff: 0.1, Sum: 0.5]
      [Update RS (ms): Min: 0.1, Avg: 0.1, Max: 0.1, Diff: 0.0, Sum: 0.4]
         [Processed Buffers: Min: 2, Avg: 2.5, Max: 3, Diff: 1, Sum: 10]
      [Scan RS (ms): Min: 0.0, Avg: 0.0, Max: 0.0, Diff: 0.0, Sum: 0.0]
      [Code Root Scanning (ms): Min: 0.0, Avg: 0.0, Max: 0.0, Diff: 0.0, Sum: 0.0]
      [Object Copy (ms): Min: 0.0, Avg: 0.0, Max: 0.0, Diff: 0.0, Sum: 0.0]
      [Termination (ms): Min: 0.0, Avg: 0.0, Max: 0.0, Diff: 0.0, Sum: 0.1]
         [Termination Attempts: Min: 1, Avg: 1.0, Max: 1, Diff: 0, Sum: 4]
      [GC Worker Other (ms): Min: 0.0, Avg: 0.0, Max: 0.0, Diff: 0.0, Sum: 0.0]
      [GC Worker Total (ms): Min: 0.2, Avg: 0.2, Max: 0.3, Diff: 0.1, Sum: 1.0]
      [GC Worker End (ms): Min: 791.6, Avg: 791.6, Max: 791.6, Diff: 0.0]
   [Code Root Fixup: 0.0 ms]
   [Code Root Purge: 0.0 ms]
   [Clear CT: 0.0 ms]
   [Other: 0.8 ms]
      [Evacuation Failure: 0.0 ms]
      [Choose CSet: 0.0 ms]
      [Ref Proc: 0.6 ms]
      [Ref Enq: 0.0 ms]
      [Redirty Cards: 0.0 ms]
      [Humongous Register: 0.1 ms]
      [Humongous Reclaim: 0.0 ms]
      [Free CSet: 0.0 ms]
   [Eden: 1024.0K(25.0M)->0.0B(25.0M) Survivors: 0.0B->0.0B Heap: 449.3M(512.0M)->449.3M(512.0M)]
 [Times: user=0.00 sys=0.00, real=0.00 secs] 
2020-10-28T20:28:38.444-0800: [Full GC (Allocation Failure)  449M->335M(512M), 0.0333764 secs]
   [Eden: 0.0B(25.0M)->0.0B(28.0M) Survivors: 0.0B->0.0B Heap: 449.3M(512.0M)->335.5M(512.0M)], [Metaspace: 2720K->2720K(1056768K)]
 [Times: user=0.03 sys=0.00, real=0.03 secs] 
2020-10-28T20:28:38.477-0800: [GC concurrent-mark-abort]
2020-10-28T20:28:38.477-0800: [GC pause (G1 Humongous Allocation) (young) (initial-mark), 0.0012091 secs]
   [Parallel Time: 0.4 ms, GC Workers: 4]
      [GC Worker Start (ms): Min: 826.6, Avg: 826.6, Max: 826.6, Diff: 0.1]
      [Ext Root Scanning (ms): Min: 0.1, Avg: 0.1, Max: 0.2, Diff: 0.1, Sum: 0.5]
      [Update RS (ms): Min: 0.0, Avg: 0.1, Max: 0.1, Diff: 0.1, Sum: 0.2]
         [Processed Buffers: Min: 0, Avg: 0.5, Max: 1, Diff: 1, Sum: 2]
      [Scan RS (ms): Min: 0.0, Avg: 0.0, Max: 0.0, Diff: 0.0, Sum: 0.0]
      [Code Root Scanning (ms): Min: 0.0, Avg: 0.0, Max: 0.0, Diff: 0.0, Sum: 0.0]
      [Object Copy (ms): Min: 0.0, Avg: 0.1, Max: 0.1, Diff: 0.1, Sum: 0.4]
      [Termination (ms): Min: 0.0, Avg: 0.1, Max: 0.2, Diff: 0.2, Sum: 0.3]
         [Termination Attempts: Min: 1, Avg: 2.0, Max: 4, Diff: 3, Sum: 8]
      [GC Worker Other (ms): Min: 0.0, Avg: 0.0, Max: 0.0, Diff: 0.0, Sum: 0.0]
      [GC Worker Total (ms): Min: 0.3, Avg: 0.4, Max: 0.4, Diff: 0.1, Sum: 1.4]
      [GC Worker End (ms): Min: 826.9, Avg: 827.0, Max: 827.0, Diff: 0.0]
   [Code Root Fixup: 0.0 ms]
   [Code Root Purge: 0.0 ms]
   [Clear CT: 0.0 ms]
   [Other: 0.8 ms]
      [Choose CSet: 0.0 ms]
      [Ref Proc: 0.6 ms]
      [Ref Enq: 0.0 ms]
      [Redirty Cards: 0.0 ms]
      [Humongous Register: 0.1 ms]
      [Humongous Reclaim: 0.0 ms]
      [Free CSet: 0.0 ms]
   [Eden: 4096.0K(28.0M)->0.0B(25.0M) Survivors: 0.0B->2048.0K Heap: 339.4M(512.0M)->336.5M(512.0M)]
 [Times: user=0.01 sys=0.00, real=0.00 secs] 
2020-10-28T20:28:38.479-0800: [GC concurrent-root-region-scan-start]
2020-10-28T20:28:38.479-0800: [GC concurrent-root-region-scan-end, 0.0000670 secs]
2020-10-28T20:28:38.479-0800: [GC concurrent-mark-start]
2020-10-28T20:28:38.480-0800: [GC concurrent-mark-end, 0.0013512 secs]
2020-10-28T20:28:38.480-0800: [GC remark 2020-10-28T20:28:38.480-0800: [Finalize Marking, 0.0000800 secs] 2020-10-28T20:28:38.481-0800: [GC ref-proc, 0.0000235 secs] 2020-10-28T20:28:38.481-0800: [Unloading, 0.0003784 secs], 0.0011841 secs]
 [Times: user=0.00 sys=0.00, real=0.00 secs] 
2020-10-28T20:28:38.482-0800: [GC cleanup 345M->345M(512M), 0.0003664 secs]
 [Times: user=0.01 sys=0.00, real=0.00 secs] 
2020-10-28T20:28:38.485-0800: [GC pause (G1 Evacuation Pause) (young), 0.0028162 secs]
   [Parallel Time: 2.2 ms, GC Workers: 4]
      [GC Worker Start (ms): Min: 834.1, Avg: 834.2, Max: 834.3, Diff: 0.1]
      [Ext Root Scanning (ms): Min: 0.0, Avg: 0.1, Max: 0.2, Diff: 0.1, Sum: 0.5]
      [Update RS (ms): Min: 0.6, Avg: 0.6, Max: 0.6, Diff: 0.0, Sum: 2.4]
         [Processed Buffers: Min: 11, Avg: 12.2, Max: 13, Diff: 2, Sum: 49]
      [Scan RS (ms): Min: 0.0, Avg: 0.0, Max: 0.0, Diff: 0.0, Sum: 0.0]
      [Code Root Scanning (ms): Min: 0.0, Avg: 0.0, Max: 0.0, Diff: 0.0, Sum: 0.0]
      [Object Copy (ms): Min: 0.8, Avg: 0.9, Max: 1.4, Diff: 0.6, Sum: 3.7]
      [Termination (ms): Min: 0.0, Avg: 0.4, Max: 0.6, Diff: 0.6, Sum: 1.8]
         [Termination Attempts: Min: 1, Avg: 1.0, Max: 1, Diff: 0, Sum: 4]
      [GC Worker Other (ms): Min: 0.0, Avg: 0.0, Max: 0.0, Diff: 0.0, Sum: 0.0]
      [GC Worker Total (ms): Min: 2.0, Avg: 2.1, Max: 2.2, Diff: 0.2, Sum: 8.4]
      [GC Worker End (ms): Min: 836.3, Avg: 836.3, Max: 836.3, Diff: 0.0]
   [Code Root Fixup: 0.0 ms]
   [Code Root Purge: 0.0 ms]
   [Clear CT: 0.1 ms]
   [Other: 0.5 ms]
      [Choose CSet: 0.0 ms]
      [Ref Proc: 0.3 ms]
      [Ref Enq: 0.0 ms]
      [Redirty Cards: 0.0 ms]
      [Humongous Register: 0.1 ms]
      [Humongous Reclaim: 0.0 ms]
      [Free CSet: 0.0 ms]
   [Eden: 25.0M(25.0M)->0.0B(21.0M) Survivors: 2048.0K->4096.0K Heap: 367.0M(512.0M)->342.6M(512.0M)]
 [Times: user=0.01 sys=0.00, real=0.00 secs] 
2020-10-28T20:28:38.488-0800: [GC pause (G1 Humongous Allocation) (young) (initial-mark), 0.0014101 secs]
   [Parallel Time: 0.5 ms, GC Workers: 4]
      [GC Worker Start (ms): Min: 837.4, Avg: 837.5, Max: 837.5, Diff: 0.0]
      [Ext Root Scanning (ms): Min: 0.1, Avg: 0.1, Max: 0.2, Diff: 0.0, Sum: 0.5]
      [Update RS (ms): Min: 0.0, Avg: 0.1, Max: 0.1, Diff: 0.1, Sum: 0.2]
         [Processed Buffers: Min: 1, Avg: 1.2, Max: 2, Diff: 1, Sum: 5]
      [Scan RS (ms): Min: 0.0, Avg: 0.0, Max: 0.0, Diff: 0.0, Sum: 0.0]
      [Code Root Scanning (ms): Min: 0.0, Avg: 0.0, Max: 0.0, Diff: 0.0, Sum: 0.0]
      [Object Copy (ms): Min: 0.2, Avg: 0.3, Max: 0.3, Diff: 0.1, Sum: 1.1]
      [Termination (ms): Min: 0.0, Avg: 0.0, Max: 0.0, Diff: 0.0, Sum: 0.0]
         [Termination Attempts: Min: 1, Avg: 1.0, Max: 1, Diff: 0, Sum: 4]
      [GC Worker Other (ms): Min: 0.0, Avg: 0.0, Max: 0.0, Diff: 0.0, Sum: 0.0]
      [GC Worker Total (ms): Min: 0.5, Avg: 0.5, Max: 0.5, Diff: 0.0, Sum: 1.9]
      [GC Worker End (ms): Min: 837.9, Avg: 838.0, Max: 838.0, Diff: 0.0]
   [Code Root Fixup: 0.0 ms]
   [Code Root Purge: 0.0 ms]
   [Clear CT: 0.1 ms]
   [Other: 0.8 ms]
      [Choose CSet: 0.0 ms]
      [Ref Proc: 0.6 ms]
      [Ref Enq: 0.0 ms]
      [Redirty Cards: 0.0 ms]
      [Humongous Register: 0.1 ms]
      [Humongous Reclaim: 0.0 ms]
      [Free CSet: 0.0 ms]
   [Eden: 2048.0K(21.0M)->0.0B(24.0M) Survivors: 4096.0K->1024.0K Heap: 343.8M(512.0M)->342.8M(512.0M)]
 [Times: user=0.00 sys=0.00, real=0.01 secs] 
2020-10-28T20:28:38.490-0800: [GC concurrent-root-region-scan-start]
2020-10-28T20:28:38.490-0800: [GC concurrent-root-region-scan-end, 0.0000267 secs]
2020-10-28T20:28:38.490-0800: [GC concurrent-mark-start]
2020-10-28T20:28:38.491-0800: [GC concurrent-mark-end, 0.0014519 secs]
2020-10-28T20:28:38.492-0800: [GC remark 2020-10-28T20:28:38.492-0800: [Finalize Marking, 0.0000913 secs] 2020-10-28T20:28:38.492-0800: [GC ref-proc, 0.0000235 secs] 2020-10-28T20:28:38.492-0800: [Unloading, 0.0003744 secs], 0.0012040 secs]
 [Times: user=0.01 sys=0.00, real=0.00 secs] 
2020-10-28T20:28:38.493-0800: [GC cleanup 354M->354M(512M), 0.0003873 secs]
 [Times: user=0.00 sys=0.00, real=0.00 secs] 
2020-10-28T20:28:38.496-0800: [GC pause (G1 Evacuation Pause) (young), 0.0028332 secs]
   [Parallel Time: 1.9 ms, GC Workers: 4]
      [GC Worker Start (ms): Min: 845.3, Avg: 845.4, Max: 845.4, Diff: 0.1]
      [Ext Root Scanning (ms): Min: 0.1, Avg: 0.1, Max: 0.2, Diff: 0.1, Sum: 0.5]
      [Update RS (ms): Min: 0.9, Avg: 1.0, Max: 1.0, Diff: 0.0, Sum: 3.9]
         [Processed Buffers: Min: 19, Avg: 19.2, Max: 20, Diff: 1, Sum: 77]
      [Scan RS (ms): Min: 0.0, Avg: 0.0, Max: 0.0, Diff: 0.0, Sum: 0.0]
      [Code Root Scanning (ms): Min: 0.0, Avg: 0.0, Max: 0.0, Diff: 0.0, Sum: 0.0]
      [Object Copy (ms): Min: 0.7, Avg: 0.8, Max: 0.8, Diff: 0.0, Sum: 3.0]
      [Termination (ms): Min: 0.0, Avg: 0.0, Max: 0.0, Diff: 0.0, Sum: 0.0]
         [Termination Attempts: Min: 1, Avg: 1.0, Max: 1, Diff: 0, Sum: 4]
      [GC Worker Other (ms): Min: 0.0, Avg: 0.0, Max: 0.0, Diff: 0.0, Sum: 0.0]
      [GC Worker Total (ms): Min: 1.8, Avg: 1.9, Max: 1.9, Diff: 0.1, Sum: 7.4]
      [GC Worker End (ms): Min: 847.2, Avg: 847.2, Max: 847.2, Diff: 0.0]
   [Code Root Fixup: 0.0 ms]
   [Code Root Purge: 0.0 ms]
   [Clear CT: 0.0 ms]
   [Other: 0.9 ms]
      [Choose CSet: 0.0 ms]
      [Ref Proc: 0.6 ms]
      [Ref Enq: 0.0 ms]
      [Redirty Cards: 0.0 ms]
      [Humongous Register: 0.1 ms]
      [Humongous Reclaim: 0.0 ms]
      [Free CSet: 0.0 ms]
   [Eden: 24.0M(24.0M)->0.0B(21.0M) Survivors: 1024.0K->4096.0K Heap: 375.8M(512.0M)->354.6M(512.0M)]
 [Times: user=0.01 sys=0.00, real=0.00 secs] 
2020-10-28T20:28:38.503-0800: [GC pause (G1 Evacuation Pause) (mixed), 0.0027832 secs]
   [Parallel Time: 1.8 ms, GC Workers: 4]
      [GC Worker Start (ms): Min: 851.9, Avg: 852.0, Max: 852.1, Diff: 0.1]
      [Ext Root Scanning (ms): Min: 0.0, Avg: 0.2, Max: 0.3, Diff: 0.2, Sum: 0.7]
      [Update RS (ms): Min: 0.4, Avg: 0.6, Max: 0.6, Diff: 0.2, Sum: 2.3]
         [Processed Buffers: Min: 9, Avg: 11.5, Max: 13, Diff: 4, Sum: 46]
      [Scan RS (ms): Min: 0.0, Avg: 0.0, Max: 0.0, Diff: 0.0, Sum: 0.0]
      [Code Root Scanning (ms): Min: 0.0, Avg: 0.0, Max: 0.0, Diff: 0.0, Sum: 0.0]
      [Object Copy (ms): Min: 0.8, Avg: 0.9, Max: 0.9, Diff: 0.1, Sum: 3.5]
      [Termination (ms): Min: 0.0, Avg: 0.0, Max: 0.0, Diff: 0.0, Sum: 0.1]
         [Termination Attempts: Min: 1, Avg: 1.0, Max: 1, Diff: 0, Sum: 4]
      [GC Worker Other (ms): Min: 0.0, Avg: 0.0, Max: 0.0, Diff: 0.0, Sum: 0.0]
      [GC Worker Total (ms): Min: 1.6, Avg: 1.7, Max: 1.7, Diff: 0.1, Sum: 6.7]
      [GC Worker End (ms): Min: 853.7, Avg: 853.7, Max: 853.7, Diff: 0.0]
   [Code Root Fixup: 0.0 ms]
   [Code Root Purge: 0.0 ms]
   [Clear CT: 0.0 ms]
   [Other: 1.0 ms]
      [Choose CSet: 0.0 ms]
      [Ref Proc: 0.6 ms]
      [Ref Enq: 0.0 ms]
      [Redirty Cards: 0.0 ms]
      [Humongous Register: 0.2 ms]
      [Humongous Reclaim: 0.0 ms]
      [Free CSet: 0.0 ms]
   [Eden: 21.0M(21.0M)->0.0B(21.0M) Survivors: 4096.0K->4096.0K Heap: 380.6M(512.0M)->361.7M(512.0M)]
 [Times: user=0.00 sys=0.00, real=0.00 secs] 
2020-10-28T20:28:38.506-0800: [GC pause (G1 Humongous Allocation) (young) (initial-mark), 0.0019974 secs]
   [Parallel Time: 1.2 ms, GC Workers: 4]
      [GC Worker Start (ms): Min: 854.9, Avg: 854.9, Max: 855.0, Diff: 0.2]
      [Ext Root Scanning (ms): Min: 0.0, Avg: 0.2, Max: 0.3, Diff: 0.3, Sum: 0.6]
      [Update RS (ms): Min: 0.0, Avg: 0.1, Max: 0.1, Diff: 0.1, Sum: 0.2]
         [Processed Buffers: Min: 0, Avg: 1.2, Max: 2, Diff: 2, Sum: 5]
      [Scan RS (ms): Min: 0.0, Avg: 0.0, Max: 0.0, Diff: 0.0, Sum: 0.0]
      [Code Root Scanning (ms): Min: 0.0, Avg: 0.0, Max: 0.0, Diff: 0.0, Sum: 0.0]
      [Object Copy (ms): Min: 0.2, Avg: 0.4, Max: 0.9, Diff: 0.7, Sum: 1.8]
      [Termination (ms): Min: 0.0, Avg: 0.4, Max: 0.6, Diff: 0.6, Sum: 1.6]
         [Termination Attempts: Min: 1, Avg: 1.0, Max: 1, Diff: 0, Sum: 4]
      [GC Worker Other (ms): Min: 0.0, Avg: 0.0, Max: 0.0, Diff: 0.0, Sum: 0.0]
      [GC Worker Total (ms): Min: 0.9, Avg: 1.1, Max: 1.2, Diff: 0.2, Sum: 4.3]
      [GC Worker End (ms): Min: 856.0, Avg: 856.0, Max: 856.0, Diff: 0.0]
   [Code Root Fixup: 0.0 ms]
   [Code Root Purge: 0.0 ms]
   [Clear CT: 0.0 ms]
   [Other: 0.8 ms]
      [Choose CSet: 0.0 ms]
      [Ref Proc: 0.6 ms]
      [Ref Enq: 0.0 ms]
      [Redirty Cards: 0.0 ms]
      [Humongous Register: 0.1 ms]
      [Humongous Reclaim: 0.0 ms]
      [Free CSet: 0.0 ms]
   [Eden: 1024.0K(21.0M)->0.0B(25.0M) Survivors: 4096.0K->0.0B Heap: 362.2M(512.0M)->362.2M(512.0M)]
 [Times: user=0.01 sys=0.00, real=0.00 secs] 
2020-10-28T20:28:38.508-0800: [GC concurrent-root-region-scan-start]
2020-10-28T20:28:38.508-0800: [GC concurrent-root-region-scan-end, 0.0000097 secs]
2020-10-28T20:28:38.508-0800: [GC concurrent-mark-start]
2020-10-28T20:28:38.509-0800: [GC concurrent-mark-end, 0.0015855 secs]
2020-10-28T20:28:38.510-0800: [GC remark 2020-10-28T20:28:38.510-0800: [Finalize Marking, 0.0001341 secs] 2020-10-28T20:28:38.510-0800: [GC ref-proc, 0.0000216 secs] 2020-10-28T20:28:38.510-0800: [Unloading, 0.0003737 secs], 0.0013561 secs]
 [Times: user=0.01 sys=0.00, real=0.00 secs] 
2020-10-28T20:28:38.511-0800: [GC cleanup 375M->375M(512M), 0.0006497 secs]
 [Times: user=0.00 sys=0.00, real=0.00 secs] 
2020-10-28T20:28:38.515-0800: [GC pause (G1 Evacuation Pause) (young), 0.0031369 secs]
   [Parallel Time: 2.3 ms, GC Workers: 4]
      [GC Worker Start (ms): Min: 864.0, Avg: 864.1, Max: 864.3, Diff: 0.3]
      [Ext Root Scanning (ms): Min: 0.0, Avg: 0.1, Max: 0.2, Diff: 0.2, Sum: 0.4]
      [Update RS (ms): Min: 1.0, Avg: 1.1, Max: 1.2, Diff: 0.2, Sum: 4.5]
         [Processed Buffers: Min: 20, Avg: 22.8, Max: 24, Diff: 4, Sum: 91]
      [Scan RS (ms): Min: 0.0, Avg: 0.0, Max: 0.0, Diff: 0.0, Sum: 0.0]
      [Code Root Scanning (ms): Min: 0.0, Avg: 0.0, Max: 0.0, Diff: 0.0, Sum: 0.0]
      [Object Copy (ms): Min: 0.9, Avg: 0.9, Max: 0.9, Diff: 0.0, Sum: 3.5]
      [Termination (ms): Min: 0.0, Avg: 0.0, Max: 0.0, Diff: 0.0, Sum: 0.1]
         [Termination Attempts: Min: 1, Avg: 1.0, Max: 1, Diff: 0, Sum: 4]
      [GC Worker Other (ms): Min: 0.0, Avg: 0.0, Max: 0.0, Diff: 0.0, Sum: 0.0]
      [GC Worker Total (ms): Min: 1.9, Avg: 2.1, Max: 2.2, Diff: 0.3, Sum: 8.5]
      [GC Worker End (ms): Min: 866.2, Avg: 866.2, Max: 866.2, Diff: 0.0]
   [Code Root Fixup: 0.0 ms]
   [Code Root Purge: 0.0 ms]
   [Clear CT: 0.0 ms]
   [Other: 0.8 ms]
      [Choose CSet: 0.0 ms]
      [Ref Proc: 0.6 ms]
      [Ref Enq: 0.0 ms]
      [Redirty Cards: 0.0 ms]
      [Humongous Register: 0.1 ms]
      [Humongous Reclaim: 0.0 ms]
      [Free CSet: 0.0 ms]
   [Eden: 25.0M(25.0M)->0.0B(21.0M) Survivors: 0.0B->4096.0K Heap: 397.9M(512.0M)->373.5M(512.0M)]
 [Times: user=0.01 sys=0.00, real=0.00 secs] 
2020-10-28T20:28:38.522-0800: [GC pause (G1 Evacuation Pause) (mixed) (to-space exhausted), 0.0033442 secs]
   [Parallel Time: 2.3 ms, GC Workers: 4]
      [GC Worker Start (ms): Min: 871.0, Avg: 871.1, Max: 871.2, Diff: 0.2]
      [Ext Root Scanning (ms): Min: 0.0, Avg: 0.1, Max: 0.2, Diff: 0.2, Sum: 0.5]
      [Update RS (ms): Min: 0.7, Avg: 0.7, Max: 0.7, Diff: 0.0, Sum: 2.9]
         [Processed Buffers: Min: 12, Avg: 12.8, Max: 13, Diff: 1, Sum: 51]
      [Scan RS (ms): Min: 0.0, Avg: 0.0, Max: 0.0, Diff: 0.0, Sum: 0.1]
      [Code Root Scanning (ms): Min: 0.0, Avg: 0.0, Max: 0.0, Diff: 0.0, Sum: 0.0]
      [Object Copy (ms): Min: 1.3, Avg: 1.3, Max: 1.3, Diff: 0.1, Sum: 5.2]
      [Termination (ms): Min: 0.0, Avg: 0.1, Max: 0.1, Diff: 0.1, Sum: 0.3]
         [Termination Attempts: Min: 1, Avg: 1.0, Max: 1, Diff: 0, Sum: 4]
      [GC Worker Other (ms): Min: 0.0, Avg: 0.0, Max: 0.0, Diff: 0.0, Sum: 0.0]
      [GC Worker Total (ms): Min: 2.1, Avg: 2.2, Max: 2.3, Diff: 0.2, Sum: 9.0]
      [GC Worker End (ms): Min: 873.3, Avg: 873.3, Max: 873.3, Diff: 0.0]
   [Code Root Fixup: 0.0 ms]
   [Code Root Purge: 0.0 ms]
   [Clear CT: 0.0 ms]
   [Other: 1.0 ms]
      [Evacuation Failure: 0.1 ms]
      [Choose CSet: 0.0 ms]
      [Ref Proc: 0.6 ms]
      [Ref Enq: 0.0 ms]
      [Redirty Cards: 0.0 ms]
      [Humongous Register: 0.1 ms]
      [Humongous Reclaim: 0.0 ms]
      [Free CSet: 0.0 ms]
   [Eden: 21.0M(21.0M)->0.0B(23.0M) Survivors: 4096.0K->2048.0K Heap: 400.2M(512.0M)->390.7M(512.0M)]
 [Times: user=0.00 sys=0.00, real=0.00 secs] 
2020-10-28T20:28:38.525-0800: [GC pause (G1 Humongous Allocation) (young) (initial-mark), 0.0014968 secs]
   [Parallel Time: 1.0 ms, GC Workers: 4]
      [GC Worker Start (ms): Min: 874.6, Avg: 874.6, Max: 874.7, Diff: 0.2]
      [Ext Root Scanning (ms): Min: 0.0, Avg: 0.1, Max: 0.2, Diff: 0.2, Sum: 0.5]
      [Update RS (ms): Min: 0.0, Avg: 0.3, Max: 0.8, Diff: 0.8, Sum: 1.1]
         [Processed Buffers: Min: 1, Avg: 2.2, Max: 4, Diff: 3, Sum: 9]
      [Scan RS (ms): Min: 0.0, Avg: 0.0, Max: 0.0, Diff: 0.0, Sum: 0.0]
      [Code Root Scanning (ms): Min: 0.0, Avg: 0.0, Max: 0.0, Diff: 0.0, Sum: 0.0]
      [Object Copy (ms): Min: 0.0, Avg: 0.2, Max: 0.2, Diff: 0.2, Sum: 0.6]
      [Termination (ms): Min: 0.0, Avg: 0.4, Max: 0.5, Diff: 0.5, Sum: 1.6]
         [Termination Attempts: Min: 1, Avg: 1.0, Max: 1, Diff: 0, Sum: 4]
      [GC Worker Other (ms): Min: 0.0, Avg: 0.0, Max: 0.0, Diff: 0.0, Sum: 0.0]
      [GC Worker Total (ms): Min: 0.9, Avg: 1.0, Max: 1.0, Diff: 0.2, Sum: 3.8]
      [GC Worker End (ms): Min: 875.6, Avg: 875.6, Max: 875.6, Diff: 0.0]
   [Code Root Fixup: 0.0 ms]
   [Code Root Purge: 0.0 ms]
   [Clear CT: 0.0 ms]
   [Other: 0.4 ms]
      [Choose CSet: 0.0 ms]
      [Ref Proc: 0.3 ms]
      [Ref Enq: 0.0 ms]
      [Redirty Cards: 0.0 ms]
      [Humongous Register: 0.1 ms]
      [Humongous Reclaim: 0.0 ms]
      [Free CSet: 0.0 ms]
   [Eden: 2048.0K(23.0M)->0.0B(22.0M) Survivors: 2048.0K->3072.0K Heap: 392.0M(512.0M)->391.0M(512.0M)]
 [Times: user=0.00 sys=0.01, real=0.00 secs] 
2020-10-28T20:28:38.527-0800: [GC concurrent-root-region-scan-start]
2020-10-28T20:28:38.527-0800: [GC concurrent-root-region-scan-end, 0.0000904 secs]
2020-10-28T20:28:38.527-0800: [GC concurrent-mark-start]
2020-10-28T20:28:38.529-0800: [GC concurrent-mark-end, 0.0015331 secs]
2020-10-28T20:28:38.529-0800: [GC remark 2020-10-28T20:28:38.529-0800: [Finalize Marking, 0.0002906 secs] 2020-10-28T20:28:38.529-0800: [GC ref-proc, 0.0000237 secs] 2020-10-28T20:28:38.529-0800: [Unloading, 0.0003827 secs], 0.0014282 secs]
 [Times: user=0.01 sys=0.00, real=0.01 secs] 
2020-10-28T20:28:38.530-0800: [GC cleanup 405M->405M(512M), 0.0004081 secs]
 [Times: user=0.00 sys=0.00, real=0.00 secs] 
2020-10-28T20:28:38.533-0800: [GC pause (G1 Evacuation Pause) (young) (to-space exhausted), 0.0024486 secs]
   [Parallel Time: 1.7 ms, GC Workers: 4]
      [GC Worker Start (ms): Min: 881.8, Avg: 882.1, Max: 882.9, Diff: 1.1]
      [Ext Root Scanning (ms): Min: 0.0, Avg: 0.1, Max: 0.2, Diff: 0.2, Sum: 0.4]
      [Update RS (ms): Min: 0.0, Avg: 0.7, Max: 0.9, Diff: 0.9, Sum: 2.6]
         [Processed Buffers: Min: 0, Avg: 13.5, Max: 19, Diff: 19, Sum: 54]
      [Scan RS (ms): Min: 0.0, Avg: 0.0, Max: 0.0, Diff: 0.0, Sum: 0.0]
      [Code Root Scanning (ms): Min: 0.0, Avg: 0.0, Max: 0.0, Diff: 0.0, Sum: 0.0]
      [Object Copy (ms): Min: 0.0, Avg: 0.2, Max: 0.6, Diff: 0.6, Sum: 0.7]
      [Termination (ms): Min: 0.0, Avg: 0.4, Max: 0.5, Diff: 0.5, Sum: 1.6]
         [Termination Attempts: Min: 1, Avg: 1.0, Max: 1, Diff: 0, Sum: 4]
      [GC Worker Other (ms): Min: 0.0, Avg: 0.0, Max: 0.0, Diff: 0.0, Sum: 0.0]
      [GC Worker Total (ms): Min: 0.6, Avg: 1.4, Max: 1.6, Diff: 1.1, Sum: 5.4]
      [GC Worker End (ms): Min: 883.5, Avg: 883.5, Max: 883.5, Diff: 0.0]
   [Code Root Fixup: 0.0 ms]
   [Code Root Purge: 0.0 ms]
   [Clear CT: 0.0 ms]
   [Other: 0.7 ms]
      [Evacuation Failure: 0.1 ms]
      [Choose CSet: 0.0 ms]
      [Ref Proc: 0.5 ms]
      [Ref Enq: 0.0 ms]
      [Redirty Cards: 0.0 ms]
      [Humongous Register: 0.1 ms]
      [Humongous Reclaim: 0.0 ms]
      [Free CSet: 0.0 ms]
   [Eden: 19.0M(22.0M)->0.0B(25.0M) Survivors: 3072.0K->0.0B Heap: 416.2M(512.0M)->411.8M(512.0M)]
 [Times: user=0.01 sys=0.00, real=0.00 secs] 
2020-10-28T20:28:38.536-0800: [GC pause (G1 Evacuation Pause) (mixed) (to-space exhausted), 0.0020583 secs]
   [Parallel Time: 1.0 ms, GC Workers: 4]
      [GC Worker Start (ms): Min: 885.1, Avg: 885.1, Max: 885.2, Diff: 0.0]
      [Ext Root Scanning (ms): Min: 0.1, Avg: 0.1, Max: 0.1, Diff: 0.0, Sum: 0.5]
      [Update RS (ms): Min: 0.2, Avg: 0.2, Max: 0.3, Diff: 0.0, Sum: 1.0]
         [Processed Buffers: Min: 5, Avg: 6.5, Max: 10, Diff: 5, Sum: 26]
      [Scan RS (ms): Min: 0.0, Avg: 0.0, Max: 0.0, Diff: 0.0, Sum: 0.1]
      [Code Root Scanning (ms): Min: 0.0, Avg: 0.0, Max: 0.0, Diff: 0.0, Sum: 0.0]
      [Object Copy (ms): Min: 0.1, Avg: 0.2, Max: 0.6, Diff: 0.5, Sum: 0.8]
      [Termination (ms): Min: 0.0, Avg: 0.4, Max: 0.5, Diff: 0.5, Sum: 1.6]
         [Termination Attempts: Min: 1, Avg: 1.0, Max: 1, Diff: 0, Sum: 4]
      [GC Worker Other (ms): Min: 0.0, Avg: 0.0, Max: 0.0, Diff: 0.0, Sum: 0.0]
      [GC Worker Total (ms): Min: 1.0, Avg: 1.0, Max: 1.0, Diff: 0.0, Sum: 4.0]
      [GC Worker End (ms): Min: 886.1, Avg: 886.1, Max: 886.1, Diff: 0.0]
   [Code Root Fixup: 0.0 ms]
   [Code Root Purge: 0.0 ms]
   [Clear CT: 0.1 ms]
   [Other: 1.0 ms]
      [Evacuation Failure: 0.1 ms]
      [Choose CSet: 0.0 ms]
      [Ref Proc: 0.7 ms]
      [Ref Enq: 0.0 ms]
      [Redirty Cards: 0.0 ms]
      [Humongous Register: 0.1 ms]
      [Humongous Reclaim: 0.0 ms]
      [Free CSet: 0.0 ms]
   [Eden: 4096.0K(25.0M)->0.0B(25.0M) Survivors: 0.0B->0.0B Heap: 417.6M(512.0M)->416.0M(512.0M)]
 [Times: user=0.00 sys=0.00, real=0.00 secs] 
2020-10-28T20:28:38.539-0800: [GC pause (G1 Evacuation Pause) (mixed) (to-space exhausted), 0.0018092 secs]
   [Parallel Time: 0.9 ms, GC Workers: 4]
      [GC Worker Start (ms): Min: 887.6, Avg: 887.7, Max: 887.9, Diff: 0.3]
      [Ext Root Scanning (ms): Min: 0.0, Avg: 0.1, Max: 0.1, Diff: 0.1, Sum: 0.4]
      [Update RS (ms): Min: 0.0, Avg: 0.1, Max: 0.1, Diff: 0.1, Sum: 0.2]
         [Processed Buffers: Min: 0, Avg: 2.5, Max: 5, Diff: 5, Sum: 10]
      [Scan RS (ms): Min: 0.0, Avg: 0.0, Max: 0.0, Diff: 0.0, Sum: 0.1]
      [Code Root Scanning (ms): Min: 0.0, Avg: 0.0, Max: 0.0, Diff: 0.0, Sum: 0.0]
      [Object Copy (ms): Min: 0.1, Avg: 0.2, Max: 0.6, Diff: 0.6, Sum: 0.8]
      [Termination (ms): Min: 0.0, Avg: 0.4, Max: 0.5, Diff: 0.5, Sum: 1.6]
         [Termination Attempts: Min: 1, Avg: 1.2, Max: 2, Diff: 1, Sum: 5]
      [GC Worker Other (ms): Min: 0.0, Avg: 0.0, Max: 0.0, Diff: 0.0, Sum: 0.0]
      [GC Worker Total (ms): Min: 0.6, Avg: 0.8, Max: 0.9, Diff: 0.3, Sum: 3.1]
      [GC Worker End (ms): Min: 888.5, Avg: 888.5, Max: 888.5, Diff: 0.0]
   [Code Root Fixup: 0.0 ms]
   [Code Root Purge: 0.0 ms]
   [Clear CT: 0.0 ms]
   [Other: 0.9 ms]
      [Evacuation Failure: 0.1 ms]
      [Choose CSet: 0.0 ms]
      [Ref Proc: 0.7 ms]
      [Ref Enq: 0.0 ms]
      [Redirty Cards: 0.0 ms]
      [Humongous Register: 0.1 ms]
      [Humongous Reclaim: 0.0 ms]
      [Free CSet: 0.0 ms]
   [Eden: 3072.0K(25.0M)->0.0B(25.0M) Survivors: 0.0B->0.0B Heap: 419.0M(512.0M)->417.5M(512.0M)]
 [Times: user=0.01 sys=0.00, real=0.01 secs] 
2020-10-28T20:28:38.541-0800: [GC pause (G1 Evacuation Pause) (young) (to-space exhausted), 0.0016473 secs]
   [Parallel Time: 0.8 ms, GC Workers: 4]
      [GC Worker Start (ms): Min: 889.8, Avg: 890.0, Max: 890.5, Diff: 0.8]
      [Ext Root Scanning (ms): Min: 0.0, Avg: 0.1, Max: 0.1, Diff: 0.1, Sum: 0.3]
      [Update RS (ms): Min: 0.0, Avg: 0.1, Max: 0.1, Diff: 0.1, Sum: 0.2]
         [Processed Buffers: Min: 0, Avg: 2.2, Max: 5, Diff: 5, Sum: 9]
      [Scan RS (ms): Min: 0.0, Avg: 0.0, Max: 0.0, Diff: 0.0, Sum: 0.0]
      [Code Root Scanning (ms): Min: 0.0, Avg: 0.0, Max: 0.0, Diff: 0.0, Sum: 0.0]
      [Object Copy (ms): Min: 0.0, Avg: 0.0, Max: 0.0, Diff: 0.0, Sum: 0.0]
      [Termination (ms): Min: 0.0, Avg: 0.4, Max: 0.6, Diff: 0.6, Sum: 1.6]
         [Termination Attempts: Min: 1, Avg: 1.0, Max: 1, Diff: 0, Sum: 4]
      [GC Worker Other (ms): Min: 0.0, Avg: 0.0, Max: 0.0, Diff: 0.0, Sum: 0.0]
      [GC Worker Total (ms): Min: 0.0, Avg: 0.6, Max: 0.8, Diff: 0.8, Sum: 2.2]
      [GC Worker End (ms): Min: 890.5, Avg: 890.5, Max: 890.5, Diff: 0.0]
   [Code Root Fixup: 0.0 ms]
   [Code Root Purge: 0.0 ms]
   [Clear CT: 0.0 ms]
   [Other: 0.8 ms]
      [Evacuation Failure: 0.0 ms]
      [Choose CSet: 0.0 ms]
      [Ref Proc: 0.6 ms]
      [Ref Enq: 0.0 ms]
      [Redirty Cards: 0.0 ms]
      [Humongous Register: 0.1 ms]
      [Humongous Reclaim: 0.0 ms]
      [Free CSet: 0.0 ms]
   [Eden: 2048.0K(25.0M)->0.0B(25.0M) Survivors: 0.0B->0.0B Heap: 419.5M(512.0M)->418.9M(512.0M)]
 [Times: user=0.00 sys=0.00, real=0.00 secs] 
2020-10-28T20:28:38.543-0800: [GC pause (G1 Evacuation Pause) (young) (initial-mark) (to-space exhausted), 0.0008510 secs]
   [Parallel Time: 0.4 ms, GC Workers: 4]
      [GC Worker Start (ms): Min: 891.6, Avg: 891.7, Max: 891.7, Diff: 0.1]
      [Ext Root Scanning (ms): Min: 0.0, Avg: 0.1, Max: 0.3, Diff: 0.2, Sum: 0.6]
      [Update RS (ms): Min: 0.0, Avg: 0.1, Max: 0.1, Diff: 0.1, Sum: 0.2]
         [Processed Buffers: Min: 0, Avg: 1.8, Max: 3, Diff: 3, Sum: 7]
      [Scan RS (ms): Min: 0.0, Avg: 0.0, Max: 0.0, Diff: 0.0, Sum: 0.0]
      [Code Root Scanning (ms): Min: 0.0, Avg: 0.0, Max: 0.0, Diff: 0.0, Sum: 0.0]
      [Object Copy (ms): Min: 0.0, Avg: 0.0, Max: 0.0, Diff: 0.0, Sum: 0.0]
      [Termination (ms): Min: 0.0, Avg: 0.1, Max: 0.2, Diff: 0.2, Sum: 0.5]
         [Termination Attempts: Min: 1, Avg: 1.0, Max: 1, Diff: 0, Sum: 4]
      [GC Worker Other (ms): Min: 0.0, Avg: 0.0, Max: 0.0, Diff: 0.0, Sum: 0.0]
      [GC Worker Total (ms): Min: 0.3, Avg: 0.3, Max: 0.4, Diff: 0.1, Sum: 1.3]
      [GC Worker End (ms): Min: 892.0, Avg: 892.0, Max: 892.0, Diff: 0.0]
   [Code Root Fixup: 0.0 ms]
   [Code Root Purge: 0.0 ms]
   [Clear CT: 0.0 ms]
   [Other: 0.4 ms]
      [Evacuation Failure: 0.0 ms]
      [Choose CSet: 0.0 ms]
      [Ref Proc: 0.2 ms]
      [Ref Enq: 0.0 ms]
      [Redirty Cards: 0.0 ms]
      [Humongous Register: 0.0 ms]
      [Humongous Reclaim: 0.0 ms]
      [Free CSet: 0.0 ms]
   [Eden: 1024.0K(25.0M)->0.0B(25.0M) Survivors: 0.0B->0.0B Heap: 419.9M(512.0M)->419.9M(512.0M)]
 [Times: user=0.00 sys=0.00, real=0.00 secs] 
2020-10-28T20:28:38.544-0800: [GC concurrent-root-region-scan-start]
2020-10-28T20:28:38.544-0800: [GC concurrent-root-region-scan-end, 0.0000080 secs]
2020-10-28T20:28:38.544-0800: [GC concurrent-mark-start]
2020-10-28T20:28:38.544-0800: [Full GC (Allocation Failure)  419M->340M(512M), 0.0330138 secs]
   [Eden: 0.0B(25.0M)->0.0B(25.0M) Survivors: 0.0B->0.0B Heap: 419.9M(512.0M)->340.6M(512.0M)], [Metaspace: 2720K->2720K(1056768K)]
 [Times: user=0.04 sys=0.00, real=0.03 secs] 
2020-10-28T20:28:38.577-0800: [GC concurrent-mark-abort]
2020-10-28T20:28:38.578-0800: [GC pause (G1 Humongous Allocation) (young) (initial-mark), 0.0020187 secs]
   [Parallel Time: 1.2 ms, GC Workers: 4]
      [GC Worker Start (ms): Min: 927.1, Avg: 927.2, Max: 927.3, Diff: 0.2]
      [Ext Root Scanning (ms): Min: 0.0, Avg: 0.3, Max: 1.0, Diff: 1.0, Sum: 1.3]
      [Update RS (ms): Min: 0.0, Avg: 0.1, Max: 0.2, Diff: 0.2, Sum: 0.3]
         [Processed Buffers: Min: 0, Avg: 0.5, Max: 1, Diff: 1, Sum: 2]
      [Scan RS (ms): Min: 0.0, Avg: 0.0, Max: 0.0, Diff: 0.0, Sum: 0.0]
      [Code Root Scanning (ms): Min: 0.0, Avg: 0.0, Max: 0.0, Diff: 0.0, Sum: 0.0]
      [Object Copy (ms): Min: 0.0, Avg: 0.2, Max: 0.3, Diff: 0.3, Sum: 0.6]
      [Termination (ms): Min: 0.0, Avg: 0.5, Max: 0.6, Diff: 0.6, Sum: 1.8]
         [Termination Attempts: Min: 1, Avg: 1.0, Max: 1, Diff: 0, Sum: 4]
      [GC Worker Other (ms): Min: 0.0, Avg: 0.0, Max: 0.0, Diff: 0.0, Sum: 0.0]
      [GC Worker Total (ms): Min: 0.9, Avg: 1.0, Max: 1.1, Diff: 0.2, Sum: 4.1]
      [GC Worker End (ms): Min: 928.1, Avg: 928.2, Max: 928.3, Diff: 0.2]
   [Code Root Fixup: 0.0 ms]
   [Code Root Purge: 0.0 ms]
   [Clear CT: 0.0 ms]
   [Other: 0.8 ms]
      [Choose CSet: 0.0 ms]
      [Ref Proc: 0.6 ms]
      [Ref Enq: 0.0 ms]
      [Redirty Cards: 0.0 ms]
      [Humongous Register: 0.1 ms]
      [Humongous Reclaim: 0.0 ms]
      [Free CSet: 0.0 ms]
   [Eden: 7168.0K(25.0M)->0.0B(22.0M) Survivors: 0.0B->3072.0K Heap: 347.2M(512.0M)->342.2M(512.0M)]
 [Times: user=0.00 sys=0.00, real=0.01 secs] 
2020-10-28T20:28:38.580-0800: [GC concurrent-root-region-scan-start]
2020-10-28T20:28:38.580-0800: [GC concurrent-root-region-scan-end, 0.0000826 secs]
2020-10-28T20:28:38.580-0800: [GC concurrent-mark-start]
2020-10-28T20:28:38.582-0800: [GC concurrent-mark-end, 0.0014392 secs]
2020-10-28T20:28:38.582-0800: [GC remark 2020-10-28T20:28:38.582-0800: [Finalize Marking, 0.0002292 secs] 2020-10-28T20:28:38.582-0800: [GC ref-proc, 0.0000231 secs] 2020-10-28T20:28:38.582-0800: [Unloading, 0.0003729 secs], 0.0014894 secs]
 [Times: user=0.00 sys=0.00, real=0.00 secs] 
2020-10-28T20:28:38.583-0800: [GC cleanup 353M->353M(512M), 0.0004708 secs]
 [Times: user=0.00 sys=0.00, real=0.00 secs] 
2020-10-28T20:28:38.586-0800: [GC pause (G1 Evacuation Pause) (young), 0.0026217 secs]
   [Parallel Time: 1.8 ms, GC Workers: 4]
      [GC Worker Start (ms): Min: 935.2, Avg: 935.4, Max: 935.9, Diff: 0.7]
      [Ext Root Scanning (ms): Min: 0.0, Avg: 0.1, Max: 0.2, Diff: 0.2, Sum: 0.4]
      [Update RS (ms): Min: 0.2, Avg: 0.6, Max: 0.8, Diff: 0.5, Sum: 2.5]
         [Processed Buffers: Min: 5, Avg: 12.5, Max: 16, Diff: 11, Sum: 50]
      [Scan RS (ms): Min: 0.0, Avg: 0.0, Max: 0.0, Diff: 0.0, Sum: 0.0]
      [Code Root Scanning (ms): Min: 0.0, Avg: 0.0, Max: 0.0, Diff: 0.0, Sum: 0.0]
      [Object Copy (ms): Min: 0.8, Avg: 0.8, Max: 0.8, Diff: 0.1, Sum: 3.2]
      [Termination (ms): Min: 0.0, Avg: 0.0, Max: 0.0, Diff: 0.0, Sum: 0.1]
         [Termination Attempts: Min: 1, Avg: 1.0, Max: 1, Diff: 0, Sum: 4]
      [GC Worker Other (ms): Min: 0.0, Avg: 0.0, Max: 0.0, Diff: 0.0, Sum: 0.0]
      [GC Worker Total (ms): Min: 1.1, Avg: 1.5, Max: 1.7, Diff: 0.7, Sum: 6.2]
      [GC Worker End (ms): Min: 937.0, Avg: 937.0, Max: 937.0, Diff: 0.0]
   [Code Root Fixup: 0.0 ms]
   [Code Root Purge: 0.0 ms]
   [Clear CT: 0.0 ms]
   [Other: 0.8 ms]
      [Choose CSet: 0.0 ms]
      [Ref Proc: 0.6 ms]
      [Ref Enq: 0.0 ms]
      [Redirty Cards: 0.0 ms]
      [Humongous Register: 0.1 ms]
      [Humongous Reclaim: 0.0 ms]
      [Free CSet: 0.0 ms]
   [Eden: 22.0M(22.0M)->0.0B(21.0M) Survivors: 3072.0K->4096.0K Heap: 369.9M(512.0M)->345.2M(512.0M)]
 [Times: user=0.01 sys=0.00, real=0.00 secs] 
2020-10-28T20:28:38.590-0800: [GC pause (G1 Humongous Allocation) (young) (initial-mark), 0.0014217 secs]
   [Parallel Time: 0.9 ms, GC Workers: 4]
      [GC Worker Start (ms): Min: 938.7, Avg: 938.7, Max: 938.8, Diff: 0.2]
      [Ext Root Scanning (ms): Min: 0.0, Avg: 0.3, Max: 0.8, Diff: 0.8, Sum: 1.1]
      [Update RS (ms): Min: 0.0, Avg: 0.1, Max: 0.1, Diff: 0.1, Sum: 0.2]
         [Processed Buffers: Min: 0, Avg: 1.2, Max: 2, Diff: 2, Sum: 5]
      [Scan RS (ms): Min: 0.0, Avg: 0.0, Max: 0.0, Diff: 0.0, Sum: 0.0]
      [Code Root Scanning (ms): Min: 0.0, Avg: 0.0, Max: 0.0, Diff: 0.0, Sum: 0.0]
      [Object Copy (ms): Min: 0.0, Avg: 0.4, Max: 0.6, Diff: 0.6, Sum: 1.7]
      [Termination (ms): Min: 0.0, Avg: 0.0, Max: 0.0, Diff: 0.0, Sum: 0.1]
         [Termination Attempts: Min: 1, Avg: 1.0, Max: 1, Diff: 0, Sum: 4]
      [GC Worker Other (ms): Min: 0.0, Avg: 0.0, Max: 0.0, Diff: 0.0, Sum: 0.0]
      [GC Worker Total (ms): Min: 0.7, Avg: 0.8, Max: 0.8, Diff: 0.2, Sum: 3.2]
      [GC Worker End (ms): Min: 939.5, Avg: 939.5, Max: 939.5, Diff: 0.0]
   [Code Root Fixup: 0.0 ms]
   [Code Root Purge: 0.0 ms]
   [Clear CT: 0.0 ms]
   [Other: 0.5 ms]
      [Choose CSet: 0.0 ms]
      [Ref Proc: 0.3 ms]
      [Ref Enq: 0.0 ms]
      [Redirty Cards: 0.0 ms]
      [Humongous Register: 0.1 ms]
      [Humongous Reclaim: 0.0 ms]
      [Free CSet: 0.0 ms]
   [Eden: 6144.0K(21.0M)->0.0B(22.0M) Survivors: 4096.0K->3072.0K Heap: 350.8M(512.0M)->346.5M(512.0M)]
 [Times: user=0.01 sys=0.00, real=0.00 secs] 
2020-10-28T20:28:38.591-0800: [GC concurrent-root-region-scan-start]
2020-10-28T20:28:38.591-0800: [GC concurrent-root-region-scan-end, 0.0001036 secs]
2020-10-28T20:28:38.591-0800: [GC concurrent-mark-start]
2020-10-28T20:28:38.593-0800: [GC concurrent-mark-end, 0.0015193 secs]
2020-10-28T20:28:38.593-0800: [GC remark 2020-10-28T20:28:38.593-0800: [Finalize Marking, 0.0001387 secs] 2020-10-28T20:28:38.593-0800: [GC ref-proc, 0.0000211 secs] 2020-10-28T20:28:38.593-0800: [Unloading, 0.0003846 secs], 0.0012498 secs]
 [Times: user=0.00 sys=0.00, real=0.00 secs] 
2020-10-28T20:28:38.594-0800: [GC cleanup 359M->359M(512M), 0.0003926 secs]
 [Times: user=0.00 sys=0.00, real=0.00 secs] 
2020-10-28T20:28:38.596-0800: [GC pause (G1 Evacuation Pause) (young), 0.0024001 secs]
   [Parallel Time: 1.5 ms, GC Workers: 4]
      [GC Worker Start (ms): Min: 945.4, Avg: 945.6, Max: 945.8, Diff: 0.4]
      [Ext Root Scanning (ms): Min: 0.0, Avg: 0.1, Max: 0.2, Diff: 0.2, Sum: 0.4]
      [Update RS (ms): Min: 0.3, Avg: 0.5, Max: 0.5, Diff: 0.2, Sum: 1.8]
         [Processed Buffers: Min: 6, Avg: 9.2, Max: 12, Diff: 6, Sum: 37]
      [Scan RS (ms): Min: 0.0, Avg: 0.0, Max: 0.0, Diff: 0.0, Sum: 0.0]
      [Code Root Scanning (ms): Min: 0.0, Avg: 0.0, Max: 0.0, Diff: 0.0, Sum: 0.0]
      [Object Copy (ms): Min: 0.8, Avg: 0.8, Max: 0.8, Diff: 0.1, Sum: 3.2]
      [Termination (ms): Min: 0.0, Avg: 0.0, Max: 0.0, Diff: 0.0, Sum: 0.1]
         [Termination Attempts: Min: 1, Avg: 1.0, Max: 1, Diff: 0, Sum: 4]
      [GC Worker Other (ms): Min: 0.0, Avg: 0.0, Max: 0.0, Diff: 0.0, Sum: 0.0]
      [GC Worker Total (ms): Min: 1.1, Avg: 1.4, Max: 1.5, Diff: 0.4, Sum: 5.5]
      [GC Worker End (ms): Min: 946.9, Avg: 947.0, Max: 947.0, Diff: 0.0]
   [Code Root Fixup: 0.0 ms]
   [Code Root Purge: 0.0 ms]
   [Clear CT: 0.0 ms]
   [Other: 0.8 ms]
      [Choose CSet: 0.0 ms]
      [Ref Proc: 0.6 ms]
      [Ref Enq: 0.0 ms]
      [Redirty Cards: 0.0 ms]
      [Humongous Register: 0.1 ms]
      [Humongous Reclaim: 0.0 ms]
      [Free CSet: 0.0 ms]
   [Eden: 22.0M(22.0M)->0.0B(21.0M) Survivors: 3072.0K->4096.0K Heap: 372.5M(512.0M)->354.6M(512.0M)]
 [Times: user=0.00 sys=0.00, real=0.00 secs] 
2020-10-28T20:28:38.602-0800: [GC pause (G1 Evacuation Pause) (mixed), 0.0029556 secs]
   [Parallel Time: 2.1 ms, GC Workers: 4]
      [GC Worker Start (ms): Min: 950.9, Avg: 951.3, Max: 952.1, Diff: 1.2]
      [Ext Root Scanning (ms): Min: 0.0, Avg: 0.1, Max: 0.2, Diff: 0.2, Sum: 0.4]
      [Update RS (ms): Min: 0.0, Avg: 0.4, Max: 0.5, Diff: 0.5, Sum: 1.5]
         [Processed Buffers: Min: 0, Avg: 8.0, Max: 12, Diff: 12, Sum: 32]
      [Scan RS (ms): Min: 0.0, Avg: 0.0, Max: 0.0, Diff: 0.0, Sum: 0.0]
      [Code Root Scanning (ms): Min: 0.0, Avg: 0.0, Max: 0.0, Diff: 0.0, Sum: 0.0]
      [Object Copy (ms): Min: 0.7, Avg: 1.1, Max: 1.3, Diff: 0.6, Sum: 4.5]
      [Termination (ms): Min: 0.0, Avg: 0.1, Max: 0.1, Diff: 0.1, Sum: 0.2]
         [Termination Attempts: Min: 1, Avg: 1.0, Max: 1, Diff: 0, Sum: 4]
      [GC Worker Other (ms): Min: 0.0, Avg: 0.0, Max: 0.0, Diff: 0.0, Sum: 0.0]
      [GC Worker Total (ms): Min: 0.8, Avg: 1.7, Max: 2.0, Diff: 1.3, Sum: 6.7]
      [GC Worker End (ms): Min: 952.9, Avg: 953.0, Max: 953.0, Diff: 0.0]
   [Code Root Fixup: 0.0 ms]
   [Code Root Purge: 0.0 ms]
   [Clear CT: 0.1 ms]
   [Other: 0.8 ms]
      [Choose CSet: 0.0 ms]
      [Ref Proc: 0.6 ms]
      [Ref Enq: 0.0 ms]
      [Redirty Cards: 0.0 ms]
      [Humongous Register: 0.1 ms]
      [Humongous Reclaim: 0.0 ms]
      [Free CSet: 0.0 ms]
   [Eden: 21.0M(21.0M)->0.0B(21.0M) Survivors: 4096.0K->4096.0K Heap: 378.9M(512.0M)->359.6M(512.0M)]
 [Times: user=0.01 sys=0.00, real=0.00 secs] 
2020-10-28T20:28:38.606-0800: [GC pause (G1 Humongous Allocation) (young) (initial-mark), 0.0012334 secs]
   [Parallel Time: 0.8 ms, GC Workers: 4]
      [GC Worker Start (ms): Min: 954.9, Avg: 954.9, Max: 955.0, Diff: 0.2]
      [Ext Root Scanning (ms): Min: 0.0, Avg: 0.1, Max: 0.2, Diff: 0.2, Sum: 0.5]
      [Update RS (ms): Min: 0.0, Avg: 0.1, Max: 0.1, Diff: 0.0, Sum: 0.3]
         [Processed Buffers: Min: 1, Avg: 1.5, Max: 2, Diff: 1, Sum: 6]
      [Scan RS (ms): Min: 0.0, Avg: 0.0, Max: 0.0, Diff: 0.0, Sum: 0.0]
      [Code Root Scanning (ms): Min: 0.0, Avg: 0.0, Max: 0.0, Diff: 0.0, Sum: 0.0]
      [Object Copy (ms): Min: 0.4, Avg: 0.5, Max: 0.5, Diff: 0.0, Sum: 1.8]
      [Termination (ms): Min: 0.0, Avg: 0.0, Max: 0.1, Diff: 0.1, Sum: 0.2]
         [Termination Attempts: Min: 1, Avg: 1.0, Max: 1, Diff: 0, Sum: 4]
      [GC Worker Other (ms): Min: 0.0, Avg: 0.0, Max: 0.0, Diff: 0.0, Sum: 0.0]
      [GC Worker Total (ms): Min: 0.6, Avg: 0.7, Max: 0.8, Diff: 0.2, Sum: 2.8]
      [GC Worker End (ms): Min: 955.6, Avg: 955.6, Max: 955.7, Diff: 0.0]
   [Code Root Fixup: 0.0 ms]
   [Code Root Purge: 0.0 ms]
   [Clear CT: 0.0 ms]
   [Other: 0.4 ms]
      [Choose CSet: 0.0 ms]
      [Ref Proc: 0.2 ms]
      [Ref Enq: 0.0 ms]
      [Redirty Cards: 0.0 ms]
      [Humongous Register: 0.1 ms]
      [Humongous Reclaim: 0.0 ms]
      [Free CSet: 0.0 ms]
   [Eden: 6144.0K(21.0M)->0.0B(24.0M) Survivors: 4096.0K->1024.0K Heap: 365.6M(512.0M)->360.6M(512.0M)]
 [Times: user=0.00 sys=0.00, real=0.00 secs] 
2020-10-28T20:28:38.607-0800: [GC concurrent-root-region-scan-start]
2020-10-28T20:28:38.607-0800: [GC concurrent-root-region-scan-end, 0.0000968 secs]
2020-10-28T20:28:38.607-0800: [GC concurrent-mark-start]
2020-10-28T20:28:38.609-0800: [GC concurrent-mark-end, 0.0014056 secs]
2020-10-28T20:28:38.609-0800: [GC remark 2020-10-28T20:28:38.609-0800: [Finalize Marking, 0.0001728 secs] 2020-10-28T20:28:38.609-0800: [GC ref-proc, 0.0000236 secs] 2020-10-28T20:28:38.609-0800: [Unloading, 0.0003673 secs], 0.0012802 secs]
 [Times: user=0.01 sys=0.00, real=0.01 secs] 
2020-10-28T20:28:38.610-0800: [GC cleanup 372M->372M(512M), 0.0004326 secs]
 [Times: user=0.00 sys=0.00, real=0.00 secs] 
2020-10-28T20:28:38.613-0800: [GC pause (G1 Evacuation Pause) (young), 0.0027172 secs]
   [Parallel Time: 2.3 ms, GC Workers: 4]
      [GC Worker Start (ms): Min: 962.3, Avg: 962.9, Max: 964.5, Diff: 2.2]
      [Ext Root Scanning (ms): Min: 0.0, Avg: 0.1, Max: 0.2, Diff: 0.2, Sum: 0.4]
      [Update RS (ms): Min: 0.0, Avg: 0.7, Max: 0.9, Diff: 0.9, Sum: 2.7]
         [Processed Buffers: Min: 0, Avg: 14.2, Max: 20, Diff: 20, Sum: 57]
      [Scan RS (ms): Min: 0.0, Avg: 0.0, Max: 0.0, Diff: 0.0, Sum: 0.0]
      [Code Root Scanning (ms): Min: 0.0, Avg: 0.0, Max: 0.0, Diff: 0.0, Sum: 0.0]
      [Object Copy (ms): Min: 0.0, Avg: 0.8, Max: 1.1, Diff: 1.1, Sum: 3.2]
      [Termination (ms): Min: 0.0, Avg: 0.1, Max: 0.1, Diff: 0.1, Sum: 0.3]
         [Termination Attempts: Min: 1, Avg: 1.0, Max: 1, Diff: 0, Sum: 4]
      [GC Worker Other (ms): Min: 0.0, Avg: 0.0, Max: 0.0, Diff: 0.0, Sum: 0.0]
      [GC Worker Total (ms): Min: 0.0, Avg: 1.7, Max: 2.3, Diff: 2.2, Sum: 6.7]
      [GC Worker End (ms): Min: 964.6, Avg: 964.6, Max: 964.6, Diff: 0.0]
   [Code Root Fixup: 0.0 ms]
   [Code Root Purge: 0.0 ms]
   [Clear CT: 0.0 ms]
   [Other: 0.4 ms]
      [Choose CSet: 0.0 ms]
      [Ref Proc: 0.2 ms]
      [Ref Enq: 0.0 ms]
      [Redirty Cards: 0.0 ms]
      [Humongous Register: 0.1 ms]
      [Humongous Reclaim: 0.0 ms]
      [Free CSet: 0.0 ms]
   [Eden: 24.0M(24.0M)->0.0B(21.0M) Survivors: 1024.0K->4096.0K Heap: 391.1M(512.0M)->369.1M(512.0M)]
 [Times: user=0.01 sys=0.00, real=0.00 secs] 
2020-10-28T20:28:38.619-0800: [GC pause (G1 Evacuation Pause) (mixed) (to-space exhausted), 0.0048065 secs]
   [Parallel Time: 4.4 ms, GC Workers: 4]
      [GC Worker Start (ms): Min: 968.1, Avg: 968.3, Max: 968.9, Diff: 0.8]
      [Ext Root Scanning (ms): Min: 0.0, Avg: 0.1, Max: 0.2, Diff: 0.2, Sum: 0.4]
      [Update RS (ms): Min: 0.0, Avg: 0.5, Max: 0.7, Diff: 0.6, Sum: 2.0]
         [Processed Buffers: Min: 1, Avg: 9.5, Max: 13, Diff: 12, Sum: 38]
      [Scan RS (ms): Min: 0.0, Avg: 0.0, Max: 0.0, Diff: 0.0, Sum: 0.1]
      [Code Root Scanning (ms): Min: 0.0, Avg: 0.0, Max: 0.0, Diff: 0.0, Sum: 0.0]
      [Object Copy (ms): Min: 2.9, Avg: 3.0, Max: 3.3, Diff: 0.5, Sum: 12.0]
      [Termination (ms): Min: 0.0, Avg: 0.4, Max: 0.6, Diff: 0.6, Sum: 1.7]
         [Termination Attempts: Min: 1, Avg: 1.0, Max: 1, Diff: 0, Sum: 4]
      [GC Worker Other (ms): Min: 0.0, Avg: 0.0, Max: 0.0, Diff: 0.0, Sum: 0.0]
      [GC Worker Total (ms): Min: 3.5, Avg: 4.0, Max: 4.3, Diff: 0.8, Sum: 16.2]
      [GC Worker End (ms): Min: 972.3, Avg: 972.4, Max: 972.4, Diff: 0.2]
   [Code Root Fixup: 0.0 ms]
   [Code Root Purge: 0.0 ms]
   [Clear CT: 0.0 ms]
   [Other: 0.4 ms]
      [Evacuation Failure: 0.1 ms]
      [Choose CSet: 0.0 ms]
      [Ref Proc: 0.1 ms]
      [Ref Enq: 0.0 ms]
      [Redirty Cards: 0.0 ms]
      [Humongous Register: 0.1 ms]
      [Humongous Reclaim: 0.0 ms]
      [Free CSet: 0.0 ms]
   [Eden: 21.0M(21.0M)->0.0B(21.0M) Survivors: 4096.0K->4096.0K Heap: 394.3M(512.0M)->377.0M(512.0M)]
 [Times: user=0.01 sys=0.00, real=0.01 secs] 
2020-10-28T20:28:38.625-0800: [GC pause (G1 Humongous Allocation) (young) (initial-mark), 0.0016417 secs]
   [Parallel Time: 0.8 ms, GC Workers: 4]
      [GC Worker Start (ms): Min: 973.9, Avg: 973.9, Max: 974.0, Diff: 0.1]
      [Ext Root Scanning (ms): Min: 0.0, Avg: 0.1, Max: 0.2, Diff: 0.1, Sum: 0.5]
      [Update RS (ms): Min: 0.1, Avg: 0.1, Max: 0.1, Diff: 0.0, Sum: 0.3]
         [Processed Buffers: Min: 1, Avg: 2.0, Max: 3, Diff: 2, Sum: 8]
      [Scan RS (ms): Min: 0.0, Avg: 0.0, Max: 0.0, Diff: 0.0, Sum: 0.0]
      [Code Root Scanning (ms): Min: 0.0, Avg: 0.0, Max: 0.0, Diff: 0.0, Sum: 0.0]
      [Object Copy (ms): Min: 0.5, Avg: 0.5, Max: 0.5, Diff: 0.1, Sum: 2.0]
      [Termination (ms): Min: 0.0, Avg: 0.0, Max: 0.0, Diff: 0.0, Sum: 0.1]
         [Termination Attempts: Min: 1, Avg: 1.0, Max: 1, Diff: 0, Sum: 4]
      [GC Worker Other (ms): Min: 0.0, Avg: 0.0, Max: 0.0, Diff: 0.0, Sum: 0.0]
      [GC Worker Total (ms): Min: 0.7, Avg: 0.7, Max: 0.8, Diff: 0.1, Sum: 2.9]
      [GC Worker End (ms): Min: 974.7, Avg: 974.7, Max: 974.7, Diff: 0.0]
   [Code Root Fixup: 0.0 ms]
   [Code Root Purge: 0.0 ms]
   [Clear CT: 0.0 ms]
   [Other: 0.8 ms]
      [Choose CSet: 0.0 ms]
      [Ref Proc: 0.6 ms]
      [Ref Enq: 0.0 ms]
      [Redirty Cards: 0.0 ms]
      [Humongous Register: 0.1 ms]
      [Humongous Reclaim: 0.0 ms]
      [Free CSet: 0.0 ms]
   [Eden: 6144.0K(21.0M)->0.0B(23.0M) Survivors: 4096.0K->2048.0K Heap: 383.0M(512.0M)->377.3M(512.0M)]
 [Times: user=0.00 sys=0.00, real=0.00 secs] 
2020-10-28T20:28:38.627-0800: [GC concurrent-root-region-scan-start]
2020-10-28T20:28:38.627-0800: [GC concurrent-root-region-scan-end, 0.0001063 secs]
2020-10-28T20:28:38.627-0800: [GC concurrent-mark-start]
2020-10-28T20:28:38.628-0800: [GC concurrent-mark-end, 0.0014893 secs]
2020-10-28T20:28:38.628-0800: [GC remark 2020-10-28T20:28:38.628-0800: [Finalize Marking, 0.0001292 secs] 2020-10-28T20:28:38.628-0800: [GC ref-proc, 0.0000381 secs] 2020-10-28T20:28:38.629-0800: [Unloading, 0.0004087 secs], 0.0013775 secs]
 [Times: user=0.01 sys=0.00, real=0.01 secs] 
2020-10-28T20:28:38.630-0800: [GC cleanup 390M->390M(512M), 0.0003949 secs]
 [Times: user=0.00 sys=0.00, real=0.00 secs] 
2020-10-28T20:28:38.633-0800: [GC pause (G1 Evacuation Pause) (young), 0.0030760 secs]
   [Parallel Time: 2.3 ms, GC Workers: 4]
      [GC Worker Start (ms): Min: 982.1, Avg: 982.4, Max: 983.3, Diff: 1.2]
      [Ext Root Scanning (ms): Min: 0.0, Avg: 0.1, Max: 0.2, Diff: 0.2, Sum: 0.4]
      [Update RS (ms): Min: 0.1, Avg: 0.9, Max: 1.2, Diff: 1.1, Sum: 3.6]
         [Processed Buffers: Min: 2, Avg: 18.8, Max: 26, Diff: 24, Sum: 75]
      [Scan RS (ms): Min: 0.0, Avg: 0.0, Max: 0.0, Diff: 0.0, Sum: 0.0]
      [Code Root Scanning (ms): Min: 0.0, Avg: 0.0, Max: 0.0, Diff: 0.0, Sum: 0.0]
      [Object Copy (ms): Min: 0.8, Avg: 0.8, Max: 0.9, Diff: 0.1, Sum: 3.3]
      [Termination (ms): Min: 0.0, Avg: 0.0, Max: 0.1, Diff: 0.1, Sum: 0.1]
         [Termination Attempts: Min: 1, Avg: 1.0, Max: 1, Diff: 0, Sum: 4]
      [GC Worker Other (ms): Min: 0.0, Avg: 0.0, Max: 0.0, Diff: 0.0, Sum: 0.0]
      [GC Worker Total (ms): Min: 1.0, Avg: 1.9, Max: 2.2, Diff: 1.2, Sum: 7.4]
      [GC Worker End (ms): Min: 984.2, Avg: 984.3, Max: 984.3, Diff: 0.0]
   [Code Root Fixup: 0.0 ms]
   [Code Root Purge: 0.0 ms]
   [Clear CT: 0.0 ms]
   [Other: 0.8 ms]
      [Choose CSet: 0.0 ms]
      [Ref Proc: 0.6 ms]
      [Ref Enq: 0.0 ms]
      [Redirty Cards: 0.0 ms]
      [Humongous Register: 0.1 ms]
      [Humongous Reclaim: 0.0 ms]
      [Free CSet: 0.0 ms]
   [Eden: 23.0M(23.0M)->0.0B(21.0M) Survivors: 2048.0K->4096.0K Heap: 408.9M(512.0M)->387.1M(512.0M)]
 [Times: user=0.01 sys=0.00, real=0.00 secs] 
2020-10-28T20:28:38.639-0800: [GC pause (G1 Evacuation Pause) (mixed) (to-space exhausted), 0.0033438 secs]
   [Parallel Time: 2.5 ms, GC Workers: 4]
      [GC Worker Start (ms): Min: 988.0, Avg: 988.0, Max: 988.1, Diff: 0.1]
      [Ext Root Scanning (ms): Min: 0.0, Avg: 0.2, Max: 0.4, Diff: 0.3, Sum: 0.7]
      [Update RS (ms): Min: 0.0, Avg: 0.1, Max: 0.2, Diff: 0.2, Sum: 0.5]
         [Processed Buffers: Min: 0, Avg: 2.5, Max: 4, Diff: 4, Sum: 10]
      [Scan RS (ms): Min: 0.0, Avg: 0.0, Max: 0.1, Diff: 0.0, Sum: 0.1]
      [Code Root Scanning (ms): Min: 0.0, Avg: 0.0, Max: 0.0, Diff: 0.0, Sum: 0.0]
      [Object Copy (ms): Min: 1.5, Avg: 1.6, Max: 2.0, Diff: 0.5, Sum: 6.4]
      [Termination (ms): Min: 0.0, Avg: 0.4, Max: 0.6, Diff: 0.6, Sum: 1.7]
         [Termination Attempts: Min: 1, Avg: 1.0, Max: 1, Diff: 0, Sum: 4]
      [GC Worker Other (ms): Min: 0.0, Avg: 0.0, Max: 0.0, Diff: 0.0, Sum: 0.0]
      [GC Worker Total (ms): Min: 2.3, Avg: 2.4, Max: 2.4, Diff: 0.1, Sum: 9.5]
      [GC Worker End (ms): Min: 990.4, Avg: 990.4, Max: 990.4, Diff: 0.0]
   [Code Root Fixup: 0.0 ms]
   [Code Root Purge: 0.0 ms]
   [Clear CT: 0.0 ms]
   [Other: 0.8 ms]
      [Evacuation Failure: 0.1 ms]
      [Choose CSet: 0.0 ms]
      [Ref Proc: 0.4 ms]
      [Ref Enq: 0.0 ms]
      [Redirty Cards: 0.0 ms]
      [Humongous Register: 0.1 ms]
      [Humongous Reclaim: 0.0 ms]
      [Free CSet: 0.0 ms]
   [Eden: 21.0M(21.0M)->0.0B(21.0M) Survivors: 4096.0K->4096.0K Heap: 408.7M(512.0M)->409.8M(512.0M)]
 [Times: user=0.01 sys=0.00, real=0.01 secs] 
2020-10-28T20:28:38.644-0800: [GC pause (G1 Humongous Allocation) (mixed) (to-space exhausted), 0.0020975 secs]
   [Parallel Time: 1.2 ms, GC Workers: 4]
      [GC Worker Start (ms): Min: 993.1, Avg: 993.2, Max: 993.3, Diff: 0.1]
      [Ext Root Scanning (ms): Min: 0.1, Avg: 0.1, Max: 0.2, Diff: 0.1, Sum: 0.4]
      [Update RS (ms): Min: 0.4, Avg: 0.4, Max: 0.5, Diff: 0.0, Sum: 1.8]
         [Processed Buffers: Min: 8, Avg: 9.2, Max: 11, Diff: 3, Sum: 37]
      [Scan RS (ms): Min: 0.0, Avg: 0.0, Max: 0.0, Diff: 0.0, Sum: 0.0]
      [Code Root Scanning (ms): Min: 0.0, Avg: 0.0, Max: 0.0, Diff: 0.0, Sum: 0.0]
      [Object Copy (ms): Min: 0.0, Avg: 0.2, Max: 0.6, Diff: 0.6, Sum: 0.7]
      [Termination (ms): Min: 0.0, Avg: 0.4, Max: 0.5, Diff: 0.5, Sum: 1.6]
         [Termination Attempts: Min: 1, Avg: 1.0, Max: 1, Diff: 0, Sum: 4]
      [GC Worker Other (ms): Min: 0.0, Avg: 0.0, Max: 0.0, Diff: 0.0, Sum: 0.0]
      [GC Worker Total (ms): Min: 1.1, Avg: 1.1, Max: 1.2, Diff: 0.1, Sum: 4.6]
      [GC Worker End (ms): Min: 994.4, Avg: 994.4, Max: 994.4, Diff: 0.0]
   [Code Root Fixup: 0.0 ms]
   [Code Root Purge: 0.0 ms]
   [Clear CT: 0.0 ms]
   [Other: 0.8 ms]
      [Evacuation Failure: 0.1 ms]
      [Choose CSet: 0.0 ms]
      [Ref Proc: 0.6 ms]
      [Ref Enq: 0.0 ms]
      [Redirty Cards: 0.0 ms]
      [Humongous Register: 0.1 ms]
      [Humongous Reclaim: 0.0 ms]
      [Free CSet: 0.0 ms]
   [Eden: 11.0M(21.0M)->0.0B(25.0M) Survivors: 4096.0K->0.0B Heap: 424.3M(512.0M)->421.8M(512.0M)]
 [Times: user=0.01 sys=0.00, real=0.00 secs] 
2020-10-28T20:28:38.647-0800: [GC pause (G1 Evacuation Pause) (young) (initial-mark) (to-space exhausted), 0.0020872 secs]
   [Parallel Time: 1.2 ms, GC Workers: 4]
      [GC Worker Start (ms): Min: 996.1, Avg: 996.2, Max: 996.3, Diff: 0.2]
      [Ext Root Scanning (ms): Min: 0.0, Avg: 0.6, Max: 0.8, Diff: 0.8, Sum: 2.2]
      [Update RS (ms): Min: 0.0, Avg: 0.1, Max: 0.4, Diff: 0.4, Sum: 0.4]
         [Processed Buffers: Min: 0, Avg: 3.8, Max: 15, Diff: 15, Sum: 15]
      [Scan RS (ms): Min: 0.0, Avg: 0.0, Max: 0.0, Diff: 0.0, Sum: 0.0]
      [Code Root Scanning (ms): Min: 0.0, Avg: 0.0, Max: 0.0, Diff: 0.0, Sum: 0.0]
      [Object Copy (ms): Min: 0.0, Avg: 0.0, Max: 0.0, Diff: 0.0, Sum: 0.0]
      [Termination (ms): Min: 0.0, Avg: 0.3, Max: 0.6, Diff: 0.6, Sum: 1.1]
         [Termination Attempts: Min: 1, Avg: 1.0, Max: 1, Diff: 0, Sum: 4]
      [GC Worker Other (ms): Min: 0.0, Avg: 0.0, Max: 0.0, Diff: 0.0, Sum: 0.0]
      [GC Worker Total (ms): Min: 0.8, Avg: 0.9, Max: 1.1, Diff: 0.3, Sum: 3.8]
      [GC Worker End (ms): Min: 997.1, Avg: 997.2, Max: 997.3, Diff: 0.1]
   [Code Root Fixup: 0.0 ms]
   [Code Root Purge: 0.0 ms]
   [Clear CT: 0.0 ms]
   [Other: 0.9 ms]
      [Evacuation Failure: 0.1 ms]
      [Choose CSet: 0.0 ms]
      [Ref Proc: 0.6 ms]
      [Ref Enq: 0.0 ms]
      [Redirty Cards: 0.0 ms]
      [Humongous Register: 0.1 ms]
      [Humongous Reclaim: 0.0 ms]
      [Free CSet: 0.0 ms]
   [Eden: 3072.0K(25.0M)->0.0B(25.0M) Survivors: 0.0B->0.0B Heap: 425.4M(512.0M)->425.4M(512.0M)]
 [Times: user=0.00 sys=0.00, real=0.00 secs] 
2020-10-28T20:28:38.649-0800: [GC concurrent-root-region-scan-start]
2020-10-28T20:28:38.649-0800: [GC concurrent-root-region-scan-end, 0.0000090 secs]
2020-10-28T20:28:38.649-0800: [GC concurrent-mark-start]
2020-10-28T20:28:38.649-0800: [Full GC (Allocation Failure)  425M->342M(512M), 0.0332547 secs]
   [Eden: 0.0B(25.0M)->0.0B(25.0M) Survivors: 0.0B->0.0B Heap: 425.4M(512.0M)->342.4M(512.0M)], [Metaspace: 2720K->2720K(1056768K)]
 [Times: user=0.04 sys=0.00, real=0.04 secs] 
2020-10-28T20:28:38.683-0800: [GC concurrent-mark-abort]
2020-10-28T20:28:38.683-0800: [GC pause (G1 Humongous Allocation) (young) (initial-mark), 0.0016900 secs]
   [Parallel Time: 1.1 ms, GC Workers: 4]
      [GC Worker Start (ms): Min: 1031.9, Avg: 1032.0, Max: 1032.1, Diff: 0.2]
      [Ext Root Scanning (ms): Min: 0.0, Avg: 0.7, Max: 0.9, Diff: 0.9, Sum: 2.6]
      [Update RS (ms): Min: 0.0, Avg: 0.0, Max: 0.2, Diff: 0.2, Sum: 0.2]
         [Processed Buffers: Min: 0, Avg: 0.5, Max: 2, Diff: 2, Sum: 2]
      [Scan RS (ms): Min: 0.0, Avg: 0.0, Max: 0.0, Diff: 0.0, Sum: 0.0]
      [Code Root Scanning (ms): Min: 0.0, Avg: 0.0, Max: 0.0, Diff: 0.0, Sum: 0.0]
      [Object Copy (ms): Min: 0.0, Avg: 0.0, Max: 0.1, Diff: 0.1, Sum: 0.1]
      [Termination (ms): Min: 0.0, Avg: 0.2, Max: 0.7, Diff: 0.7, Sum: 0.9]
         [Termination Attempts: Min: 1, Avg: 1.0, Max: 1, Diff: 0, Sum: 4]
      [GC Worker Other (ms): Min: 0.0, Avg: 0.0, Max: 0.0, Diff: 0.0, Sum: 0.0]
      [GC Worker Total (ms): Min: 0.9, Avg: 0.9, Max: 1.1, Diff: 0.2, Sum: 3.8]
      [GC Worker End (ms): Min: 1032.9, Avg: 1033.0, Max: 1033.0, Diff: 0.0]
   [Code Root Fixup: 0.0 ms]
   [Code Root Purge: 0.0 ms]
   [Clear CT: 0.0 ms]
   [Other: 0.6 ms]
      [Choose CSet: 0.0 ms]
      [Ref Proc: 0.4 ms]
      [Ref Enq: 0.0 ms]
      [Redirty Cards: 0.0 ms]
      [Humongous Register: 0.1 ms]
      [Humongous Reclaim: 0.0 ms]
      [Free CSet: 0.0 ms]
   [Eden: 2048.0K(25.0M)->0.0B(24.0M) Survivors: 0.0B->1024.0K Heap: 343.9M(512.0M)->342.4M(512.0M)]
 [Times: user=0.00 sys=0.00, real=0.00 secs] 
2020-10-28T20:28:38.685-0800: [GC concurrent-root-region-scan-start]
2020-10-28T20:28:38.685-0800: [GC concurrent-root-region-scan-end, 0.0000703 secs]
2020-10-28T20:28:38.685-0800: [GC concurrent-mark-start]
2020-10-28T20:28:38.686-0800: [GC concurrent-mark-end, 0.0012810 secs]
2020-10-28T20:28:38.686-0800: [GC remark 2020-10-28T20:28:38.686-0800: [Finalize Marking, 0.0007096 secs] 2020-10-28T20:28:38.687-0800: [GC ref-proc, 0.0000242 secs] 2020-10-28T20:28:38.687-0800: [Unloading, 0.0004774 secs], 0.0021395 secs]
 [Times: user=0.01 sys=0.00, real=0.00 secs] 
2020-10-28T20:28:38.688-0800: [GC cleanup 353M->353M(512M), 0.0004205 secs]
 [Times: user=0.00 sys=0.00, real=0.00 secs] 
2020-10-28T20:28:38.691-0800: [GC pause (G1 Evacuation Pause) (young), 0.0023914 secs]
   [Parallel Time: 1.7 ms, GC Workers: 4]
      [GC Worker Start (ms): Min: 1040.4, Avg: 1040.5, Max: 1040.7, Diff: 0.3]
      [Ext Root Scanning (ms): Min: 0.0, Avg: 0.1, Max: 0.2, Diff: 0.2, Sum: 0.4]
      [Update RS (ms): Min: 0.6, Avg: 0.7, Max: 0.7, Diff: 0.2, Sum: 2.7]
         [Processed Buffers: Min: 12, Avg: 13.5, Max: 15, Diff: 3, Sum: 54]
      [Scan RS (ms): Min: 0.0, Avg: 0.0, Max: 0.0, Diff: 0.0, Sum: 0.0]
      [Code Root Scanning (ms): Min: 0.0, Avg: 0.0, Max: 0.0, Diff: 0.0, Sum: 0.0]
      [Object Copy (ms): Min: 0.7, Avg: 0.7, Max: 0.8, Diff: 0.1, Sum: 2.9]
      [Termination (ms): Min: 0.0, Avg: 0.0, Max: 0.1, Diff: 0.1, Sum: 0.2]
         [Termination Attempts: Min: 1, Avg: 1.0, Max: 1, Diff: 0, Sum: 4]
      [GC Worker Other (ms): Min: 0.0, Avg: 0.0, Max: 0.0, Diff: 0.0, Sum: 0.0]
      [GC Worker Total (ms): Min: 1.3, Avg: 1.6, Max: 1.7, Diff: 0.3, Sum: 6.3]
      [GC Worker End (ms): Min: 1042.1, Avg: 1042.1, Max: 1042.1, Diff: 0.0]
   [Code Root Fixup: 0.0 ms]
   [Code Root Purge: 0.0 ms]
   [Clear CT: 0.0 ms]
   [Other: 0.6 ms]
      [Choose CSet: 0.0 ms]
      [Ref Proc: 0.4 ms]
      [Ref Enq: 0.0 ms]
      [Redirty Cards: 0.0 ms]
      [Humongous Register: 0.1 ms]
      [Humongous Reclaim: 0.0 ms]
      [Free CSet: 0.0 ms]
   [Eden: 24.0M(24.0M)->0.0B(21.0M) Survivors: 1024.0K->4096.0K Heap: 372.7M(512.0M)->348.5M(512.0M)]
 [Times: user=0.01 sys=0.01, real=0.00 secs] 
2020-10-28T20:28:38.694-0800: [GC pause (G1 Humongous Allocation) (young) (initial-mark), 0.0014127 secs]
   [Parallel Time: 0.8 ms, GC Workers: 4]
      [GC Worker Start (ms): Min: 1043.4, Avg: 1043.5, Max: 1043.5, Diff: 0.0]
      [Ext Root Scanning (ms): Min: 0.1, Avg: 0.1, Max: 0.1, Diff: 0.0, Sum: 0.5]
      [Update RS (ms): Min: 0.1, Avg: 0.1, Max: 0.1, Diff: 0.0, Sum: 0.3]
         [Processed Buffers: Min: 1, Avg: 1.5, Max: 2, Diff: 1, Sum: 6]
      [Scan RS (ms): Min: 0.0, Avg: 0.0, Max: 0.0, Diff: 0.0, Sum: 0.0]
      [Code Root Scanning (ms): Min: 0.0, Avg: 0.0, Max: 0.0, Diff: 0.0, Sum: 0.0]
      [Object Copy (ms): Min: 0.3, Avg: 0.4, Max: 0.5, Diff: 0.2, Sum: 1.7]
      [Termination (ms): Min: 0.0, Avg: 0.1, Max: 0.2, Diff: 0.2, Sum: 0.4]
         [Termination Attempts: Min: 1, Avg: 1.0, Max: 1, Diff: 0, Sum: 4]
      [GC Worker Other (ms): Min: 0.0, Avg: 0.0, Max: 0.0, Diff: 0.0, Sum: 0.0]
      [GC Worker Total (ms): Min: 0.7, Avg: 0.7, Max: 0.8, Diff: 0.0, Sum: 2.9]
      [GC Worker End (ms): Min: 1044.2, Avg: 1044.2, Max: 1044.2, Diff: 0.0]
   [Code Root Fixup: 0.0 ms]
   [Code Root Purge: 0.0 ms]
   [Clear CT: 0.0 ms]
   [Other: 0.6 ms]
      [Choose CSet: 0.0 ms]
      [Ref Proc: 0.4 ms]
      [Ref Enq: 0.0 ms]
      [Redirty Cards: 0.0 ms]
      [Humongous Register: 0.1 ms]
      [Humongous Reclaim: 0.0 ms]
      [Free CSet: 0.0 ms]
   [Eden: 3072.0K(21.0M)->0.0B(24.0M) Survivors: 4096.0K->1024.0K Heap: 350.9M(512.0M)->348.9M(512.0M)]
 [Times: user=0.00 sys=0.00, real=0.00 secs] 
2020-10-28T20:28:38.696-0800: [GC concurrent-root-region-scan-start]
2020-10-28T20:28:38.696-0800: [GC concurrent-root-region-scan-end, 0.0000931 secs]
2020-10-28T20:28:38.696-0800: [GC concurrent-mark-start]
2020-10-28T20:28:38.697-0800: [GC concurrent-mark-end, 0.0013154 secs]
2020-10-28T20:28:38.697-0800: [GC remark 2020-10-28T20:28:38.698-0800: [Finalize Marking, 0.0002134 secs] 2020-10-28T20:28:38.698-0800: [GC ref-proc, 0.0000208 secs] 2020-10-28T20:28:38.698-0800: [Unloading, 0.0003933 secs], 0.0013775 secs]
 [Times: user=0.00 sys=0.00, real=0.00 secs] 
2020-10-28T20:28:38.699-0800: [GC cleanup 360M->360M(512M), 0.0003973 secs]
 [Times: user=0.00 sys=0.00, real=0.00 secs] 
2020-10-28T20:28:38.702-0800: [GC pause (G1 Evacuation Pause) (young), 0.0027712 secs]
   [Parallel Time: 1.9 ms, GC Workers: 4]
      [GC Worker Start (ms): Min: 1050.9, Avg: 1051.1, Max: 1051.6, Diff: 0.7]
      [Ext Root Scanning (ms): Min: 0.0, Avg: 0.1, Max: 0.2, Diff: 0.2, Sum: 0.4]
      [Update RS (ms): Min: 0.4, Avg: 0.9, Max: 1.4, Diff: 1.0, Sum: 3.7]
         [Processed Buffers: Min: 9, Avg: 13.5, Max: 18, Diff: 9, Sum: 54]
      [Scan RS (ms): Min: 0.0, Avg: 0.0, Max: 0.0, Diff: 0.0, Sum: 0.0]
      [Code Root Scanning (ms): Min: 0.0, Avg: 0.0, Max: 0.0, Diff: 0.0, Sum: 0.0]
      [Object Copy (ms): Min: 0.3, Avg: 0.6, Max: 0.8, Diff: 0.4, Sum: 2.5]
      [Termination (ms): Min: 0.0, Avg: 0.0, Max: 0.0, Diff: 0.0, Sum: 0.1]
         [Termination Attempts: Min: 1, Avg: 1.0, Max: 1, Diff: 0, Sum: 4]
      [GC Worker Other (ms): Min: 0.0, Avg: 0.0, Max: 0.0, Diff: 0.0, Sum: 0.0]
      [GC Worker Total (ms): Min: 1.2, Avg: 1.7, Max: 1.9, Diff: 0.7, Sum: 6.7]
      [GC Worker End (ms): Min: 1052.8, Avg: 1052.8, Max: 1052.8, Diff: 0.0]
   [Code Root Fixup: 0.0 ms]
   [Code Root Purge: 0.0 ms]
   [Clear CT: 0.0 ms]
   [Other: 0.8 ms]
      [Choose CSet: 0.0 ms]
      [Ref Proc: 0.6 ms]
      [Ref Enq: 0.0 ms]
      [Redirty Cards: 0.0 ms]
      [Humongous Register: 0.1 ms]
      [Humongous Reclaim: 0.0 ms]
      [Free CSet: 0.0 ms]
   [Eden: 24.0M(24.0M)->0.0B(21.0M) Survivors: 1024.0K->4096.0K Heap: 379.0M(512.0M)->358.5M(512.0M)]
 [Times: user=0.00 sys=0.00, real=0.00 secs] 
2020-10-28T20:28:38.708-0800: [GC pause (G1 Evacuation Pause) (mixed), 0.0032052 secs]
   [Parallel Time: 2.5 ms, GC Workers: 4]
      [GC Worker Start (ms): Min: 1057.0, Avg: 1057.1, Max: 1057.3, Diff: 0.3]
      [Ext Root Scanning (ms): Min: 0.0, Avg: 0.1, Max: 0.2, Diff: 0.2, Sum: 0.4]
      [Update RS (ms): Min: 0.5, Avg: 0.6, Max: 0.6, Diff: 0.1, Sum: 2.3]
         [Processed Buffers: Min: 11, Avg: 11.8, Max: 12, Diff: 1, Sum: 47]
      [Scan RS (ms): Min: 0.0, Avg: 0.0, Max: 0.0, Diff: 0.0, Sum: 0.0]
      [Code Root Scanning (ms): Min: 0.0, Avg: 0.0, Max: 0.0, Diff: 0.0, Sum: 0.0]
      [Object Copy (ms): Min: 1.6, Avg: 1.6, Max: 1.6, Diff: 0.1, Sum: 6.4]
      [Termination (ms): Min: 0.0, Avg: 0.1, Max: 0.1, Diff: 0.1, Sum: 0.3]
         [Termination Attempts: Min: 1, Avg: 1.0, Max: 1, Diff: 0, Sum: 4]
      [GC Worker Other (ms): Min: 0.0, Avg: 0.0, Max: 0.0, Diff: 0.0, Sum: 0.0]
      [GC Worker Total (ms): Min: 2.2, Avg: 2.4, Max: 2.5, Diff: 0.3, Sum: 9.4]
      [GC Worker End (ms): Min: 1059.5, Avg: 1059.5, Max: 1059.5, Diff: 0.0]
   [Code Root Fixup: 0.0 ms]
   [Code Root Purge: 0.0 ms]
   [Clear CT: 0.0 ms]
   [Other: 0.7 ms]
      [Choose CSet: 0.0 ms]
      [Ref Proc: 0.4 ms]
      [Ref Enq: 0.0 ms]
      [Redirty Cards: 0.0 ms]
      [Humongous Register: 0.1 ms]
      [Humongous Reclaim: 0.0 ms]
      [Free CSet: 0.0 ms]
   [Eden: 21.0M(21.0M)->0.0B(21.0M) Survivors: 4096.0K->4096.0K Heap: 384.7M(512.0M)->366.3M(512.0M)]
 [Times: user=0.01 sys=0.00, real=0.01 secs] 
2020-10-28T20:28:38.711-0800: [GC pause (G1 Humongous Allocation) (young) (initial-mark), 0.0015274 secs]
   [Parallel Time: 0.7 ms, GC Workers: 4]
      [GC Worker Start (ms): Min: 1060.4, Avg: 1060.5, Max: 1060.5, Diff: 0.1]
      [Ext Root Scanning (ms): Min: 0.1, Avg: 0.1, Max: 0.1, Diff: 0.1, Sum: 0.5]
      [Update RS (ms): Min: 0.0, Avg: 0.1, Max: 0.1, Diff: 0.1, Sum: 0.3]
         [Processed Buffers: Min: 1, Avg: 1.2, Max: 2, Diff: 1, Sum: 5]
      [Scan RS (ms): Min: 0.0, Avg: 0.0, Max: 0.0, Diff: 0.0, Sum: 0.0]
      [Code Root Scanning (ms): Min: 0.0, Avg: 0.0, Max: 0.0, Diff: 0.0, Sum: 0.0]
      [Object Copy (ms): Min: 0.3, Avg: 0.3, Max: 0.4, Diff: 0.1, Sum: 1.4]
      [Termination (ms): Min: 0.0, Avg: 0.0, Max: 0.1, Diff: 0.1, Sum: 0.1]
         [Termination Attempts: Min: 1, Avg: 1.0, Max: 1, Diff: 0, Sum: 4]
      [GC Worker Other (ms): Min: 0.0, Avg: 0.0, Max: 0.0, Diff: 0.0, Sum: 0.0]
      [GC Worker Total (ms): Min: 0.6, Avg: 0.6, Max: 0.6, Diff: 0.1, Sum: 2.3]
      [GC Worker End (ms): Min: 1061.0, Avg: 1061.1, Max: 1061.1, Diff: 0.0]
   [Code Root Fixup: 0.0 ms]
   [Code Root Purge: 0.0 ms]
   [Clear CT: 0.0 ms]
   [Other: 0.8 ms]
      [Choose CSet: 0.0 ms]
      [Ref Proc: 0.6 ms]
      [Ref Enq: 0.0 ms]
      [Redirty Cards: 0.0 ms]
      [Humongous Register: 0.1 ms]
      [Humongous Reclaim: 0.0 ms]
      [Free CSet: 0.0 ms]
   [Eden: 1024.0K(21.0M)->0.0B(24.0M) Survivors: 4096.0K->1024.0K Heap: 367.0M(512.0M)->366.6M(512.0M)]
 [Times: user=0.00 sys=0.00, real=0.00 secs] 
2020-10-28T20:28:38.713-0800: [GC concurrent-root-region-scan-start]
2020-10-28T20:28:38.713-0800: [GC concurrent-root-region-scan-end, 0.0000307 secs]
2020-10-28T20:28:38.713-0800: [GC concurrent-mark-start]
2020-10-28T20:28:38.715-0800: [GC concurrent-mark-end, 0.0014963 secs]
2020-10-28T20:28:38.715-0800: [GC remark 2020-10-28T20:28:38.715-0800: [Finalize Marking, 0.0002347 secs] 2020-10-28T20:28:38.715-0800: [GC ref-proc, 0.0000235 secs] 2020-10-28T20:28:38.715-0800: [Unloading, 0.0003827 secs], 0.0015818 secs]
 [Times: user=0.01 sys=0.00, real=0.00 secs] 
2020-10-28T20:28:38.716-0800: [GC cleanup 379M->379M(512M), 0.0004274 secs]
 [Times: user=0.00 sys=0.00, real=0.00 secs] 
执行结束!共生成对象次数:10613
Heap
 garbage-first heap   total 524288K, used 388403K [0x00000007a0000000, 0x00000007a0101000, 0x00000007c0000000)
  region size 1024K, 11 young (11264K), 1 survivors (1024K)
 Metaspace       used 2726K, capacity 4486K, committed 4864K, reserved 1056768K
  class space    used 296K, capacity 386K, committed 512K, reserved 1048576K
`




### -Xmx1g -Xms1g
##### 串行GC
java -XX:+UseSerialGC   -Xmx1g -Xms1g  -XX:+PrintGCDetails -XX:+PrintGCDateStamps GCLogAnalysis

`正在执行
2020-10-28T21:03:56.382-0800: [GC (Allocation Failure) 2020-10-28T21:03:56.382-0800: [DefNew: 279616K->34944K(314560K), 0.0385759 secs] 279616K->85397K(1013632K), 0.0386143 secs] [Times: user=0.02 sys=0.01, real=0.04 secs] 
2020-10-28T21:03:56.455-0800: [GC (Allocation Failure) 2020-10-28T21:03:56.455-0800: [DefNew: 314560K->34942K(314560K), 0.0527849 secs] 365013K->168413K(1013632K), 0.0528182 secs] [Times: user=0.03 sys=0.02, real=0.05 secs] 
2020-10-28T21:03:56.541-0800: [GC (Allocation Failure) 2020-10-28T21:03:56.541-0800: [DefNew: 314558K->34944K(314560K), 0.0413002 secs] 448029K->249121K(1013632K), 0.0413330 secs] [Times: user=0.03 sys=0.02, real=0.04 secs] 
2020-10-28T21:03:56.612-0800: [GC (Allocation Failure) 2020-10-28T21:03:56.612-0800: [DefNew: 314560K->34943K(314560K), 0.0358132 secs] 528737K->318676K(1013632K), 0.0358490 secs] [Times: user=0.02 sys=0.01, real=0.03 secs] 
2020-10-28T21:03:56.678-0800: [GC (Allocation Failure) 2020-10-28T21:03:56.678-0800: [DefNew: 314559K->34943K(314560K), 0.0380138 secs] 598292K->393901K(1013632K), 0.0380481 secs] [Times: user=0.03 sys=0.01, real=0.04 secs] 
2020-10-28T21:03:56.746-0800: [GC (Allocation Failure) 2020-10-28T21:03:56.746-0800: [DefNew: 314559K->34943K(314560K), 0.0411644 secs] 673517K->474826K(1013632K), 0.0411980 secs] [Times: user=0.02 sys=0.02, real=0.04 secs] 
2020-10-28T21:03:56.817-0800: [GC (Allocation Failure) 2020-10-28T21:03:56.817-0800: [DefNew: 314559K->34943K(314560K), 0.0398353 secs] 754442K->552460K(1013632K), 0.0398670 secs] [Times: user=0.03 sys=0.01, real=0.04 secs] 
2020-10-28T21:03:56.886-0800: [GC (Allocation Failure) 2020-10-28T21:03:56.886-0800: [DefNew: 314559K->34943K(314560K), 0.0402261 secs] 832076K->631268K(1013632K), 0.0402581 secs] [Times: user=0.02 sys=0.02, real=0.04 secs] 
2020-10-28T21:03:56.956-0800: [GC (Allocation Failure) 2020-10-28T21:03:56.956-0800: [DefNew: 314559K->34941K(314560K), 0.0425277 secs] 910884K->715354K(1013632K), 0.0425692 secs] [Times: user=0.03 sys=0.01, real=0.04 secs] 
2020-10-28T21:03:57.029-0800: [GC (Allocation Failure) 2020-10-28T21:03:57.029-0800: [DefNew: 314557K->314557K(314560K), 0.0000154 secs]2020-10-28T21:03:57.029-0800: [Tenured: 680413K->393288K(699072K), 0.0474759 secs] 994970K->393288K(1013632K), [Metaspace: 2719K->2719K(1056768K)], 0.0475362 secs] [Times: user=0.05 sys=0.00, real=0.05 secs] 
2020-10-28T21:03:57.106-0800: [GC (Allocation Failure) 2020-10-28T21:03:57.106-0800: [DefNew: 279552K->34943K(314560K), 0.0107335 secs] 672841K->475958K(1013632K), 0.0107653 secs] [Times: user=0.01 sys=0.00, real=0.01 secs] 
2020-10-28T21:03:57.147-0800: [GC (Allocation Failure) 2020-10-28T21:03:57.147-0800: [DefNew: 314559K->34943K(314560K), 0.0156481 secs] 755574K->560016K(1013632K), 0.0156846 secs] [Times: user=0.02 sys=0.00, real=0.02 secs] 
2020-10-28T21:03:57.193-0800: [GC (Allocation Failure) 2020-10-28T21:03:57.193-0800: [DefNew: 314559K->34943K(314560K), 0.0142592 secs] 839632K->635051K(1013632K), 0.0142936 secs] [Times: user=0.01 sys=0.00, real=0.01 secs] 
2020-10-28T21:03:57.237-0800: [GC (Allocation Failure) 2020-10-28T21:03:57.237-0800: [DefNew: 314559K->34943K(314560K), 0.0160739 secs] 914667K->716629K(1013632K), 0.0161040 secs] [Times: user=0.02 sys=0.00, real=0.02 secs] 
执行结束!共生成对象次数:14717
Heap
 def new generation   total 314560K, used 46305K [0x0000000780000000, 0x0000000795550000, 0x0000000795550000)
  eden space 279616K,   4% used [0x0000000780000000, 0x0000000780b188c8, 0x0000000791110000)
  from space 34944K,  99% used [0x0000000793330000, 0x000000079554fce0, 0x0000000795550000)
  to   space 34944K,   0% used [0x0000000791110000, 0x0000000791110000, 0x0000000793330000)
 tenured generation   total 699072K, used 681686K [0x0000000795550000, 0x00000007c0000000, 0x00000007c0000000)
   the space 699072K,  97% used [0x0000000795550000, 0x00000007bef05940, 0x00000007bef05a00, 0x00000007c0000000)
 Metaspace       used 2726K, capacity 4486K, committed 4864K, reserved 1056768K
  class space    used 296K, capacity 386K, committed 512K, reserved 1048576K

`


##### 并行GC
java -XX:+UseParallelGC  -Xmx1g -Xms1g  -XX:+PrintGCDetails -XX:+PrintGCDateStamps GCLogAnalysis

`正在执行
2020-10-28T21:04:56.625-0800: [GC (Allocation Failure) [PSYoungGen: 262144K->43512K(305664K)] 262144K->88326K(1005056K), 0.0214498 secs] [Times: user=0.03 sys=0.06, real=0.02 secs] 
2020-10-28T21:04:56.679-0800: [GC (Allocation Failure) [PSYoungGen: 305656K->43507K(305664K)] 350470K->165485K(1005056K), 0.0291226 secs] [Times: user=0.04 sys=0.07, real=0.03 secs] 
2020-10-28T21:04:56.738-0800: [GC (Allocation Failure) [PSYoungGen: 305170K->43513K(305664K)] 427148K->242219K(1005056K), 0.0237767 secs] [Times: user=0.04 sys=0.05, real=0.03 secs] 
2020-10-28T21:04:56.789-0800: [GC (Allocation Failure) [PSYoungGen: 305657K->43518K(305664K)] 504363K->314637K(1005056K), 0.0231524 secs] [Times: user=0.05 sys=0.04, real=0.03 secs] 
2020-10-28T21:04:56.840-0800: [GC (Allocation Failure) [PSYoungGen: 305662K->43509K(305664K)] 576781K->387513K(1005056K), 0.0235561 secs] [Times: user=0.04 sys=0.05, real=0.02 secs] 
2020-10-28T21:04:56.892-0800: [GC (Allocation Failure) [PSYoungGen: 305653K->43504K(160256K)] 649657K->462495K(859648K), 0.0239615 secs] [Times: user=0.05 sys=0.04, real=0.02 secs] 
2020-10-28T21:04:56.929-0800: [GC (Allocation Failure) [PSYoungGen: 160240K->71911K(232960K)] 579231K->498235K(932352K), 0.0103759 secs] [Times: user=0.03 sys=0.01, real=0.02 secs] 
2020-10-28T21:04:56.953-0800: [GC (Allocation Failure) [PSYoungGen: 188486K->91825K(232960K)] 614809K->530672K(932352K), 0.0144281 secs] [Times: user=0.04 sys=0.00, real=0.01 secs] 
2020-10-28T21:04:56.981-0800: [GC (Allocation Failure) [PSYoungGen: 208561K->111334K(232960K)] 647408K->566524K(932352K), 0.0168709 secs] [Times: user=0.06 sys=0.01, real=0.01 secs] 
2020-10-28T21:04:57.012-0800: [GC (Allocation Failure) [PSYoungGen: 228070K->75450K(232960K)] 683260K->592133K(932352K), 0.0214251 secs] [Times: user=0.05 sys=0.04, real=0.02 secs] 
2020-10-28T21:04:57.046-0800: [GC (Allocation Failure) [PSYoungGen: 192186K->38355K(232960K)] 708869K->621703K(932352K), 0.0204650 secs] [Times: user=0.03 sys=0.04, real=0.02 secs] 
2020-10-28T21:04:57.080-0800: [GC (Allocation Failure) [PSYoungGen: 155001K->34091K(232960K)] 738349K->653195K(932352K), 0.0122397 secs] [Times: user=0.02 sys=0.02, real=0.01 secs] 
2020-10-28T21:04:57.092-0800: [Full GC (Ergonomics) [PSYoungGen: 34091K->0K(232960K)] [ParOldGen: 619104K->338205K(699392K)] 653195K->338205K(932352K), [Metaspace: 2719K->2719K(1056768K)], 0.0498569 secs] [Times: user=0.16 sys=0.01, real=0.05 secs] 
2020-10-28T21:04:57.154-0800: [GC (Allocation Failure) [PSYoungGen: 116628K->39109K(232960K)] 454834K->377315K(932352K), 0.0052167 secs] [Times: user=0.02 sys=0.00, real=0.00 secs] 
2020-10-28T21:04:57.173-0800: [GC (Allocation Failure) [PSYoungGen: 155845K->36727K(232960K)] 494051K->409459K(932352K), 0.0092360 secs] [Times: user=0.03 sys=0.00, real=0.01 secs] 
2020-10-28T21:04:57.196-0800: [GC (Allocation Failure) [PSYoungGen: 153463K->38101K(232960K)] 526195K->441428K(932352K), 0.0085498 secs] [Times: user=0.03 sys=0.00, real=0.01 secs] 
2020-10-28T21:04:57.217-0800: [GC (Allocation Failure) [PSYoungGen: 154837K->39501K(232960K)] 558164K->477990K(932352K), 0.0105022 secs] [Times: user=0.03 sys=0.00, real=0.01 secs] 
2020-10-28T21:04:57.239-0800: [GC (Allocation Failure) [PSYoungGen: 156237K->38630K(232960K)] 594726K->511040K(932352K), 0.0090416 secs] [Times: user=0.04 sys=0.00, real=0.01 secs] 
2020-10-28T21:04:57.262-0800: [GC (Allocation Failure) [PSYoungGen: 154661K->33313K(232960K)] 627070K->540666K(932352K), 0.0085025 secs] [Times: user=0.03 sys=0.00, real=0.01 secs] 
2020-10-28T21:04:57.284-0800: [GC (Allocation Failure) [PSYoungGen: 150049K->39729K(232960K)] 657402K->576322K(932352K), 0.0087130 secs] [Times: user=0.03 sys=0.00, real=0.01 secs] 
2020-10-28T21:04:57.306-0800: [GC (Allocation Failure) [PSYoungGen: 156465K->37442K(232960K)] 693058K->610864K(932352K), 0.0104454 secs] [Times: user=0.04 sys=0.00, real=0.01 secs] 
2020-10-28T21:04:57.329-0800: [GC (Allocation Failure) [PSYoungGen: 154178K->37771K(232960K)] 727600K->643378K(932352K), 0.0091240 secs] [Times: user=0.04 sys=0.00, real=0.01 secs] 
2020-10-28T21:04:57.353-0800: [GC (Allocation Failure) [PSYoungGen: 154507K->32520K(232960K)] 760114K->669917K(932352K), 0.0106874 secs] [Times: user=0.03 sys=0.01, real=0.01 secs] 
2020-10-28T21:04:57.363-0800: [Full GC (Ergonomics) [PSYoungGen: 32520K->0K(232960K)] [ParOldGen: 637397K->343766K(699392K)] 669917K->343766K(932352K), [Metaspace: 2720K->2720K(1056768K)], 0.0434440 secs] [Times: user=0.16 sys=0.00, real=0.04 secs] 
2020-10-28T21:04:57.421-0800: [GC (Allocation Failure) [PSYoungGen: 116736K->39923K(232960K)] 460502K->383690K(932352K), 0.0052668 secs] [Times: user=0.02 sys=0.01, real=0.00 secs] 
2020-10-28T21:04:57.440-0800: [GC (Allocation Failure) [PSYoungGen: 156659K->38583K(232960K)] 500426K->418668K(932352K), 0.0095036 secs] [Times: user=0.03 sys=0.00, real=0.00 secs] 
2020-10-28T21:04:57.463-0800: [GC (Allocation Failure) [PSYoungGen: 155319K->38413K(232960K)] 535404K->454013K(932352K), 0.0091825 secs] [Times: user=0.03 sys=0.00, real=0.01 secs] 
2020-10-28T21:04:57.486-0800: [GC (Allocation Failure) [PSYoungGen: 155149K->33095K(233472K)] 570749K->481080K(932864K), 0.0084214 secs] [Times: user=0.03 sys=0.00, real=0.01 secs] 
执行结束!共生成对象次数:15225
Heap
 PSYoungGen      total 233472K, used 112006K [0x00000007aab00000, 0x00000007c0000000, 0x00000007c0000000)
  eden space 117248K, 67% used [0x00000007aab00000,0x00000007af80fcc0,0x00000007b1d80000)
  from space 116224K, 28% used [0x00000007b8e80000,0x00000007baed1d70,0x00000007c0000000)
  to   space 115712K, 0% used [0x00000007b1d80000,0x00000007b1d80000,0x00000007b8e80000)
 ParOldGen       total 699392K, used 447985K [0x0000000780000000, 0x00000007aab00000, 0x00000007aab00000)
  object space 699392K, 64% used [0x0000000780000000,0x000000079b57c510,0x00000007aab00000)
 Metaspace       used 2726K, capacity 4486K, committed 4864K, reserved 1056768K
  class space    used 296K, capacity 386K, committed 512K, reserved 1048576K
`


##### CMS GC
java -XX:+UseConcMarkSweepGC  -Xmx1g -Xms1g  -XX:+PrintGCDetails -XX:+PrintGCDateStamps GCLogAnalysis

`
正在执行
2020-10-28T21:02:05.589-0800: [GC (Allocation Failure) 2020-10-28T21:02:05.589-0800: [ParNew: 272640K->34048K(306688K), 0.0234618 secs] 272640K->91246K(1014528K), 0.0235059 secs] [Times: user=0.03 sys=0.06, real=0.03 secs] 
2020-10-28T21:02:05.648-0800: [GC (Allocation Failure) 2020-10-28T21:02:05.648-0800: [ParNew: 306688K->34048K(306688K), 0.0270534 secs] 363886K->171552K(1014528K), 0.0270899 secs] [Times: user=0.04 sys=0.06, real=0.03 secs] 
2020-10-28T21:02:05.709-0800: [GC (Allocation Failure) 2020-10-28T21:02:05.709-0800: [ParNew: 306688K->34046K(306688K), 0.0324432 secs] 444192K->242814K(1014528K), 0.0324779 secs] [Times: user=0.11 sys=0.01, real=0.04 secs] 
2020-10-28T21:02:05.771-0800: [GC (Allocation Failure) 2020-10-28T21:02:05.771-0800: [ParNew: 306686K->34048K(306688K), 0.0366691 secs] 515454K->322777K(1014528K), 0.0367055 secs] [Times: user=0.13 sys=0.01, real=0.03 secs] 
2020-10-28T21:02:05.838-0800: [GC (Allocation Failure) 2020-10-28T21:02:05.838-0800: [ParNew: 306688K->34048K(306688K), 0.0361333 secs] 595417K->397678K(1014528K), 0.0361685 secs] [Times: user=0.12 sys=0.02, real=0.04 secs] 
2020-10-28T21:02:05.874-0800: [GC (CMS Initial Mark) [1 CMS-initial-mark: 363630K(707840K)] 397930K(1014528K), 0.0001612 secs] [Times: user=0.00 sys=0.00, real=0.00 secs] 
2020-10-28T21:02:05.874-0800: [CMS-concurrent-mark-start]
2020-10-28T21:02:05.882-0800: [CMS-concurrent-mark: 0.007/0.007 secs] [Times: user=0.01 sys=0.00, real=0.01 secs] 
2020-10-28T21:02:05.882-0800: [CMS-concurrent-preclean-start]
2020-10-28T21:02:05.883-0800: [CMS-concurrent-preclean: 0.001/0.001 secs] [Times: user=0.00 sys=0.00, real=0.00 secs] 
2020-10-28T21:02:05.883-0800: [CMS-concurrent-abortable-preclean-start]
2020-10-28T21:02:05.904-0800: [GC (Allocation Failure) 2020-10-28T21:02:05.904-0800: [ParNew: 306688K->34048K(306688K), 0.0376968 secs] 670318K->477915K(1014528K), 0.0377304 secs] [Times: user=0.13 sys=0.02, real=0.04 secs] 
2020-10-28T21:02:05.970-0800: [GC (Allocation Failure) 2020-10-28T21:02:05.970-0800: [ParNew: 306688K->34048K(306688K), 0.0401937 secs] 750555K->558580K(1014528K), 0.0402292 secs] [Times: user=0.14 sys=0.02, real=0.04 secs] 
2020-10-28T21:02:06.039-0800: [GC (Allocation Failure) 2020-10-28T21:02:06.039-0800: [ParNew: 306688K->34048K(306688K), 0.0396317 secs] 831220K->642231K(1014528K), 0.0396664 secs] [Times: user=0.13 sys=0.02, real=0.04 secs] 
2020-10-28T21:02:06.107-0800: [GC (Allocation Failure) 2020-10-28T21:02:06.107-0800: [ParNew: 306688K->34048K(306688K), 0.0383778 secs] 914871K->717516K(1014528K), 0.0384128 secs] [Times: user=0.13 sys=0.01, real=0.04 secs] 
2020-10-28T21:02:06.145-0800: [CMS-concurrent-abortable-preclean: 0.008/0.262 secs] [Times: user=0.64 sys=0.07, real=0.26 secs] 
2020-10-28T21:02:06.145-0800: [GC (CMS Final Remark) [YG occupancy: 34072 K (306688 K)]2020-10-28T21:02:06.145-0800: [Rescan (parallel) , 0.0004865 secs]2020-10-28T21:02:06.146-0800: [weak refs processing, 0.0000132 secs]2020-10-28T21:02:06.146-0800: [class unloading, 0.0002326 secs]2020-10-28T21:02:06.146-0800: [scrub symbol table, 0.0002495 secs]2020-10-28T21:02:06.146-0800: [scrub string table, 0.0001513 secs][1 CMS-remark: 683468K(707840K)] 717541K(1014528K), 0.0011877 secs] [Times: user=0.00 sys=0.00, real=0.00 secs] 
2020-10-28T21:02:06.147-0800: [CMS-concurrent-sweep-start]
2020-10-28T21:02:06.148-0800: [CMS-concurrent-sweep: 0.001/0.001 secs] [Times: user=0.01 sys=0.00, real=0.00 secs] 
2020-10-28T21:02:06.148-0800: [CMS-concurrent-reset-start]
2020-10-28T21:02:06.149-0800: [CMS-concurrent-reset: 0.001/0.001 secs] [Times: user=0.00 sys=0.00, real=0.00 secs] 
2020-10-28T21:02:06.175-0800: [GC (Allocation Failure) 2020-10-28T21:02:06.175-0800: [ParNew: 306688K->34048K(306688K), 0.0155459 secs] 857615K->660597K(1014528K), 0.0155808 secs] [Times: user=0.05 sys=0.00, real=0.02 secs] 
2020-10-28T21:02:06.191-0800: [GC (CMS Initial Mark) [1 CMS-initial-mark: 626549K(707840K)] 660679K(1014528K), 0.0001323 secs] [Times: user=0.00 sys=0.00, real=0.00 secs] 
2020-10-28T21:02:06.191-0800: [CMS-concurrent-mark-start]
2020-10-28T21:02:06.194-0800: [CMS-concurrent-mark: 0.003/0.003 secs] [Times: user=0.00 sys=0.00, real=0.00 secs] 
2020-10-28T21:02:06.194-0800: [CMS-concurrent-preclean-start]
2020-10-28T21:02:06.195-0800: [CMS-concurrent-preclean: 0.001/0.001 secs] [Times: user=0.01 sys=0.00, real=0.00 secs] 
2020-10-28T21:02:06.195-0800: [CMS-concurrent-abortable-preclean-start]
2020-10-28T21:02:06.221-0800: [GC (Allocation Failure) 2020-10-28T21:02:06.221-0800: [ParNew: 306688K->306688K(306688K), 0.0000184 secs]2020-10-28T21:02:06.221-0800: [CMS2020-10-28T21:02:06.221-0800: [CMS-concurrent-abortable-preclean: 0.001/0.025 secs] [Times: user=0.03 sys=0.00, real=0.03 secs] 
 (concurrent mode failure): 626549K->361569K(707840K), 0.0482096 secs] 933237K->361569K(1014528K), [Metaspace: 2720K->2720K(1056768K)], 0.0482792 secs] [Times: user=0.04 sys=0.00, real=0.04 secs] 
2020-10-28T21:02:06.298-0800: [GC (Allocation Failure) 2020-10-28T21:02:06.298-0800: [ParNew: 272640K->34048K(306688K), 0.0126576 secs] 634209K->453919K(1014528K), 0.0126916 secs] [Times: user=0.05 sys=0.01, real=0.02 secs] 
2020-10-28T21:02:06.311-0800: [GC (CMS Initial Mark) [1 CMS-initial-mark: 419871K(707840K)] 459600K(1014528K), 0.0001188 secs] [Times: user=0.00 sys=0.00, real=0.00 secs] 
2020-10-28T21:02:06.311-0800: [CMS-concurrent-mark-start]
2020-10-28T21:02:06.315-0800: [CMS-concurrent-mark: 0.003/0.003 secs] [Times: user=0.01 sys=0.00, real=0.00 secs] 
2020-10-28T21:02:06.315-0800: [CMS-concurrent-preclean-start]
2020-10-28T21:02:06.316-0800: [CMS-concurrent-preclean: 0.001/0.001 secs] [Times: user=0.00 sys=0.00, real=0.00 secs] 
2020-10-28T21:02:06.316-0800: [CMS-concurrent-abortable-preclean-start]
2020-10-28T21:02:06.341-0800: [GC (Allocation Failure) 2020-10-28T21:02:06.341-0800: [ParNew: 306688K->34048K(306688K), 0.0152452 secs] 726559K->531878K(1014528K), 0.0152783 secs] [Times: user=0.05 sys=0.00, real=0.01 secs] 
2020-10-28T21:02:06.385-0800: [GC (Allocation Failure) 2020-10-28T21:02:06.385-0800: [ParNew: 306688K->34048K(306688K), 0.0167871 secs] 804518K->623241K(1014528K), 0.0168227 secs] [Times: user=0.06 sys=0.00, real=0.02 secs] 
2020-10-28T21:02:06.431-0800: [GC (Allocation Failure) 2020-10-28T21:02:06.431-0800: [ParNew: 306688K->34048K(306688K), 0.0146000 secs] 895881K->698811K(1014528K), 0.0146343 secs] [Times: user=0.06 sys=0.00, real=0.01 secs] 
2020-10-28T21:02:06.447-0800: [CMS-concurrent-abortable-preclean: 0.007/0.131 secs] [Times: user=0.26 sys=0.00, real=0.13 secs] 
2020-10-28T21:02:06.447-0800: [GC (CMS Final Remark) [YG occupancy: 45292 K (306688 K)]2020-10-28T21:02:06.447-0800: [Rescan (parallel) , 0.0006264 secs]2020-10-28T21:02:06.448-0800: [weak refs processing, 0.0000224 secs]2020-10-28T21:02:06.448-0800: [class unloading, 0.0003262 secs]2020-10-28T21:02:06.448-0800: [scrub symbol table, 0.0002409 secs]2020-10-28T21:02:06.448-0800: [scrub string table, 0.0001512 secs][1 CMS-remark: 664763K(707840K)] 710056K(1014528K), 0.0014480 secs] [Times: user=0.00 sys=0.00, real=0.00 secs] 
2020-10-28T21:02:06.448-0800: [CMS-concurrent-sweep-start]
2020-10-28T21:02:06.450-0800: [CMS-concurrent-sweep: 0.001/0.001 secs] [Times: user=0.00 sys=0.00, real=0.01 secs] 
2020-10-28T21:02:06.450-0800: [CMS-concurrent-reset-start]
2020-10-28T21:02:06.451-0800: [CMS-concurrent-reset: 0.001/0.001 secs] [Times: user=0.00 sys=0.00, real=0.00 secs] 
执行结束!共生成对象次数:15877
Heap
 par new generation   total 306688K, used 167511K [0x0000000780000000, 0x0000000794cc0000, 0x0000000794cc0000)
  eden space 272640K,  48% used [0x0000000780000000, 0x0000000788255cb8, 0x0000000790a40000)
  from space 34048K, 100% used [0x0000000790a40000, 0x0000000792b80000, 0x0000000792b80000)
  to   space 34048K,   0% used [0x0000000792b80000, 0x0000000792b80000, 0x0000000794cc0000)
 concurrent mark-sweep generation total 707840K, used 578447K [0x0000000794cc0000, 0x00000007c0000000, 0x00000007c0000000)
 Metaspace       used 2726K, capacity 4486K, committed 4864K, reserved 1056768K
  class space    used 296K, capacity 386K, committed 512K, reserved 1048576K
`

##### G1 GC
java -XX:+UseG1GC  -Xmx1g -Xms1g -XX:+PrintGCDetails -XX:+PrintGCDateStamps GCLogAnalysis

`
  2020-10-28T21:11:39.021-0800: [GC pause (G1 Humongous Allocation) (young) (initial-mark), 0.0013599 secs]
   [Parallel Time: 0.9 ms, GC Workers: 4]
      [GC Worker Start (ms): Min: 1054.5, Avg: 1054.6, Max: 1054.6, Diff: 0.1]
      [Ext Root Scanning (ms): Min: 0.1, Avg: 0.1, Max: 0.2, Diff: 0.1, Sum: 0.5]
      [Update RS (ms): Min: 0.1, Avg: 0.1, Max: 0.1, Diff: 0.0, Sum: 0.3]
         [Processed Buffers: Min: 1, Avg: 1.2, Max: 2, Diff: 1, Sum: 5]
      [Scan RS (ms): Min: 0.0, Avg: 0.0, Max: 0.0, Diff: 0.0, Sum: 0.0]
      [Code Root Scanning (ms): Min: 0.0, Avg: 0.0, Max: 0.0, Diff: 0.0, Sum: 0.0]
      [Object Copy (ms): Min: 0.6, Avg: 0.6, Max: 0.7, Diff: 0.1, Sum: 2.4]
      [Termination (ms): Min: 0.0, Avg: 0.0, Max: 0.0, Diff: 0.0, Sum: 0.1]
         [Termination Attempts: Min: 1, Avg: 1.0, Max: 1, Diff: 0, Sum: 4]
      [GC Worker Other (ms): Min: 0.0, Avg: 0.0, Max: 0.0, Diff: 0.0, Sum: 0.0]
      [GC Worker Total (ms): Min: 0.8, Avg: 0.9, Max: 0.9, Diff: 0.1, Sum: 3.5]
      [GC Worker End (ms): Min: 1055.4, Avg: 1055.4, Max: 1055.4, Diff: 0.0]
   [Code Root Fixup: 0.0 ms]
   [Code Root Purge: 0.0 ms]
   [Clear CT: 0.1 ms]
   [Other: 0.4 ms]
      [Choose CSet: 0.0 ms]
      [Ref Proc: 0.1 ms]
      [Ref Enq: 0.0 ms]
      [Redirty Cards: 0.0 ms]
      [Humongous Register: 0.1 ms]
      [Humongous Reclaim: 0.0 ms]
      [Free CSet: 0.0 ms]
   [Eden: 1024.0K(177.0M)->0.0B(184.0M) Survivors: 7168.0K->8192.0K Heap: 640.2M(1024.0M)->640.2M(1024.0M)]
 [Times: user=0.01 sys=0.00, real=0.00 secs] 
2020-10-28T21:11:39.023-0800: [GC concurrent-root-region-scan-start]
2020-10-28T21:11:39.023-0800: [GC concurrent-root-region-scan-end, 0.0001025 secs]
2020-10-28T21:11:39.023-0800: [GC concurrent-mark-start]
2020-10-28T21:11:39.025-0800: [GC concurrent-mark-end, 0.0022260 secs]
2020-10-28T21:11:39.025-0800: [GC remark 2020-10-28T21:11:39.025-0800: [Finalize Marking, 0.0002871 secs] 2020-10-28T21:11:39.025-0800: [GC ref-proc, 0.0000239 secs] 2020-10-28T21:11:39.025-0800: [Unloading, 0.0005115 secs], 0.0022208 secs]
 [Times: user=0.01 sys=0.00, real=0.00 secs] 
2020-10-28T21:11:39.027-0800: [GC cleanup 659M->650M(1024M), 0.0006587 secs]
 [Times: user=0.00 sys=0.00, real=0.00 secs] 
2020-10-28T21:11:39.028-0800: [GC concurrent-cleanup-start]
2020-10-28T21:11:39.028-0800: [GC concurrent-cleanup-end, 0.0000181 secs]
执行结束!共生成对象次数:15104
Heap
 garbage-first heap   total 1048576K, used 695696K [0x0000000780000000, 0x0000000780102000, 0x00000007c0000000)
  region size 1024K, 44 young (45056K), 8 survivors (8192K)
 Metaspace       used 2726K, capacity 4486K, committed 4864K, reserved 1056768K
  class space    used 296K, capacity 386K, committed 512K, reserved 1048576K
`



### -Xmx2g -Xms2g
##### 串行GC
java -XX:+UseSerialGC   -Xmx2g -Xms2g  -XX:+PrintGCDetails -XX:+PrintGCDateStamps GCLogAnalysis

`正在执行
2020-10-28T21:12:51.036-0800: [GC (Allocation Failure) 2020-10-28T21:12:51.036-0800: [DefNew: 559232K->69888K(629120K), 0.0731695 secs] 559232K->161637K(2027264K), 0.0732084 secs] [Times: user=0.04 sys=0.03, real=0.07 secs] 
2020-10-28T21:12:51.176-0800: [GC (Allocation Failure) 2020-10-28T21:12:51.176-0800: [DefNew: 629120K->69887K(629120K), 0.0908264 secs] 720869K->285263K(2027264K), 0.0908596 secs] [Times: user=0.05 sys=0.04, real=0.09 secs] 
2020-10-28T21:12:51.324-0800: [GC (Allocation Failure) 2020-10-28T21:12:51.324-0800: [DefNew: 629119K->69887K(629120K), 0.0687556 secs] 844495K->411079K(2027264K), 0.0687888 secs] [Times: user=0.04 sys=0.03, real=0.07 secs] 
2020-10-28T21:12:51.452-0800: [GC (Allocation Failure) 2020-10-28T21:12:51.452-0800: [DefNew: 629119K->69887K(629120K), 0.0686600 secs] 970311K->535248K(2027264K), 0.0686919 secs] [Times: user=0.05 sys=0.03, real=0.07 secs] 
2020-10-28T21:12:51.581-0800: [GC (Allocation Failure) 2020-10-28T21:12:51.581-0800: [DefNew: 629119K->69887K(629120K), 0.0638334 secs] 1094480K->653470K(2027264K), 0.0638680 secs] [Times: user=0.04 sys=0.02, real=0.06 secs] 
2020-10-28T21:12:51.705-0800: [GC (Allocation Failure) 2020-10-28T21:12:51.705-0800: [DefNew: 629119K->69887K(629120K), 0.0679231 secs] 1212702K->780231K(2027264K), 0.0679549 secs] [Times: user=0.04 sys=0.02, real=0.07 secs] 
执行结束!共生成对象次数:13082
Heap
 def new generation   total 629120K, used 206849K [0x0000000740000000, 0x000000076aaa0000, 0x000000076aaa0000)
  eden space 559232K,  24% used [0x0000000740000000, 0x00000007485c0708, 0x0000000762220000)
  from space 69888K,  99% used [0x0000000762220000, 0x000000076665fff0, 0x0000000766660000)
  to   space 69888K,   0% used [0x0000000766660000, 0x0000000766660000, 0x000000076aaa0000)
 tenured generation   total 1398144K, used 710343K [0x000000076aaa0000, 0x00000007c0000000, 0x00000007c0000000)
   the space 1398144K,  50% used [0x000000076aaa0000, 0x0000000796051da0, 0x0000000796051e00, 0x00000007c0000000)
 Metaspace       used 2726K, capacity 4486K, committed 4864K, reserved 1056768K
  class space    used 296K, capacity 386K, committed 512K, reserved 1048576K
`


##### 并行GC
java -XX:+UseParallelGC  -Xmx2g -Xms2g  -XX:+PrintGCDetails -XX:+PrintGCDateStamps GCLogAnalysis

`
正在执行
2020-10-28T21:14:43.331-0800: [GC (Allocation Failure) [PSYoungGen: 524800K->87014K(611840K)] 524800K->142766K(2010112K), 0.0380521 secs] [Times: user=0.05 sys=0.11, real=0.03 secs] 
2020-10-28T21:14:43.431-0800: [GC (Allocation Failure) [PSYoungGen: 611814K->87026K(611840K)] 667566K->253056K(2010112K), 0.0544317 secs] [Times: user=0.06 sys=0.15, real=0.05 secs] 
2020-10-28T21:14:43.541-0800: [GC (Allocation Failure) [PSYoungGen: 611826K->87036K(611840K)] 777856K->367926K(2010112K), 0.0422776 secs] [Times: user=0.07 sys=0.08, real=0.04 secs] 
2020-10-28T21:14:43.641-0800: [GC (Allocation Failure) [PSYoungGen: 611789K->87031K(611840K)] 892678K->485852K(2010112K), 0.0429898 secs] [Times: user=0.08 sys=0.09, real=0.04 secs] 
2020-10-28T21:14:43.738-0800: [GC (Allocation Failure) [PSYoungGen: 611831K->87030K(611840K)] 1010652K->600407K(2010112K), 0.0426543 secs] [Times: user=0.08 sys=0.08, real=0.05 secs] 
2020-10-28T21:14:43.838-0800: [GC (Allocation Failure) [PSYoungGen: 611830K->87033K(322048K)] 1125207K->707112K(1720320K), 0.0410956 secs] [Times: user=0.07 sys=0.08, real=0.04 secs] 
2020-10-28T21:14:43.904-0800: [GC (Allocation Failure) [PSYoungGen: 322041K->143580K(378880K)] 942120K->769398K(1777152K), 0.0192131 secs] [Times: user=0.06 sys=0.01, real=0.02 secs] 
2020-10-28T21:14:43.948-0800: [GC (Allocation Failure) [PSYoungGen: 378588K->172808K(466432K)] 1004406K->815924K(1864704K), 0.0255131 secs] [Times: user=0.07 sys=0.01, real=0.03 secs] 
2020-10-28T21:14:43.998-0800: [GC (Allocation Failure) [PSYoungGen: 406280K->192295K(465920K)] 1049396K->863428K(1864192K), 0.0290357 secs] [Times: user=0.09 sys=0.02, real=0.03 secs] 
2020-10-28T21:14:44.050-0800: [GC (Allocation Failure) [PSYoungGen: 425767K->130800K(463872K)] 1096900K->895194K(1862144K), 0.0380341 secs] [Times: user=0.07 sys=0.06, real=0.03 secs] 
执行结束!共生成对象次数:15829
Heap
 PSYoungGen      total 463872K, used 230296K [0x0000000795580000, 0x00000007c0000000, 0x00000007c0000000)
  eden space 232960K, 42% used [0x0000000795580000,0x000000079b6aa150,0x00000007a3900000)
  from space 230912K, 56% used [0x00000007b1e80000,0x00000007b9e3c1a0,0x00000007c0000000)
  to   space 232960K, 0% used [0x00000007a3900000,0x00000007a3900000,0x00000007b1c80000)
 ParOldGen       total 1398272K, used 764393K [0x0000000740000000, 0x0000000795580000, 0x0000000795580000)
  object space 1398272K, 54% used [0x0000000740000000,0x000000076ea7a778,0x0000000795580000)
 Metaspace       used 2726K, capacity 4486K, committed 4864K, reserved 1056768K
  class space    used 296K, capacity 386K, committed 512K, reserved 1048576K
`


##### CMS GC
java -XX:+UseConcMarkSweepGC  -Xmx2g -Xms2g  -XX:+PrintGCDetails -XX:+PrintGCDateStamps GCLogAnalysis

`
正在执行
2020-10-28T21:15:16.741-0800: [GC (Allocation Failure) 2020-10-28T21:15:16.741-0800: [ParNew: 272640K->34047K(306688K), 0.0234772 secs] 272640K->83747K(2063104K), 0.0235223 secs] [Times: user=0.04 sys=0.06, real=0.02 secs] 
2020-10-28T21:15:16.800-0800: [GC (Allocation Failure) 2020-10-28T21:15:16.800-0800: [ParNew: 306687K->34048K(306688K), 0.0277250 secs] 356387K->161314K(2063104K), 0.0277623 secs] [Times: user=0.05 sys=0.06, real=0.02 secs] 
2020-10-28T21:15:16.860-0800: [GC (Allocation Failure) 2020-10-28T21:15:16.860-0800: [ParNew: 306688K->34046K(306688K), 0.0398451 secs] 433954K->243708K(2063104K), 0.0398813 secs] [Times: user=0.14 sys=0.01, real=0.04 secs] 
2020-10-28T21:15:16.929-0800: [GC (Allocation Failure) 2020-10-28T21:15:16.929-0800: [ParNew: 306686K->34048K(306688K), 0.0394419 secs] 516348K->323865K(2063104K), 0.0394776 secs] [Times: user=0.13 sys=0.02, real=0.04 secs] 
2020-10-28T21:15:16.998-0800: [GC (Allocation Failure) 2020-10-28T21:15:16.998-0800: [ParNew: 306688K->34048K(306688K), 0.0349709 secs] 596505K->393911K(2063104K), 0.0350060 secs] [Times: user=0.11 sys=0.02, real=0.04 secs] 
2020-10-28T21:15:17.061-0800: [GC (Allocation Failure) 2020-10-28T21:15:17.061-0800: [ParNew: 306688K->34048K(306688K), 0.0433576 secs] 666551K->477865K(2063104K), 0.0433936 secs] [Times: user=0.15 sys=0.02, real=0.04 secs] 
2020-10-28T21:15:17.132-0800: [GC (Allocation Failure) 2020-10-28T21:15:17.132-0800: [ParNew: 306688K->34046K(306688K), 0.0413823 secs] 750505K->556232K(2063104K), 0.0414148 secs] [Times: user=0.14 sys=0.02, real=0.04 secs] 
2020-10-28T21:15:17.202-0800: [GC (Allocation Failure) 2020-10-28T21:15:17.202-0800: [ParNew: 306126K->34047K(306688K), 0.0386485 secs] 828312K->631013K(2063104K), 0.0386847 secs] [Times: user=0.13 sys=0.02, real=0.04 secs] 
2020-10-28T21:15:17.269-0800: [GC (Allocation Failure) 2020-10-28T21:15:17.269-0800: [ParNew: 306687K->34047K(306688K), 0.0404406 secs] 903653K->709198K(2063104K), 0.0404763 secs] [Times: user=0.13 sys=0.02, real=0.04 secs] 
2020-10-28T21:15:17.338-0800: [GC (Allocation Failure) 2020-10-28T21:15:17.338-0800: [ParNew: 306687K->34046K(306688K), 0.0392238 secs] 981838K->785438K(2063104K), 0.0392602 secs] [Times: user=0.13 sys=0.02, real=0.04 secs] 
2020-10-28T21:15:17.405-0800: [GC (Allocation Failure) 2020-10-28T21:15:17.405-0800: [ParNew: 306686K->34047K(306688K), 0.0394389 secs] 1058078K->859037K(2063104K), 0.0394736 secs] [Times: user=0.13 sys=0.02, real=0.04 secs] 
2020-10-28T21:15:17.472-0800: [GC (Allocation Failure) 2020-10-28T21:15:17.472-0800: [ParNew: 306687K->34047K(306688K), 0.0425164 secs] 1131677K->941597K(2063104K), 0.0425504 secs] [Times: user=0.14 sys=0.02, real=0.04 secs] 
2020-10-28T21:15:17.515-0800: [GC (CMS Initial Mark) [1 CMS-initial-mark: 907550K(1756416K)] 947334K(2063104K), 0.0001569 secs] [Times: user=0.00 sys=0.00, real=0.00 secs] 
2020-10-28T21:15:17.515-0800: [CMS-concurrent-mark-start]
2020-10-28T21:15:17.533-0800: [CMS-concurrent-mark: 0.018/0.018 secs] [Times: user=0.02 sys=0.01, real=0.02 secs] 
2020-10-28T21:15:17.533-0800: [CMS-concurrent-preclean-start]
2020-10-28T21:15:17.535-0800: [CMS-concurrent-preclean: 0.002/0.002 secs] [Times: user=0.02 sys=0.00, real=0.00 secs] 
2020-10-28T21:15:17.535-0800: [CMS-concurrent-abortable-preclean-start]
2020-10-28T21:15:17.545-0800: [GC (Allocation Failure) 2020-10-28T21:15:17.545-0800: [ParNew: 306687K->34048K(306688K), 0.0395271 secs] 1214237K->1019334K(2063104K), 0.0395610 secs] [Times: user=0.13 sys=0.02, real=0.04 secs] 
2020-10-28T21:15:17.613-0800: [GC (Allocation Failure) 2020-10-28T21:15:17.613-0800: [ParNew: 306688K->34047K(306688K), 0.0401434 secs] 1291974K->1098670K(2063104K), 0.0401790 secs] [Times: user=0.14 sys=0.02, real=0.04 secs] 
执行结束!共生成对象次数:14380
Heap
 par new generation   total 306688K, used 45314K [0x0000000740000000, 0x0000000754cc0000, 0x0000000754cc0000)
  eden space 272640K,   4% used [0x0000000740000000, 0x0000000740b009f8, 0x0000000750a40000)
  from space 34048K,  99% used [0x0000000750a40000, 0x0000000752b7fe90, 0x0000000752b80000)
  to   space 34048K,   0% used [0x0000000752b80000, 0x0000000752b80000, 0x0000000754cc0000)
 concurrent mark-sweep generation total 1756416K, used 1064622K [0x0000000754cc0000, 0x00000007c0000000, 0x00000007c0000000)
 Metaspace       used 2726K, capacity 4486K, committed 4864K, reserved 1056768K
  class space    used 296K, capacity 386K, committed 512K, reserved 1048576K
`


##### G1 GC
java -XX:+UseG1GC  -Xmx2g -Xms2g -XX:+PrintGCDetails -XX:+PrintGCDateStamps GCLogAnalysis

`
2020-10-28T21:15:48.237-0800: [GC pause (G1 Humongous Allocation) (young) (initial-mark), 0.0120437 secs]
   [Parallel Time: 11.2 ms, GC Workers: 4]
      [GC Worker Start (ms): Min: 973.4, Avg: 973.4, Max: 973.4, Diff: 0.1]
      [Ext Root Scanning (ms): Min: 0.1, Avg: 0.1, Max: 0.2, Diff: 0.1, Sum: 0.6]
      [Update RS (ms): Min: 0.3, Avg: 0.4, Max: 0.4, Diff: 0.0, Sum: 1.4]
         [Processed Buffers: Min: 3, Avg: 6.2, Max: 8, Diff: 5, Sum: 25]
      [Scan RS (ms): Min: 0.0, Avg: 0.0, Max: 0.0, Diff: 0.0, Sum: 0.1]
      [Code Root Scanning (ms): Min: 0.0, Avg: 0.0, Max: 0.0, Diff: 0.0, Sum: 0.0]
      [Object Copy (ms): Min: 10.5, Avg: 10.6, Max: 10.6, Diff: 0.1, Sum: 42.3]
      [Termination (ms): Min: 0.0, Avg: 0.1, Max: 0.1, Diff: 0.1, Sum: 0.3]
         [Termination Attempts: Min: 1, Avg: 1.2, Max: 2, Diff: 1, Sum: 5]
      [GC Worker Other (ms): Min: 0.0, Avg: 0.0, Max: 0.0, Diff: 0.0, Sum: 0.0]
      [GC Worker Total (ms): Min: 11.1, Avg: 11.2, Max: 11.2, Diff: 0.1, Sum: 44.7]
      [GC Worker End (ms): Min: 984.6, Avg: 984.6, Max: 984.6, Diff: 0.0]
   [Code Root Fixup: 0.0 ms]
   [Code Root Purge: 0.0 ms]
   [Clear CT: 0.1 ms]
   [Other: 0.7 ms]
      [Choose CSet: 0.0 ms]
      [Ref Proc: 0.1 ms]
      [Ref Enq: 0.0 ms]
      [Redirty Cards: 0.0 ms]
      [Humongous Register: 0.1 ms]
      [Humongous Reclaim: 0.1 ms]
      [Free CSet: 0.1 ms]
   [Eden: 219.0M(463.0M)->0.0B(725.0M) Survivors: 53.0M->62.0M Heap: 1103.8M(2048.0M)->891.7M(2048.0M)]
 [Times: user=0.04 sys=0.00, real=0.01 secs] 
2020-10-28T21:15:48.249-0800: [GC concurrent-root-region-scan-start]
2020-10-28T21:15:48.249-0800: [GC concurrent-root-region-scan-end, 0.0002147 secs]
2020-10-28T21:15:48.249-0800: [GC concurrent-mark-start]
2020-10-28T21:15:48.257-0800: [GC concurrent-mark-end, 0.0078067 secs]
2020-10-28T21:15:48.257-0800: [GC remark 2020-10-28T21:15:48.257-0800: [Finalize Marking, 0.0002367 secs] 2020-10-28T21:15:48.257-0800: [GC ref-proc, 0.0000254 secs] 2020-10-28T21:15:48.257-0800: [Unloading, 0.0004068 secs], 0.0014173 secs]
 [Times: user=0.00 sys=0.00, real=0.00 secs] 
2020-10-28T21:15:48.259-0800: [GC cleanup 952M->728M(2048M), 0.0009751 secs]
 [Times: user=0.00 sys=0.00, real=0.00 secs] 
2020-10-28T21:15:48.260-0800: [GC concurrent-cleanup-start]
2020-10-28T21:15:48.260-0800: [GC concurrent-cleanup-end, 0.0001331 secs]
执行结束!共生成对象次数:15415
Heap
 garbage-first heap   total 2097152K, used 1219011K [0x0000000740000000, 0x0000000740104000, 0x00000007c0000000)
  region size 1024K, 480 young (491520K), 62 survivors (63488K)
 Metaspace       used 2726K, capacity 4486K, committed 4864K, reserved 1056768K
  class space    used 296K, capacity 386K, committed 512K, reserved 1048576K
`



### -Xmx4g -Xms4g
##### 串行GC
java -XX:+UseSerialGC   -Xmx4g -Xms4g  -XX:+PrintGCDetails -XX:+PrintGCDateStamps GCLogAnalysis

`
正在执行
2020-10-28T21:16:36.918-0800: [GC (Allocation Failure) 2020-10-28T21:16:36.918-0800: [DefNew: 1118528K->139776K(1258304K), 0.1173508 secs] 1118528K->246856K(4054528K), 0.1173937 secs] [Times: user=0.07 sys=0.05, real=0.12 secs] 
2020-10-28T21:16:37.165-0800: [GC (Allocation Failure) 2020-10-28T21:16:37.165-0800: [DefNew: 1258304K->139775K(1258304K), 0.1441289 secs] 1365384K->413815K(4054528K), 0.1441625 secs] [Times: user=0.08 sys=0.06, real=0.15 secs] 
执行结束!共生成对象次数:12428
Heap
 def new generation   total 1258304K, used 1222898K [0x00000006c0000000, 0x0000000715550000, 0x0000000715550000)
  eden space 1118528K,  96% used [0x00000006c0000000, 0x00000007021bcce0, 0x0000000704450000)
  from space 139776K,  99% used [0x0000000704450000, 0x000000070cccff08, 0x000000070ccd0000)
  to   space 139776K,   0% used [0x000000070ccd0000, 0x000000070ccd0000, 0x0000000715550000)
 tenured generation   total 2796224K, used 274040K [0x0000000715550000, 0x00000007c0000000, 0x00000007c0000000)
   the space 2796224K,   9% used [0x0000000715550000, 0x00000007260ee040, 0x00000007260ee200, 0x00000007c0000000)
 Metaspace       used 2726K, capacity 4486K, committed 4864K, reserved 1056768K
  class space    used 296K, capacity 386K, committed 512K, reserved 1048576K
`


##### 并行GC
java -XX:+UseParallelGC  -Xmx4g -Xms4g  -XX:+PrintGCDetails -XX:+PrintGCDateStamps GCLogAnalysis

`
正在执行
2020-10-28T21:17:17.830-0800: [GC (Allocation Failure) [PSYoungGen: 1048576K->174589K(1223168K)] 1048576K->222226K(4019712K), 0.0627318 secs] [Times: user=0.07 sys=0.16, real=0.06 secs] 
2020-10-28T21:17:18.018-0800: [GC (Allocation Failure) [PSYoungGen: 1223165K->174585K(1223168K)] 1270802K->349667K(4019712K), 0.0866673 secs] [Times: user=0.09 sys=0.22, real=0.09 secs] 
2020-10-28T21:17:18.218-0800: [GC (Allocation Failure) [PSYoungGen: 1223161K->174591K(1223168K)] 1398243K->475626K(4019712K), 0.0564531 secs] [Times: user=0.12 sys=0.10, real=0.06 secs] 
执行结束!共生成对象次数:14700
Heap
 PSYoungGen      total 1223168K, used 979888K [0x000000076ab00000, 0x00000007c0000000, 0x00000007c0000000)
  eden space 1048576K, 76% used [0x000000076ab00000,0x000000079bd6c700,0x00000007aab00000)
  from space 174592K, 99% used [0x00000007aab00000,0x00000007b557fc00,0x00000007b5580000)
  to   space 174592K, 0% used [0x00000007b5580000,0x00000007b5580000,0x00000007c0000000)
 ParOldGen       total 2796544K, used 301035K [0x00000006c0000000, 0x000000076ab00000, 0x000000076ab00000)
  object space 2796544K, 10% used [0x00000006c0000000,0x00000006d25fae38,0x000000076ab00000)
 Metaspace       used 2726K, capacity 4486K, committed 4864K, reserved 1056768K
  class space    used 296K, capacity 386K, committed 512K, reserved 1048576K
`


##### CMS GC
java -XX:+UseConcMarkSweepGC  -Xmx4g -Xms4g  -XX:+PrintGCDetails -XX:+PrintGCDateStamps GCLogAnalysis

`
正在执行
2020-10-28T21:17:57.101-0800: [GC (Allocation Failure) 2020-10-28T21:17:57.101-0800: [ParNew: 272640K->34048K(306688K), 0.0267982 secs] 272640K->83105K(4160256K), 0.0268431 secs] [Times: user=0.05 sys=0.05, real=0.02 secs] 
2020-10-28T21:17:57.164-0800: [GC (Allocation Failure) 2020-10-28T21:17:57.164-0800: [ParNew: 306452K->34046K(306688K), 0.0298866 secs] 355510K->152158K(4160256K), 0.0299229 secs] [Times: user=0.06 sys=0.05, real=0.03 secs] 
2020-10-28T21:17:57.224-0800: [GC (Allocation Failure) 2020-10-28T21:17:57.224-0800: [ParNew: 306686K->34048K(306688K), 0.0462854 secs] 424798K->234103K(4160256K), 0.0463213 secs] [Times: user=0.16 sys=0.02, real=0.05 secs] 
2020-10-28T21:17:57.299-0800: [GC (Allocation Failure) 2020-10-28T21:17:57.299-0800: [ParNew: 306688K->34047K(306688K), 0.0438020 secs] 506743K->309440K(4160256K), 0.0438371 secs] [Times: user=0.16 sys=0.02, real=0.05 secs] 
2020-10-28T21:17:57.372-0800: [GC (Allocation Failure) 2020-10-28T21:17:57.372-0800: [ParNew: 306687K->34048K(306688K), 0.0470761 secs] 582080K->388511K(4160256K), 0.0471109 secs] [Times: user=0.15 sys=0.02, real=0.04 secs] 
2020-10-28T21:17:57.447-0800: [GC (Allocation Failure) 2020-10-28T21:17:57.447-0800: [ParNew: 306688K->34048K(306688K), 0.0472916 secs] 661151K->467369K(4160256K), 0.0473262 secs] [Times: user=0.16 sys=0.02, real=0.05 secs] 
2020-10-28T21:17:57.523-0800: [GC (Allocation Failure) 2020-10-28T21:17:57.523-0800: [ParNew: 306685K->34048K(306688K), 0.0490747 secs] 740006K->550584K(4160256K), 0.0491100 secs] [Times: user=0.16 sys=0.02, real=0.05 secs] 
2020-10-28T21:17:57.600-0800: [GC (Allocation Failure) 2020-10-28T21:17:57.600-0800: [ParNew: 306688K->34048K(306688K), 0.0506251 secs] 823224K->634497K(4160256K), 0.0506579 secs] [Times: user=0.17 sys=0.02, real=0.05 secs] 
2020-10-28T21:17:57.680-0800: [GC (Allocation Failure) 2020-10-28T21:17:57.680-0800: [ParNew: 306688K->34048K(306688K), 0.0513732 secs] 907137K->720036K(4160256K), 0.0514048 secs] [Times: user=0.18 sys=0.02, real=0.05 secs] 
2020-10-28T21:17:57.759-0800: [GC (Allocation Failure) 2020-10-28T21:17:57.759-0800: [ParNew: 306688K->34048K(306688K), 0.0449123 secs] 992676K->800836K(4160256K), 0.0449441 secs] [Times: user=0.16 sys=0.02, real=0.05 secs] 
2020-10-28T21:17:57.833-0800: [GC (Allocation Failure) 2020-10-28T21:17:57.833-0800: [ParNew: 306688K->34048K(306688K), 0.0494035 secs] 1073476K->887649K(4160256K), 0.0494375 secs] [Times: user=0.17 sys=0.02, real=0.05 secs] 
2020-10-28T21:17:57.911-0800: [GC (Allocation Failure) 2020-10-28T21:17:57.911-0800: [ParNew: 306688K->34048K(306688K), 0.0512261 secs] 1160289K->977585K(4160256K), 0.0512588 secs] [Times: user=0.17 sys=0.02, real=0.05 secs] 
执行结束!共生成对象次数:12784
Heap
 par new generation   total 306688K, used 134390K [0x00000006c0000000, 0x00000006d4cc0000, 0x00000006d4cc0000)
  eden space 272640K,  36% used [0x00000006c0000000, 0x00000006c61fd8a0, 0x00000006d0a40000)
  from space 34048K, 100% used [0x00000006d0a40000, 0x00000006d2b80000, 0x00000006d2b80000)
  to   space 34048K,   0% used [0x00000006d2b80000, 0x00000006d2b80000, 0x00000006d4cc0000)
 concurrent mark-sweep generation total 3853568K, used 943537K [0x00000006d4cc0000, 0x00000007c0000000, 0x00000007c0000000)
 Metaspace       used 2726K, capacity 4486K, committed 4864K, reserved 1056768K
  class space    used 296K, capacity 386K, committed 512K, reserved 1048576K
`


##### G1 GC
java -XX:+UseG1GC  -Xmx4g -Xms4g -XX:+PrintGCDetails -XX:+PrintGCDateStamps GCLogAnalysis

`
 [Times: user=0.05 sys=0.10, real=0.04 secs] 
2020-10-28T21:19:13.625-0800: [GC pause (G1 Evacuation Pause) (young), 0.0419646 secs]
   [Parallel Time: 41.3 ms, GC Workers: 4]
      [GC Worker Start (ms): Min: 1023.5, Avg: 1023.6, Max: 1023.7, Diff: 0.2]
      [Ext Root Scanning (ms): Min: 0.0, Avg: 0.1, Max: 0.2, Diff: 0.2, Sum: 0.5]
      [Update RS (ms): Min: 0.1, Avg: 0.1, Max: 0.2, Diff: 0.1, Sum: 0.5]
         [Processed Buffers: Min: 1, Avg: 1.2, Max: 2, Diff: 1, Sum: 5]
      [Scan RS (ms): Min: 0.0, Avg: 0.0, Max: 0.0, Diff: 0.0, Sum: 0.1]
      [Code Root Scanning (ms): Min: 0.0, Avg: 0.0, Max: 0.0, Diff: 0.0, Sum: 0.0]
      [Object Copy (ms): Min: 40.9, Avg: 40.9, Max: 40.9, Diff: 0.1, Sum: 163.6]
      [Termination (ms): Min: 0.0, Avg: 0.0, Max: 0.1, Diff: 0.1, Sum: 0.1]
         [Termination Attempts: Min: 1, Avg: 1.0, Max: 1, Diff: 0, Sum: 4]
      [GC Worker Other (ms): Min: 0.0, Avg: 0.0, Max: 0.0, Diff: 0.0, Sum: 0.0]
      [GC Worker Total (ms): Min: 41.1, Avg: 41.2, Max: 41.3, Diff: 0.1, Sum: 164.9]
      [GC Worker End (ms): Min: 1064.8, Avg: 1064.8, Max: 1064.8, Diff: 0.0]
   [Code Root Fixup: 0.0 ms]
   [Code Root Purge: 0.0 ms]
   [Clear CT: 0.1 ms]
   [Other: 0.5 ms]
      [Choose CSet: 0.0 ms]
      [Ref Proc: 0.2 ms]
      [Ref Enq: 0.0 ms]
      [Redirty Cards: 0.0 ms]
      [Humongous Register: 0.1 ms]
      [Humongous Reclaim: 0.0 ms]
      [Free CSet: 0.1 ms]
   [Eden: 514.0M(514.0M)->0.0B(812.0M) Survivors: 64.0M->74.0M Heap: 1639.9M(4096.0M)->1259.9M(4096.0M)]
 [Times: user=0.06 sys=0.10, real=0.04 secs] 
执行结束!共生成对象次数:15529
Heap
 garbage-first heap   total 4194304K, used 1363872K [0x00000006c0000000, 0x00000006c0204000, 0x00000007c0000000)
  region size 2048K, 74 young (151552K), 37 survivors (75776K)
 Metaspace       used 2726K, capacity 4486K, committed 4864K, reserved 1056768K
  class space    used 296K, capacity 386K, committed 512K, reserved 1048576K
`

